Archive member included because of file (symbol)

obj_cooja/mtype644.a(rimeaddr.o)
                              obj_cooja/mtype644.o (rimeaddr_node_addr)
obj_cooja/mtype644.a(rime.o)  obj_cooja/mtype644.o (rime_driver)
obj_cooja/mtype644.a(rimestats.o)
                              obj_cooja/mtype644.a(rime.o) (rimestats)
obj_cooja/mtype644.a(announcement.o)
                              obj_cooja/mtype644.a(rime.o) (announcement_init)
obj_cooja/mtype644.a(broadcast-annou)
                              obj_cooja/mtype644.a(rime.o) (broadcast_announcement_init)
obj_cooja/mtype644.a(broadcast.o)
                              obj_cooja/mtype644.a(broadcast-annou) (broadcast_open)
obj_cooja/mtype644.a(unicast.o)
                              app.co (unicast_open)
obj_cooja/mtype644.a(abc.o)   obj_cooja/mtype644.a(broadcast.o) (abc_open)
obj_cooja/mtype644.a(chameleon.o)
                              obj_cooja/mtype644.a(rime.o) (chameleon_init)
obj_cooja/mtype644.a(channel.o)
                              obj_cooja/mtype644.a(chameleon.o) (channel_init)
obj_cooja/mtype644.a(chameleon-bitop)
                              obj_cooja/mtype644.a(chameleon.o) (chameleon_bitopt)
obj_cooja/mtype644.a(nullmac.o)
                              obj_cooja/mtype644.o (nullmac_driver)
obj_cooja/mtype644.a(birdmac.o)
                              obj_cooja/mtype644.o (birdmac_driver)
obj_cooja/mtype644.a(process.o)
                              obj_cooja/mtype644.o (process_start)
obj_cooja/mtype644.a(autostart.o)
                              obj_cooja/mtype644.o (autostart_start)
obj_cooja/mtype644.a(serial-line.o)
                              obj_cooja/mtype644.o (serial_line_init)
obj_cooja/mtype644.a(list.o)  obj_cooja/mtype644.a(announcement.o) (list_init)
obj_cooja/mtype644.a(etimer.o)
                              obj_cooja/mtype644.o (etimer_process)
obj_cooja/mtype644.a(ctimer.o)
                              obj_cooja/mtype644.o (ctimer_init)
obj_cooja/mtype644.a(energest.o)
                              obj_cooja/birdtrace.o (energest_type_time)
obj_cooja/mtype644.a(random.o)
                              obj_cooja/mtype644.a(birdmac.o) (random_init)
obj_cooja/mtype644.a(ringbuf.o)
                              obj_cooja/mtype644.a(serial-line.o) (ringbuf_init)
obj_cooja/mtype644.a(netstack.o)
                              obj_cooja/mtype644.o (netstack_init)
obj_cooja/mtype644.a(packetbuf.o)
                              obj_cooja/mtype644.a(chameleon.o) (packetbuf_attrs)
obj_cooja/mtype644.a(queuebuf.o)
                              obj_cooja/mtype644.o (queuebuf_init)
obj_cooja/mtype644.a(simEnvChange.o)
                              obj_cooja/mtype644.o (simDontFallAsleep)
obj_cooja/mtype644.a(cooja_mt.o)
                              obj_cooja/mtype644.o (cooja_mt_start)
obj_cooja/mtype644.a(cooja_mtarch.o)
                              obj_cooja/mtype644.a(cooja_mt.o) (cooja_mtarch_init)
obj_cooja/mtype644.a(rtimer-arch.o)
                              obj_cooja/mtype644.o (rtimer_arch_next)
obj_cooja/mtype644.a(beep.o)  obj_cooja/mtype644.o (beep_interface)
obj_cooja/mtype644.a(button-sensor.o)
                              obj_cooja/mtype644.o (button_interface)
obj_cooja/mtype644.a(leds-arch.o)
                              obj_cooja/mtype644.o (leds_interface)
obj_cooja/mtype644.a(moteid.o)
                              obj_cooja/mtype644.o (moteid_interface)
obj_cooja/mtype644.a(pir-sensor.o)
                              obj_cooja/mtype644.o (pir_interface)
obj_cooja/mtype644.a(rs232.o)
                              obj_cooja/mtype644.o (rs232_interface)
obj_cooja/mtype644.a(vib-sensor.o)
                              obj_cooja/mtype644.o (vib_interface)
obj_cooja/mtype644.a(clock.o)
                              obj_cooja/mtype644.o (clock_interface)
obj_cooja/mtype644.a(log.o)   obj_cooja/mtype644.o (simlog_interface)
obj_cooja/mtype644.a(cfs-cooja.o)
                              obj_cooja/mtype644.o (cfs_interface)
obj_cooja/mtype644.a(cooja-radio.o)
                              obj_cooja/mtype644.o (radio_interface)
obj_cooja/mtype644.a(sensors.o)
                              obj_cooja/mtype644.o (sensors_process)
obj_cooja/mtype644.a(leds.o)  obj_cooja/mtype644.a(birdmac.o) (leds_on)
obj_cooja/mtype644.a(framer-nullmac.)
                              obj_cooja/mtype644.a(birdmac.o) (framer_nullmac)
obj_cooja/mtype644.a(memb.o)  obj_cooja/mtype644.a(queuebuf.o) (memb_init)
obj_cooja/mtype644.a(timer.o)
                              obj_cooja/mtype644.a(etimer.o) (timer_set)
obj_cooja/mtype644.a(rtimer.o)
                              obj_cooja/mtype644.a(rtimer-arch.o) (rtimer_run_next)

Allocating common symbols
Common symbol       size              file

simButtonIsActive   0x1               obj_cooja/mtype644.a(button-sensor.o)
simButtonIsDown     0x1               obj_cooja/mtype644.a(button-sensor.o)
simOutDataBuffer    0x80              obj_cooja/mtype644.a(cooja-radio.o)
[...]
Memory Configuration

Name             Origin             Length             Attributes
*default*        0x0000000000000000 0xffffffffffffffff

Linker script and memory map

LOAD /usr/lib/gcc/i686-linux-gnu/4.6/../../../i386-linux-gnu/crti.o
LOAD /usr/lib/gcc/i686-linux-gnu/4.6/crtbeginS.o
LOAD app.co
LOAD obj_cooja/mtype644.o
LOAD obj_cooja/dclock.o
LOAD obj_cooja/birdlog.o
LOAD obj_cooja/birddata.o
LOAD obj_cooja/birdtrace.o
LOAD obj_cooja/mtype644.a
LOAD /usr/lib/gcc/i686-linux-gnu/4.6/libgcc.a
LOAD /usr/lib/gcc/i686-linux-gnu/4.6/libgcc_s.so
LOAD /usr/lib/gcc/i686-linux-gnu/4.6/../../../i386-linux-gnu/libc.so
START GROUP
LOAD /lib/i386-linux-gnu/libc.so.6
LOAD /usr/lib/i386-linux-gnu/libc_nonshared.a
LOAD /lib/i386-linux-gnu/ld-linux.so.2
END GROUP
LOAD /usr/lib/gcc/i686-linux-gnu/4.6/libgcc.a
LOAD /usr/lib/gcc/i686-linux-gnu/4.6/libgcc_s.so
LOAD /usr/lib/gcc/i686-linux-gnu/4.6/crtendS.o
LOAD /usr/lib/gcc/i686-linux-gnu/4.6/../../../i386-linux-gnu/crtn.o
                0x0000000000000114                . = (0x0 + SIZEOF_HEADERS)

.note.gnu.build-id
                0x0000000000000114       0x24
 *(.note.gnu.build-id)
 .note.gnu.build-id
                0x0000000000000114       0x24 /usr/lib/gcc/i686-linux-gnu/4.6/../../../i386-linux-gnu/crti.o

.hash
 *(.hash)

.gnu.hash       0x0000000000000138      0xacc
 *(.gnu.hash)
 .gnu.hash      0x0000000000000138      0xacc /usr/lib/gcc/i686-linux-gnu/4.6/../../../i386-linux-gnu/crti.o

.dynsym         0x0000000000000c04     0x1770
 *(.dynsym)
 .dynsym        0x0000000000000c04     0x1770 /usr/lib/gcc/i686-linux-gnu/4.6/../../../i386-linux-gnu/crti.o

.dynstr         0x0000000000002374     0x1669
 *(.dynstr)
 .dynstr        0x0000000000002374     0x1669 /usr/lib/gcc/i686-linux-gnu/4.6/../../../i386-linux-gnu/crti.o

.gnu.version    0x00000000000039de      0x2ee
 *(.gnu.version)
 .gnu.version   0x00000000000039de      0x2ee /usr/lib/gcc/i686-linux-gnu/4.6/../../../i386-linux-gnu/crti.o

.gnu.version_d  0x0000000000003ccc        0x0
 *(.gnu.version_d)
 .gnu.version_d
                0x0000000000000000        0x0 /usr/lib/gcc/i686-linux-gnu/4.6/../../../i386-linux-gnu/crti.o

.gnu.version_r  0x0000000000003ccc       0x40
 *(.gnu.version_r)
 .gnu.version_r
                0x0000000000003ccc       0x40 /usr/lib/gcc/i686-linux-gnu/4.6/../../../i386-linux-gnu/crti.o

.rel.dyn        0x0000000000003d0c     0x3da0
 *(.rel.init)
 *(.rel.text .rel.text.* .rel.gnu.linkonce.t.*)
 .rel.text      0x0000000000003d0c     0x3a00 /usr/lib/gcc/i686-linux-gnu/4.6/../../../i386-linux-gnu/crti.o
 *(.rel.fini)
 *(.rel.rodata .rel.rodata.* .rel.gnu.linkonce.r.*)
 .rel.rodata    0x000000000000770c      0x258 /usr/lib/gcc/i686-linux-gnu/4.6/../../../i386-linux-gnu/crti.o
 *(.rel.data.rel.ro* .rel.gnu.linkonce.d.rel.ro.*)
 *(.rel.data .rel.data.* .rel.gnu.linkonce.d.*)
 .rel.data.rel  0x0000000000007964        0x8 /usr/lib/gcc/i686-linux-gnu/4.6/../../../i386-linux-gnu/crti.o
 .rel.data      0x000000000000796c      0x128 /usr/lib/gcc/i686-linux-gnu/4.6/../../../i386-linux-gnu/crti.o
 *(.rel.tdata .rel.tdata.* .rel.gnu.linkonce.td.*)
 *(.rel.tbss .rel.tbss.* .rel.gnu.linkonce.tb.*)
 *(.rel.ctors)
 *(.rel.dtors)
 *(.rel.got)
 .rel.got       0x0000000000007a94       0x18 /usr/lib/gcc/i686-linux-gnu/4.6/../../../i386-linux-gnu/crti.o
 *(.rel.bss .rel.bss.* .rel.gnu.linkonce.b.*)
 *(.rel.ifunc)
 .rel.ifunc     0x0000000000000000        0x0 /usr/lib/gcc/i686-linux-gnu/4.6/../../../i386-linux-gnu/crti.o

.rel.plt        0x0000000000007aac       0x10
 *(.rel.plt)
 .rel.plt       0x0000000000007aac       0x10 /usr/lib/gcc/i686-linux-gnu/4.6/../../../i386-linux-gnu/crti.o
 *(.rel.iplt)

.init           0x0000000000007abc       0x2e
 *(.init)
 .init          0x0000000000007abc       0x1f /usr/lib/gcc/i686-linux-gnu/4.6/../../../i386-linux-gnu/crti.o
                0x0000000000007abc                _init
 .init          0x0000000000007adb        0x5 /usr/lib/gcc/i686-linux-gnu/4.6/crtbeginS.o
 .init          0x0000000000007ae0        0x5 /usr/lib/gcc/i686-linux-gnu/4.6/crtendS.o
 .init          0x0000000000007ae5        0x5 /usr/lib/gcc/i686-linux-gnu/4.6/../../../i386-linux-gnu/crtn.o

.plt            0x0000000000007af0       0x30
 *(.plt)
 .plt           0x0000000000007af0       0x30 /usr/lib/gcc/i686-linux-gnu/4.6/../../../i386-linux-gnu/crti.o
 *(.iplt)

.text           0x0000000000007b20     0x8fc8
 *(.text.unlikely .text.*_unlikely)
 *(.text.exit .text.exit.*)
 *(.text.startup .text.startup.*)
 *(.text.hot .text.hot.*)
 *(.text .stub .text.* .gnu.linkonce.t.*)
 .text          0x0000000000007b20        0x0 /usr/lib/gcc/i686-linux-gnu/4.6/../../../i386-linux-gnu/crti.o
 .text          0x0000000000007b20       0xb7 /usr/lib/gcc/i686-linux-gnu/4.6/crtbeginS.o
 .text.__i686.get_pc_thunk.bx
                0x0000000000007bd7        0x4 /usr/lib/gcc/i686-linux-gnu/4.6/crtbeginS.o
                0x0000000000007bd7                __i686.get_pc_thunk.bx
 *fill*         0x0000000000007bdb        0x1 90909090
 .text          0x0000000000007bdc       0xf2 app.co
 *fill*         0x0000000000007cce        0x2 90909090
 .text          0x0000000000007cd0      0x511 obj_cooja/mtype644.o
                0x0000000000007db3                contiki_init
                0x0000000000007ffd                Java_se_sics_cooja_corecomm_Lib4_init
                0x000000000000803d                Java_se_sics_cooja_corecomm_Lib4_getMemory
                0x000000000000807a                Java_se_sics_cooja_corecomm_Lib4_setMemory
                0x00000000000080ee                Java_se_sics_cooja_corecomm_Lib4_tick
                0x00000000000081cf                Java_se_sics_cooja_corecomm_Lib4_setReferenceAddress
 *fill*         0x00000000000081e1        0x3 90909090
 .text          0x00000000000081e4       0xa0 obj_cooja/dclock.o
                0x00000000000081e4                dclock_init
                0x00000000000081f2                dclock_get_time
                0x000000000000821d                dclock_get_offset
                0x000000000000822c                dclock_print
                0x0000000000008231                dclock_print_time
                0x0000000000008236                dclock_print_time_stamp
                0x000000000000823b                dclock_synchronize
 .text          0x0000000000008284      0x157 obj_cooja/birdlog.o
                0x0000000000008284                birdLogEnergy
                0x00000000000082ca                birdLogCom
                0x000000000000831e                birdLogGet
                0x0000000000008328                birdLogClear
                0x000000000000836b                birdLogPrint
 *fill*         0x00000000000083db        0x1 90909090
 .text          0x00000000000083dc      0x5c6 obj_cooja/birddata.o
                0x00000000000083dc                birddata_enqueue
                0x000000000000847d                birddata_dequeue
                0x00000000000084d1                birddata_from_birdlog
                0x000000000000861f                birddata_make_packet
                0x00000000000086de                birddata_get_packet
                0x0000000000008779                birddata_queue_get_next
                0x0000000000008784                birddata_queue_clear
                0x00000000000087a3                birddata_queue_size
                0x00000000000087d3                birddata_queue_init
                0x0000000000008812                birddata_recv_packet
                0x000000000000881c                birddata_print_one_data
                0x0000000000008902                birddata_queue_print
                0x0000000000008963                birddata_queue_free
 *fill*         0x00000000000089a2        0x2 90909090
 .text          0x00000000000089a4      0x342 obj_cooja/birdtrace.o
                0x00000000000089a4                birdtrace_start
                0x00000000000089ca                birdtrace_stop
                0x00000000000089df                birdtrace_log
                0x0000000000008aee                birdtrace_log_datapacket
                0x0000000000008b65                birdtrace_log_sink
                0x0000000000008bea                birdtrace_log_string
                0x0000000000008c61                birdtrace_log_string_int
 *fill*         0x0000000000008ce6        0x2 90909090
 .text          0x0000000000008ce8       0x56 obj_cooja/mtype644.a(rimeaddr.o)
                0x0000000000008ce8                rimeaddr_copy
                0x0000000000008cf9                rimeaddr_cmp
                0x0000000000008d23                rimeaddr_set_node_addr
 *fill*         0x0000000000008d3e        0x2 90909090
 .text          0x0000000000008d40      0x1a3 obj_cooja/mtype644.a(rime.o)
                0x0000000000008d40                rime_sniffer_add
                0x0000000000008d5c                rime_sniffer_remove
                0x0000000000008e98                rime_output
 *fill*         0x0000000000008ee3        0x1 90909090
 .text          0x0000000000008ee4        0x0 obj_cooja/mtype644.a(rimestats.o)
 .text          0x0000000000008ee4      0x2ac obj_cooja/mtype644.a(announcement.o)
                0x0000000000008ee4                announcement_init
                0x0000000000008ef9                announcement_register
                0x0000000000008f86                announcement_remove
                0x0000000000008fa2                announcement_remove_value
                0x0000000000008fef                announcement_set_value
                0x0000000000009066                announcement_bump
                0x00000000000090c5                announcement_listen
                0x00000000000090e4                announcement_register_listen_callback
                0x00000000000090f1                announcement_register_observer_callback
                0x00000000000090fe                announcement_list
                0x0000000000009113                announcement_heard
 .text          0x0000000000009190      0x29c obj_cooja/mtype644.a(broadcast-annou)
                0x00000000000093a7                broadcast_announcement_init
                0x00000000000093f6                broadcast_announcement_stop
                0x0000000000009422                broadcast_announcement_beacon_interval
 .text          0x000000000000942c      0x154 obj_cooja/mtype644.a(broadcast.o)
                0x00000000000094ff                broadcast_open
                0x0000000000009546                broadcast_close
                0x0000000000009559                broadcast_send
 .text          0x0000000000009580      0x158 obj_cooja/mtype644.a(unicast.o)
                0x0000000000009658                unicast_open
                0x000000000000969f                unicast_close
                0x00000000000096b2                unicast_send
 .text          0x00000000000096d8       0xc9 obj_cooja/mtype644.a(abc.o)
                0x00000000000096d8                abc_open
                0x0000000000009717                abc_close
                0x000000000000972a                abc_send
                0x000000000000973d                abc_input
                0x0000000000009767                abc_sent
 *fill*         0x00000000000097a1        0x3 90909090
 .text          0x00000000000097a4       0xce obj_cooja/mtype644.a(chameleon.o)
                0x00000000000097ce                chameleon_init
                0x00000000000097db                chameleon_parse
                0x0000000000009817                chameleon_create
                0x000000000000985c                chameleon_hdrsize
 *fill*         0x0000000000009872        0x2 90909090
 .text          0x0000000000009874       0xeb obj_cooja/mtype644.a(channel.o)
                0x0000000000009874                channel_init
                0x0000000000009889                channel_set_attributes
                0x00000000000098c9                channel_open
                0x00000000000098f7                channel_close
                0x0000000000009913                channel_lookup
 *fill*         0x000000000000995f        0x1 90909090
 .text          0x0000000000009960      0x71f obj_cooja/mtype644.a(chameleon-bitop)
                0x00000000000099f1                get_bits_in_byte
                0x0000000000009a52                get_bits
                0x0000000000009bac                set_bits_in_byte
                0x0000000000009c08                set_bits
 *fill*         0x000000000000a07f        0x1 90909090
 .text          0x000000000000a080       0x60 obj_cooja/mtype644.a(nullmac.o)
 .text          0x000000000000a0e0     0x363a obj_cooja/mtype644.a(birdmac.o)
                0x000000000000a12d                randn
                0x000000000000a25a                randtn
 *fill*         0x000000000000d71a        0x2 90909090
 .text          0x000000000000d71c      0x568 obj_cooja/mtype644.a(process.o)
                0x000000000000d71c                process_alloc_event
                0x000000000000d734                process_start
                0x000000000000d920                process_exit
                0x000000000000d93c                process_init
                0x000000000000db0f                process_run
                0x000000000000db42                process_nevents
                0x000000000000db5d                process_post
                0x000000000000dc09                process_post_synch
                0x000000000000dc41                process_poll
                0x000000000000dc70                process_is_running
 .text          0x000000000000dc84       0x76 obj_cooja/mtype644.a(autostart.o)
                0x000000000000dc84                autostart_start
                0x000000000000dcc3                autostart_exit
 *fill*         0x000000000000dcfa        0x2 90909090
 .text          0x000000000000dcfc      0x1ec obj_cooja/mtype644.a(serial-line.o)
                0x000000000000dcfc                serial_line_input_byte
                0x000000000000deb0                serial_line_init
 .text          0x000000000000dee8      0x245 obj_cooja/mtype644.a(list.o)
                0x000000000000dee8                list_init
                0x000000000000def6                list_head
                0x000000000000df00                list_copy
                0x000000000000df0f                list_tail
                0x000000000000df45                list_add
                0x000000000000df8e                list_push
                0x000000000000dfba                list_chop
                0x000000000000e024                list_pop
                0x000000000000e04c                list_remove
                0x000000000000e0b4                list_length
                0x000000000000e0e2                list_insert
                0x000000000000e116                list_item_next
 *fill*         0x000000000000e12d        0x3 90909090
 .text          0x000000000000e130      0x3f0 obj_cooja/mtype644.a(etimer.o)
                0x000000000000e34f                etimer_request_poll
                0x000000000000e3d3                etimer_set
                0x000000000000e3f8                etimer_reset
                0x000000000000e416                etimer_restart
                0x000000000000e434                etimer_adjust
                0x000000000000e450                etimer_expired
                0x000000000000e463                etimer_expiration_time
                0x000000000000e475                etimer_start_time
                0x000000000000e47f                etimer_pending
                0x000000000000e491                etimer_next_expiration_time
                0x000000000000e4ab                etimer_stop
 .text          0x000000000000e520      0x346 obj_cooja/mtype644.a(ctimer.o)
                0x000000000000e63b                ctimer_init
                0x000000000000e66b                ctimer_set
                0x000000000000e6fe                ctimer_reset
                0x000000000000e761                ctimer_restart
                0x000000000000e7c4                ctimer_stop
                0x000000000000e80f                ctimer_expired
 *fill*         0x000000000000e866        0x2 90909090
 .text          0x000000000000e868       0x19 obj_cooja/mtype644.a(energest.o)
                0x000000000000e868                energest_type_set
                0x000000000000e86d                energest_init
                0x000000000000e872                energest_type_time
                0x000000000000e87c                energest_flush
 *fill*         0x000000000000e881        0x3 90909090
 .text          0x000000000000e884       0x28 obj_cooja/mtype644.a(random.o)
                0x000000000000e884                random_init
                0x000000000000e89f                random_rand
 .text          0x000000000000e8ac      0x155 obj_cooja/mtype644.a(ringbuf.o)
                0x000000000000e8ac                ringbuf_init
                0x000000000000e8dd                ringbuf_put
                0x000000000000e95b                ringbuf_get
                0x000000000000e9c8                ringbuf_size
                0x000000000000e9da                ringbuf_elements
 *fill*         0x000000000000ea01        0x3 90909090
 .text          0x000000000000ea04       0x24 obj_cooja/mtype644.a(netstack.o)
                0x000000000000ea04                netstack_init
 .text          0x000000000000ea28      0x50a obj_cooja/mtype644.a(packetbuf.o)
                0x000000000000ea28                packetbuf_clear
                0x000000000000ea5f                packetbuf_clear_hdr
                0x000000000000ea6b                packetbuf_copyfrom
                0x000000000000eabd                packetbuf_compact
                0x000000000000eb5b                packetbuf_copyto_hdr
                0x000000000000ebb5                packetbuf_copyto
                0x000000000000ec98                packetbuf_hdralloc
                0x000000000000ece2                packetbuf_hdr_remove
                0x000000000000ecfa                packetbuf_hdrreduce
                0x000000000000ed45                packetbuf_set_datalen
                0x000000000000ed5e                packetbuf_dataptr
                0x000000000000ed77                packetbuf_hdrptr
                0x000000000000ed8e                packetbuf_reference
                0x000000000000edb4                packetbuf_is_reference
                0x000000000000edce                packetbuf_reference_ptr
                0x000000000000edd8                packetbuf_datalen
                0x000000000000ede4                packetbuf_hdrlen
                0x000000000000edfb                packetbuf_totlen
                0x000000000000ee11                packetbuf_attr_clear
                0x000000000000ee66                packetbuf_attr_copyto
                0x000000000000eecc                packetbuf_attr_copyfrom
 *fill*         0x000000000000ef32        0x2 90909090
 .text          0x000000000000ef34      0x36b obj_cooja/mtype644.a(queuebuf.o)
                0x000000000000ef3e                queuebuf_init
                0x000000000000ef6a                queuebuf_new_from_packetbuf
                0x000000000000f035                queuebuf_update_attr_from_packetbuf
                0x000000000000f068                queuebuf_free
                0x000000000000f0db                queuebuf_to_packetbuf
                0x000000000000f1c3                queuebuf_dataptr
                0x000000000000f222                queuebuf_datalen
                0x000000000000f241                queuebuf_addr
                0x000000000000f26f                queuebuf_attr
                0x000000000000f29a                queuebuf_debug_print
 *fill*         0x000000000000f29f        0x1 90909090
 .text          0x000000000000f2a0       0x63 obj_cooja/mtype644.a(simEnvChange.o)
                0x000000000000f2a0                doActionsBeforeTick
                0x000000000000f2d1                doActionsAfterTick
 *fill*         0x000000000000f303        0x1 90909090
 .text          0x000000000000f304       0xbc obj_cooja/mtype644.a(cooja_mt.o)
                0x000000000000f304                cooja_mt_init
                0x000000000000f311                cooja_mt_remove
                0x000000000000f31e                cooja_mt_start
                0x000000000000f34b                cooja_mt_exec
                0x000000000000f37c                cooja_mt_exit
                0x000000000000f39e                cooja_mt_yield
 .text          0x000000000000f3c0      0x15b obj_cooja/mtype644.a(cooja_mtarch.o)
                0x000000000000f3c0                cooja_mtarch_init
                0x000000000000f3c5                cooja_mtarch_start
                0x000000000000f486                cooja_sw
                0x000000000000f4a8                cooja_mtarch_exec
                0x000000000000f4c4                cooja_mtarch_remove
                0x000000000000f4c9                cooja_mtarch_yield
                0x000000000000f4d3                cooja_mtarch_pstop
                0x000000000000f4d8                cooja_mtarch_pstart
                0x000000000000f4dd                cooja_mtarch_stack_usage
 *fill*         0x000000000000f51b        0x1 90909090
 .text          0x000000000000f51c       0xc2 obj_cooja/mtype644.a(rtimer-arch.o)
                0x000000000000f51c                rtimer_arch_init
                0x000000000000f53f                rtimer_arch_schedule
                0x000000000000f556                rtimer_arch_next
                0x000000000000f560                rtimer_arch_pending
                0x000000000000f56a                rtimer_arch_check
                0x000000000000f59c                rtimer_arch_now
 *fill*         0x000000000000f5de        0x2 90909090
 .text          0x000000000000f5e0       0x76 obj_cooja/mtype644.a(beep.o)
                0x000000000000f5e0                beep_alarm
                0x000000000000f5ec                beep_beep
                0x000000000000f5f8                beep
                0x000000000000f604                beep_down
                0x000000000000f610                beep_on
                0x000000000000f61c                beep_off
                0x000000000000f628                beep_spinup
                0x000000000000f634                beep_quick
                0x000000000000f640                beep_long
 *fill*         0x000000000000f656        0x2 90909090
 .text          0x000000000000f658      0x103 obj_cooja/mtype644.a(button-sensor.o)
 *fill*         0x000000000000f75b        0x1 90909090
 .text          0x000000000000f75c       0x45 obj_cooja/mtype644.a(leds-arch.o)
                0x000000000000f75c                leds_arch_init
                0x000000000000f768                leds_arch_get
                0x000000000000f774                leds_arch_set
 *fill*         0x000000000000f7a1        0x3 90909090
 .text          0x000000000000f7a4       0x2f obj_cooja/mtype644.a(moteid.o)
 *fill*         0x000000000000f7d3        0x1 90909090
 .text          0x000000000000f7d4       0xb1 obj_cooja/mtype644.a(pir-sensor.o)
 *fill*         0x000000000000f885        0x3 90909090
 .text          0x000000000000f888      0x132 obj_cooja/mtype644.a(rs232.o)
                0x000000000000f888                rs232_init
                0x000000000000f88d                rs232_set_speed
                0x000000000000f89b                rs232_set_input
                0x000000000000f8a8                rs232_send
                0x000000000000f8cb                rs232_print
                0x000000000000f8e7                slip_arch_writeb
 *fill*         0x000000000000f9ba        0x2 90909090
 .text          0x000000000000f9bc       0xb1 obj_cooja/mtype644.a(vib-sensor.o)
 *fill*         0x000000000000fa6d        0x3 90909090
 .text          0x000000000000fa70       0x3d obj_cooja/mtype644.a(clock.o)
                0x000000000000fa70                clock_init
                0x000000000000fa75                clock_time
                0x000000000000fa7f                clock_seconds
                0x000000000000fa9e                clock_delay
 *fill*         0x000000000000faad        0x3 90909090
 .text          0x000000000000fab0      0x234 obj_cooja/mtype644.a(log.o)
                0x000000000000fab0                simlog_char
                0x000000000000faf3                simlog
                0x000000000000fba4                log_message
                0x000000000000fbcc                log_set_putchar_with_slip
                0x000000000000fbd9                log_putchar
                0x000000000000fc5d                log_puts
                0x000000000000fc81                log_printf
 .text          0x000000000000fce4      0x26d obj_cooja/mtype644.a(cfs-cooja.o)
                0x000000000000fce4                cfs_open
                0x000000000000fd2f                cfs_close
                0x000000000000fd3b                cfs_read
                0x000000000000fdce                cfs_write
                0x000000000000fe89                cfs_seek
                0x000000000000ff0b                cfs_remove
                0x000000000000ff2e                cfs_opendir
                0x000000000000ff38                cfs_readdir
                0x000000000000ff42                cfs_closedir
 *fill*         0x000000000000ff51        0x3 90909090
 .text          0x000000000000ff54      0x353 obj_cooja/mtype644.a(cooja-radio.o)
                0x000000000000ff54                radio_set_channel
                0x000000000000ff61                radio_set_txpower
                0x000000000000ff78                radio_signal_strength_last
                0x000000000000ff82                radio_signal_strength_current
 *fill*         0x00000000000102a7        0x1 90909090
 .text          0x00000000000102a8      0x2ba obj_cooja/mtype644.a(sensors.o)
                0x00000000000102e3                sensors_first
                0x00000000000102ed                sensors_next
                0x000000000001030a                sensors_changed
                0x0000000000010339                sensors_find
 *fill*         0x0000000000010562        0x2 90909090
 .text          0x0000000000010564      0x16f obj_cooja/mtype644.a(leds.o)
                0x00000000000105a8                leds_init
                0x00000000000105c8                leds_blink
                0x0000000000010609                leds_get
                0x0000000000010616                leds_on
                0x0000000000010653                leds_off
                0x0000000000010690                leds_toggle
                0x00000000000106aa                leds_invert
 *fill*         0x00000000000106d3        0x1 90909090
 .text          0x00000000000106d4       0xff obj_cooja/mtype644.a(framer-nullmac.)
 *fill*         0x00000000000107d3        0x1 90909090
 .text          0x00000000000107d4      0x17d obj_cooja/mtype644.a(memb.o)
                0x00000000000107d4                memb_init
                0x0000000000010832                memb_alloc
                0x0000000000010897                memb_free
                0x0000000000010912                memb_inmemb
 *fill*         0x0000000000010951        0x3 90909090
 .text          0x0000000000010954       0x93 obj_cooja/mtype644.a(timer.o)
                0x0000000000010954                timer_set
                0x000000000001096f                timer_reset
                0x0000000000010986                timer_restart
                0x0000000000010998                timer_expired
                0x00000000000109c1                timer_remaining
 *fill*         0x00000000000109e7        0x1 90909090
 .text          0x00000000000109e8       0xbd obj_cooja/mtype644.a(rtimer.o)
                0x00000000000109e8                rtimer_init
                0x00000000000109f5                rtimer_set
                0x0000000000010a4c                rtimer_run_next
 *fill*         0x0000000000010aa5        0xb 90909090
 .text          0x0000000000010ab0       0x38 /usr/lib/gcc/i686-linux-gnu/4.6/crtendS.o
 .text          0x0000000000010ae8        0x0 /usr/lib/gcc/i686-linux-gnu/4.6/../../../i386-linux-gnu/crtn.o
 *(.gnu.warning)

.fini           0x0000000000010ae8       0x1a
 *(.fini)
 .fini          0x0000000000010ae8       0x10 /usr/lib/gcc/i686-linux-gnu/4.6/../../../i386-linux-gnu/crti.o
                0x0000000000010ae8                _fini
 .fini          0x0000000000010af8        0x5 /usr/lib/gcc/i686-linux-gnu/4.6/crtbeginS.o
 .fini          0x0000000000010afd        0x5 /usr/lib/gcc/i686-linux-gnu/4.6/../../../i386-linux-gnu/crtn.o
                0x0000000000010b02                PROVIDE (__etext, .)
                0x0000000000010b02                PROVIDE (_etext, .)
                0x0000000000010b02                PROVIDE (etext, .)

.rodata         0x0000000000010b20      0x5b8
 *(.rodata .rodata.* .gnu.linkonce.r.*)
 .rodata        0x0000000000010b20       0x55 app.co
                0x0000000000010b30                autostart_processes
 *fill*         0x0000000000010b75        0x3 00
 .rodata        0x0000000000010b78       0xc9 obj_cooja/mtype644.o
 .rodata        0x0000000000010c41       0x22 obj_cooja/birdlog.o
 *fill*         0x0000000000010c63        0x1 00
 .rodata        0x0000000000010c64       0xc3 obj_cooja/birddata.o
 .rodata        0x0000000000010d27       0x40 obj_cooja/birdtrace.o
 .rodata        0x0000000000010d67        0x2 obj_cooja/mtype644.a(rimeaddr.o)
                0x0000000000010d67                rimeaddr_null
 *fill*         0x0000000000010d69        0x3 00
 .rodata        0x0000000000010d6c       0x14 obj_cooja/mtype644.a(rime.o)
                0x0000000000010d74                rime_driver
 .rodata        0x0000000000010d80        0x8 obj_cooja/mtype644.a(broadcast-annou)
 .rodata        0x0000000000010d88        0xc obj_cooja/mtype644.a(broadcast.o)
 .rodata        0x0000000000010d94       0x10 obj_cooja/mtype644.a(unicast.o)
 .rodata        0x0000000000010da4        0x2 obj_cooja/mtype644.a(abc.o)
 *fill*         0x0000000000010da6        0x2 00
 .rodata        0x0000000000010da8       0x18 obj_cooja/mtype644.a(chameleon-bitop)
                0x0000000000010db4                chameleon_bitopt
 .rodata        0x0000000000010dc0       0x24 obj_cooja/mtype644.a(nullmac.o)
                0x0000000000010dc8                nullmac_driver
 *fill*         0x0000000000010de4       0x1c 00
 .rodata        0x0000000000010e00      0x170 obj_cooja/mtype644.a(birdmac.o)
                0x0000000000010e00                topology
                0x0000000000010f00                birdmac_driver
 .rodata        0x0000000000010f70        0xe obj_cooja/mtype644.a(serial-line.o)
 .rodata        0x0000000000010f7e        0xc obj_cooja/mtype644.a(etimer.o)
 .rodata        0x0000000000010f8a        0xf obj_cooja/mtype644.a(ctimer.o)
 *fill*         0x0000000000010f99        0x3 00
 .rodata        0x0000000000010f9c        0x8 obj_cooja/mtype644.a(beep.o)
                0x0000000000010f9c                beep_interface
 .rodata        0x0000000000010fa4       0x20 obj_cooja/mtype644.a(button-sensor.o)
                0x0000000000010fa4                button_interface
                0x0000000000010fb4                button_sensor
 .rodata        0x0000000000010fc4        0x8 obj_cooja/mtype644.a(leds-arch.o)
                0x0000000000010fc4                leds_interface
 .rodata        0x0000000000010fcc        0x8 obj_cooja/mtype644.a(moteid.o)
                0x0000000000010fcc                moteid_interface
 .rodata        0x0000000000010fd4       0x1c obj_cooja/mtype644.a(pir-sensor.o)
                0x0000000000010fd4                pir_interface
                0x0000000000010fe0                pir_sensor
 .rodata        0x0000000000010ff0        0xe obj_cooja/mtype644.a(rs232.o)
                0x0000000000010ff0                rs232_interface
 *fill*         0x0000000000010ffe        0x2 00
 .rodata        0x0000000000011000       0x24 obj_cooja/mtype644.a(vib-sensor.o)
                0x0000000000011000                vib_interface
                0x0000000000011014                vib_sensor
 .rodata        0x0000000000011024        0x8 obj_cooja/mtype644.a(clock.o)
                0x0000000000011024                clock_interface
 .rodata        0x000000000001102c        0x8 obj_cooja/mtype644.a(log.o)
                0x000000000001102c                simlog_interface
 .rodata        0x0000000000011034       0x2f obj_cooja/mtype644.a(cfs-cooja.o)
                0x0000000000011034                cfs_interface
 *fill*         0x0000000000011063       0x1d 00
 .rodata        0x0000000000011080       0x48 obj_cooja/mtype644.a(cooja-radio.o)
                0x0000000000011080                radio_interface
                0x00000000000110a0                cooja_radio_driver
 .rodata        0x00000000000110c8        0x8 obj_cooja/mtype644.a(sensors.o)
 .rodata        0x00000000000110d0        0x8 obj_cooja/mtype644.a(framer-nullmac.)
                0x00000000000110d0                framer_nullmac

.rodata1
 *(.rodata1)

.eh_frame_hdr   0x00000000000110d8      0xbec
 *(.eh_frame_hdr)
 .eh_frame_hdr  0x00000000000110d8      0xbec /usr/lib/gcc/i686-linux-gnu/4.6/../../../i386-linux-gnu/crti.o

.eh_frame       0x0000000000011cc4     0x309c
 *(.eh_frame)
 .eh_frame      0x0000000000011cc4       0x3c /usr/lib/gcc/i686-linux-gnu/4.6/../../../i386-linux-gnu/crti.o
                                         0x40 (size before relaxing)
 .eh_frame      0x0000000000011d00       0x40 app.co
                                         0x58 (size before relaxing)
 .eh_frame      0x0000000000011d40      0x148 obj_cooja/mtype644.o
                                        0x160 (size before relaxing)
 .eh_frame      0x0000000000011e88       0xe0 obj_cooja/dclock.o
                                         0xf8 (size before relaxing)
 .eh_frame      0x0000000000011f68       0xa4 obj_cooja/birdlog.o
                                         0xbc (size before relaxing)
 .eh_frame      0x000000000001200c      0x1a8 obj_cooja/birddata.o
                                        0x1c0 (size before relaxing)
 .eh_frame      0x00000000000121b4       0xfc obj_cooja/birdtrace.o
                                        0x114 (size before relaxing)
 .eh_frame      0x00000000000122b0       0x60 obj_cooja/mtype644.a(rimeaddr.o)
                                         0x78 (size before relaxing)
 .eh_frame      0x0000000000012310       0xc0 obj_cooja/mtype644.a(rime.o)
                                         0xd8 (size before relaxing)
 .eh_frame      0x00000000000123d0      0x174 obj_cooja/mtype644.a(announcement.o)
                                        0x18c (size before relaxing)
 .eh_frame      0x0000000000012544      0x12c obj_cooja/mtype644.a(broadcast-annou)
                                        0x144 (size before relaxing)
 .eh_frame      0x0000000000012670       0xe0 obj_cooja/mtype644.a(broadcast.o)
                                         0xf8 (size before relaxing)
 .eh_frame      0x0000000000012750       0xe0 obj_cooja/mtype644.a(unicast.o)
                                         0xf8 (size before relaxing)
 .eh_frame      0x0000000000012830       0xa0 obj_cooja/mtype644.a(abc.o)
                                         0xb8 (size before relaxing)
 .eh_frame      0x00000000000128d0       0xa0 obj_cooja/mtype644.a(chameleon.o)
                                         0xb8 (size before relaxing)
 .eh_frame      0x0000000000012970       0xa0 obj_cooja/mtype644.a(channel.o)
                                         0xb8 (size before relaxing)
 .eh_frame      0x0000000000012a10      0x180 obj_cooja/mtype644.a(chameleon-bitop)
                                        0x198 (size before relaxing)
 .eh_frame      0x0000000000012b90       0xc0 obj_cooja/mtype644.a(nullmac.o)
                                         0xd8 (size before relaxing)
 .eh_frame      0x0000000000012c50      0x3a8 obj_cooja/mtype644.a(birdmac.o)
                                        0x3c0 (size before relaxing)
 .eh_frame      0x0000000000012ff8      0x1c8 obj_cooja/mtype644.a(process.o)
                                        0x1e0 (size before relaxing)
 .eh_frame      0x00000000000131c0       0x40 obj_cooja/mtype644.a(autostart.o)
                                         0x58 (size before relaxing)
 .eh_frame      0x0000000000013200       0x60 obj_cooja/mtype644.a(serial-line.o)
                                         0x78 (size before relaxing)
 .eh_frame      0x0000000000013260      0x180 obj_cooja/mtype644.a(list.o)
                                        0x198 (size before relaxing)
 .eh_frame      0x00000000000133e0      0x1c0 obj_cooja/mtype644.a(etimer.o)
                                        0x1d8 (size before relaxing)
 .eh_frame      0x00000000000135a0       0xe0 obj_cooja/mtype644.a(ctimer.o)
                                         0xf8 (size before relaxing)
 .eh_frame      0x0000000000013680       0x80 obj_cooja/mtype644.a(energest.o)
                                         0x98 (size before relaxing)
 .eh_frame      0x0000000000013700       0x40 obj_cooja/mtype644.a(random.o)
                                         0x58 (size before relaxing)
 .eh_frame      0x0000000000013740       0xa0 obj_cooja/mtype644.a(ringbuf.o)
                                         0xb8 (size before relaxing)
 .eh_frame      0x00000000000137e0       0x20 obj_cooja/mtype644.a(netstack.o)
                                         0x38 (size before relaxing)
 .eh_frame      0x0000000000013800      0x2b4 obj_cooja/mtype644.a(packetbuf.o)
                                        0x2cc (size before relaxing)
 .eh_frame      0x0000000000013ab4      0x168 obj_cooja/mtype644.a(queuebuf.o)
                                        0x180 (size before relaxing)
 .eh_frame      0x0000000000013c1c       0x40 obj_cooja/mtype644.a(simEnvChange.o)
                                         0x58 (size before relaxing)
 .eh_frame      0x0000000000013c5c       0xc0 obj_cooja/mtype644.a(cooja_mt.o)
                                         0xd8 (size before relaxing)
 .eh_frame      0x0000000000013d1c      0x128 obj_cooja/mtype644.a(cooja_mtarch.o)
                                        0x140 (size before relaxing)
 .eh_frame      0x0000000000013e44       0xc0 obj_cooja/mtype644.a(rtimer-arch.o)
                                         0xd8 (size before relaxing)
 .eh_frame      0x0000000000013f04      0x160 obj_cooja/mtype644.a(beep.o)
                                        0x178 (size before relaxing)
 .eh_frame      0x0000000000014064       0xa0 obj_cooja/mtype644.a(button-sensor.o)
                                         0xb8 (size before relaxing)
 .eh_frame      0x0000000000014104       0xa0 obj_cooja/mtype644.a(leds-arch.o)
                                         0xb8 (size before relaxing)
 .eh_frame      0x00000000000141a4       0x40 obj_cooja/mtype644.a(moteid.o)
                                         0x58 (size before relaxing)
 .eh_frame      0x00000000000141e4       0xa0 obj_cooja/mtype644.a(pir-sensor.o)
                                         0xb8 (size before relaxing)
 .eh_frame      0x0000000000014284      0x100 obj_cooja/mtype644.a(rs232.o)
                                        0x118 (size before relaxing)
 .eh_frame      0x0000000000014384       0xa0 obj_cooja/mtype644.a(vib-sensor.o)
                                         0xb8 (size before relaxing)
 .eh_frame      0x0000000000014424       0xc0 obj_cooja/mtype644.a(clock.o)
                                         0xd8 (size before relaxing)
 .eh_frame      0x00000000000144e4      0x128 obj_cooja/mtype644.a(log.o)
                                        0x140 (size before relaxing)
 .eh_frame      0x000000000001460c      0x168 obj_cooja/mtype644.a(cfs-cooja.o)
                                        0x180 (size before relaxing)
 .eh_frame      0x0000000000014774      0x220 obj_cooja/mtype644.a(cooja-radio.o)
                                        0x238 (size before relaxing)
 .eh_frame      0x0000000000014994       0xc4 obj_cooja/mtype644.a(sensors.o)
                                         0xdc (size before relaxing)
 .eh_frame      0x0000000000014a58      0x100 obj_cooja/mtype644.a(leds.o)
                                        0x118 (size before relaxing)
 .eh_frame      0x0000000000014b58       0x80 obj_cooja/mtype644.a(framer-nullmac.)
                                         0x98 (size before relaxing)
 .eh_frame      0x0000000000014bd8       0x80 obj_cooja/mtype644.a(memb.o)
                                         0x98 (size before relaxing)
 .eh_frame      0x0000000000014c58       0xa4 obj_cooja/mtype644.a(timer.o)
                                         0xbc (size before relaxing)
 .eh_frame      0x0000000000014cfc       0x60 obj_cooja/mtype644.a(rtimer.o)
                                         0x78 (size before relaxing)
 .eh_frame      0x0000000000014d5c        0x4 /usr/lib/gcc/i686-linux-gnu/4.6/crtendS.o

.gcc_except_table
 *(.gcc_except_table .gcc_except_table.*)

.exception_ranges
 *(.exception_ranges .exception_ranges*)
                0x0000000000014d60                . = (ALIGN (0x1000) - ((0x1000 - .) & 0xfff))
                0x0000000000015f0c                . = DATA_SEGMENT_ALIGN (0x1000, 0x1000)

.eh_frame
 *(.eh_frame)

.gcc_except_table
 *(.gcc_except_table .gcc_except_table.*)

.exception_ranges
 *(.exception_ranges .exception_ranges*)

.tdata
 *(.tdata .tdata.* .gnu.linkonce.td.*)

.tbss
 *(.tbss .tbss.* .gnu.linkonce.tb.*)
 *(.tcommon)

.preinit_array
 *(.preinit_array)

.init_array
 *(SORT(.init_array.*) SORT(.ctors.*))
 *(.init_array)
 *(EXCLUDE_FILE(*crtend?.o *crtend.o *crtbegin?.o *crtbegin.o) .ctors)

.fini_array
 *(SORT(.fini_array.*) SORT(.dtors.*))
 *(.fini_array)
 *(EXCLUDE_FILE(*crtend?.o *crtend.o *crtbegin?.o *crtbegin.o) .dtors)

.ctors          0x0000000000015f0c        0x8
 *crtbegin.o(.ctors)
 *crtbegin?.o(.ctors)
 .ctors         0x0000000000015f0c        0x4 /usr/lib/gcc/i686-linux-gnu/4.6/crtbeginS.o
 *(EXCLUDE_FILE(*crtend?.o *crtend.o) .ctors)
 *(SORT(.ctors.*))
 *(.ctors)
 .ctors         0x0000000000015f10        0x4 /usr/lib/gcc/i686-linux-gnu/4.6/crtendS.o

.dtors          0x0000000000015f14        0x8
 *crtbegin.o(.dtors)
 *crtbegin?.o(.dtors)
 .dtors         0x0000000000015f14        0x4 /usr/lib/gcc/i686-linux-gnu/4.6/crtbeginS.o
 *(EXCLUDE_FILE(*crtend?.o *crtend.o) .dtors)
 *(SORT(.dtors.*))
 *(.dtors)
 .dtors         0x0000000000015f18        0x4 /usr/lib/gcc/i686-linux-gnu/4.6/crtendS.o
                0x0000000000015f18                __DTOR_END__

.jcr            0x0000000000015f1c        0x4
 *(.jcr)
 .jcr           0x0000000000015f1c        0x0 /usr/lib/gcc/i686-linux-gnu/4.6/crtbeginS.o
 .jcr           0x0000000000015f1c        0x4 /usr/lib/gcc/i686-linux-gnu/4.6/crtendS.o

.data.rel.ro
 *(.data.rel.ro.local* .gnu.linkonce.d.rel.ro.local.*)
 *(.data.rel.ro* .gnu.linkonce.d.rel.ro.*)

.dynamic        0x0000000000015f20       0xc8
 *(.dynamic)
 .dynamic       0x0000000000015f20       0xc8 /usr/lib/gcc/i686-linux-gnu/4.6/../../../i386-linux-gnu/crti.o
                0x0000000000015f20                _DYNAMIC

.got            0x0000000000015fe8        0xc
 *(.got)
 .got           0x0000000000015fe8        0xc /usr/lib/gcc/i686-linux-gnu/4.6/../../../i386-linux-gnu/crti.o
 *(.igot)
                0x0000000000015ff4                . = DATA_SEGMENT_RELRO_END (., 0xc)

.got.plt        0x0000000000015ff4       0x14
 *(.got.plt)
 .got.plt       0x0000000000015ff4       0x14 /usr/lib/gcc/i686-linux-gnu/4.6/../../../i386-linux-gnu/crti.o
                0x0000000000015ff4                _GLOBAL_OFFSET_TABLE_
 *(.igot.plt)

.data           0x0000000000016020      0x10c
 *(.data .data.* .gnu.linkonce.d.*)
 .data          0x0000000000016020        0x0 /usr/lib/gcc/i686-linux-gnu/4.6/../../../i386-linux-gnu/crti.o
 .data          0x0000000000016020        0x0 /usr/lib/gcc/i686-linux-gnu/4.6/crtbeginS.o
 .data.rel      0x0000000000016020        0x4 /usr/lib/gcc/i686-linux-gnu/4.6/crtbeginS.o
                0x0000000000016020                __dso_handle
 .data          0x0000000000016024       0x10 app.co
                0x0000000000016024                example_unicast_process
 *fill*         0x0000000000016034        0xc 00
 .data          0x0000000000016040       0x40 obj_cooja/mtype644.o
                0x0000000000016040                simInterfaces
                0x0000000000016070                sensors
 .data          0x0000000000016080        0x0 obj_cooja/dclock.o
 .data          0x0000000000016080        0x0 obj_cooja/birdlog.o
 .data          0x0000000000016080        0x0 obj_cooja/birddata.o
 .data          0x0000000000016080        0x0 obj_cooja/birdtrace.o
 .data          0x0000000000016080        0x0 obj_cooja/mtype644.a(rimeaddr.o)
 .data          0x0000000000016080        0x4 obj_cooja/mtype644.a(rime.o)
 .data          0x0000000000016084        0x0 obj_cooja/mtype644.a(rimestats.o)
 .data          0x0000000000016084        0x4 obj_cooja/mtype644.a(announcement.o)
 .data          0x0000000000016088        0x0 obj_cooja/mtype644.a(broadcast-annou)
 .data          0x0000000000016088        0x0 obj_cooja/mtype644.a(broadcast.o)
 .data          0x0000000000016088        0x0 obj_cooja/mtype644.a(unicast.o)
 .data          0x0000000000016088        0x0 obj_cooja/mtype644.a(abc.o)
 .data          0x0000000000016088        0x0 obj_cooja/mtype644.a(chameleon.o)
 .data          0x0000000000016088        0x4 obj_cooja/mtype644.a(channel.o)
 .data          0x000000000001608c        0x0 obj_cooja/mtype644.a(chameleon-bitop)
 .data          0x000000000001608c        0x0 obj_cooja/mtype644.a(nullmac.o)
 .data          0x000000000001608c       0x10 obj_cooja/mtype644.a(birdmac.o)
                0x000000000001608c                bird_config
 .data          0x000000000001609c        0x0 obj_cooja/mtype644.a(process.o)
 .data          0x000000000001609c        0x0 obj_cooja/mtype644.a(autostart.o)
 .data          0x000000000001609c       0x10 obj_cooja/mtype644.a(serial-line.o)
                0x000000000001609c                serial_line_process
 .data          0x00000000000160ac        0x0 obj_cooja/mtype644.a(list.o)
 .data          0x00000000000160ac       0x10 obj_cooja/mtype644.a(etimer.o)
                0x00000000000160ac                etimer_process
 .data          0x00000000000160bc       0x14 obj_cooja/mtype644.a(ctimer.o)
                0x00000000000160c0                ctimer_process
 .data          0x00000000000160d0        0x0 obj_cooja/mtype644.a(energest.o)
 .data          0x00000000000160d0        0x0 obj_cooja/mtype644.a(random.o)
 .data          0x00000000000160d0        0x0 obj_cooja/mtype644.a(ringbuf.o)
 .data          0x00000000000160d0        0x0 obj_cooja/mtype644.a(netstack.o)
 .data          0x00000000000160d0        0x4 obj_cooja/mtype644.a(packetbuf.o)
 .data          0x00000000000160d4       0x24 obj_cooja/mtype644.a(queuebuf.o)
 .data          0x00000000000160f8        0x0 obj_cooja/mtype644.a(simEnvChange.o)
 .data          0x00000000000160f8        0x0 obj_cooja/mtype644.a(cooja_mt.o)
 .data          0x00000000000160f8        0x0 obj_cooja/mtype644.a(cooja_mtarch.o)
 .data          0x00000000000160f8        0x0 obj_cooja/mtype644.a(rtimer-arch.o)
 .data          0x00000000000160f8        0x0 obj_cooja/mtype644.a(beep.o)
 .data          0x00000000000160f8        0x0 obj_cooja/mtype644.a(button-sensor.o)
 .data          0x00000000000160f8        0x0 obj_cooja/mtype644.a(leds-arch.o)
 .data          0x00000000000160f8        0x0 obj_cooja/mtype644.a(moteid.o)
 .data          0x00000000000160f8        0x0 obj_cooja/mtype644.a(pir-sensor.o)
 .data          0x00000000000160f8        0x0 obj_cooja/mtype644.a(rs232.o)
 .data          0x00000000000160f8        0x0 obj_cooja/mtype644.a(vib-sensor.o)
 .data          0x00000000000160f8        0x0 obj_cooja/mtype644.a(clock.o)
 .data          0x00000000000160f8        0x0 obj_cooja/mtype644.a(log.o)
 .data          0x00000000000160f8        0x0 obj_cooja/mtype644.a(cfs-cooja.o)
 .data          0x00000000000160f8       0x24 obj_cooja/mtype644.a(cooja-radio.o)
                0x00000000000160f8                simRadioHWOn
                0x00000000000160fc                simSignalStrength
                0x0000000000016100                simLastSignalStrength
                0x0000000000016104                simPower
                0x0000000000016108                simRadioChannel
                0x000000000001610c                cooja_radio_process
 .data          0x000000000001611c       0x10 obj_cooja/mtype644.a(sensors.o)
                0x000000000001611c                sensors_process
 .data          0x000000000001612c        0x0 obj_cooja/mtype644.a(leds.o)
 .data          0x000000000001612c        0x0 obj_cooja/mtype644.a(framer-nullmac.)
 .data          0x000000000001612c        0x0 obj_cooja/mtype644.a(memb.o)
 .data          0x000000000001612c        0x0 obj_cooja/mtype644.a(timer.o)
 .data          0x000000000001612c        0x0 obj_cooja/mtype644.a(rtimer.o)
 .data          0x000000000001612c        0x0 /usr/lib/gcc/i686-linux-gnu/4.6/crtendS.o
 .data          0x000000000001612c        0x0 /usr/lib/gcc/i686-linux-gnu/4.6/../../../i386-linux-gnu/crtn.o

.data1
 *(.data1)
                0x000000000001612c                _edata = .
                0x000000000001612c                PROVIDE (edata, .)
                0x000000000001612c                __bss_start = .

.bss            0x0000000000016140     0x5344
 *(.dynbss)
 .dynbss        0x0000000000000000        0x0 /usr/lib/gcc/i686-linux-gnu/4.6/../../../i386-linux-gnu/crti.o
 *(.bss .bss.* .gnu.linkonce.b.*)
 .bss           0x0000000000016140        0x0 /usr/lib/gcc/i686-linux-gnu/4.6/../../../i386-linux-gnu/crti.o
 .bss           0x0000000000016140        0x8 /usr/lib/gcc/i686-linux-gnu/4.6/crtbeginS.o
 .bss           0x0000000000016148       0x2c app.co
 *fill*         0x0000000000016174        0xc 00
 .bss           0x0000000000016180     0x2030 obj_cooja/mtype644.o
 .bss           0x00000000000181b0        0x4 obj_cooja/dclock.o
 .bss           0x00000000000181b4        0x0 obj_cooja/birdlog.o
 .bss           0x00000000000181b4        0x0 obj_cooja/birddata.o
 *fill*         0x00000000000181b4        0xc 00
 .bss           0x00000000000181c0       0xe8 obj_cooja/birdtrace.o
 .bss           0x00000000000182a8        0x0 obj_cooja/mtype644.a(rimeaddr.o)
 .bss           0x00000000000182a8        0x4 obj_cooja/mtype644.a(rime.o)
 .bss           0x00000000000182ac        0x0 obj_cooja/mtype644.a(rimestats.o)
 .bss           0x00000000000182ac        0xc obj_cooja/mtype644.a(announcement.o)
 *fill*         0x00000000000182b8        0x8 00
 .bss           0x00000000000182c0       0x6c obj_cooja/mtype644.a(broadcast-annou)
 .bss           0x000000000001832c        0x0 obj_cooja/mtype644.a(broadcast.o)
 .bss           0x000000000001832c        0x0 obj_cooja/mtype644.a(unicast.o)
 .bss           0x000000000001832c        0x0 obj_cooja/mtype644.a(abc.o)
 .bss           0x000000000001832c        0x0 obj_cooja/mtype644.a(chameleon.o)
 .bss           0x000000000001832c        0x4 obj_cooja/mtype644.a(channel.o)
 .bss           0x0000000000018330        0x0 obj_cooja/mtype644.a(chameleon-bitop)
 .bss           0x0000000000018330        0x0 obj_cooja/mtype644.a(nullmac.o)
 .bss           0x0000000000018330       0x90 obj_cooja/mtype644.a(birdmac.o)
                0x0000000000018330                birdLog
 .bss           0x00000000000183c0      0x1b0 obj_cooja/mtype644.a(process.o)
                0x00000000000183c0                process_list
                0x00000000000183c4                process_current
 .bss           0x0000000000018570        0x0 obj_cooja/mtype644.a(autostart.o)
 *fill*         0x0000000000018570       0x10 00
 .bss           0x0000000000018580      0x141 obj_cooja/mtype644.a(serial-line.o)
 *fill*         0x00000000000186c1        0x3 00
 .bss           0x00000000000186c4        0x0 obj_cooja/mtype644.a(list.o)
 .bss           0x00000000000186c4        0x8 obj_cooja/mtype644.a(etimer.o)
 .bss           0x00000000000186cc        0x5 obj_cooja/mtype644.a(ctimer.o)
 *fill*         0x00000000000186d1        0x3 00
 .bss           0x00000000000186d4        0x0 obj_cooja/mtype644.a(energest.o)
 .bss           0x00000000000186d4        0x0 obj_cooja/mtype644.a(random.o)
 .bss           0x00000000000186d4        0x0 obj_cooja/mtype644.a(ringbuf.o)
 .bss           0x00000000000186d4        0x0 obj_cooja/mtype644.a(netstack.o)
 *fill*         0x00000000000186d4        0xc 00
 .bss           0x00000000000186e0       0xd8 obj_cooja/mtype644.a(packetbuf.o)
 *fill*         0x00000000000187b8        0x8 00
 .bss           0x00000000000187c0      0xcc0 obj_cooja/mtype644.a(queuebuf.o)
 .bss           0x0000000000019480        0x1 obj_cooja/mtype644.a(simEnvChange.o)
                0x0000000000019480                simDontFallAsleep
 *fill*         0x0000000000019481        0x3 00
 .bss           0x0000000000019484        0x4 obj_cooja/mtype644.a(cooja_mt.o)
 .bss           0x0000000000019488        0x4 obj_cooja/mtype644.a(cooja_mtarch.o)
 .bss           0x000000000001948c        0xc obj_cooja/mtype644.a(rtimer-arch.o)
 .bss           0x0000000000019498        0x0 obj_cooja/mtype644.a(beep.o)
 .bss           0x0000000000019498        0x8 obj_cooja/mtype644.a(button-sensor.o)
 .bss           0x00000000000194a0        0x0 obj_cooja/mtype644.a(leds-arch.o)
 .bss           0x00000000000194a0        0x0 obj_cooja/mtype644.a(moteid.o)
 .bss           0x00000000000194a0        0x1 obj_cooja/mtype644.a(pir-sensor.o)
                0x00000000000194a0                simPirValue
 *fill*         0x00000000000194a1        0x3 00
 .bss           0x00000000000194a4        0x4 obj_cooja/mtype644.a(rs232.o)
 .bss           0x00000000000194a8        0x1 obj_cooja/mtype644.a(vib-sensor.o)
                0x00000000000194a8                simVibValue
 *fill*         0x00000000000194a9        0x3 00
 .bss           0x00000000000194ac        0x0 obj_cooja/mtype644.a(clock.o)
 *fill*         0x00000000000194ac       0x14 00
 .bss           0x00000000000194c0      0x421 obj_cooja/mtype644.a(log.o)
 *fill*         0x00000000000198e1       0x1f 00
 .bss           0x0000000000019900      0xfbc obj_cooja/mtype644.a(cfs-cooja.o)
                0x0000000000019900                simCFSData
                0x000000000001a8a0                simCFSChanged
                0x000000000001a8a4                simCFSRead
                0x000000000001a8a8                simCFSWritten
 .bss           0x000000000001a8bc       0x10 obj_cooja/mtype644.a(cooja-radio.o)
                0x000000000001a8bc                simReceiving
                0x000000000001a8c0                simInSize
                0x000000000001a8c4                simOutSize
 .bss           0x000000000001a8cc        0xc obj_cooja/mtype644.a(sensors.o)
 .bss           0x000000000001a8d8        0x2 obj_cooja/mtype644.a(leds.o)
 *fill*         0x000000000001a8da        0x2 00
 .bss           0x000000000001a8dc        0x0 obj_cooja/mtype644.a(framer-nullmac.)
 .bss           0x000000000001a8dc        0x0 obj_cooja/mtype644.a(memb.o)
 .bss           0x000000000001a8dc        0x0 obj_cooja/mtype644.a(timer.o)
 .bss           0x000000000001a8dc        0x4 obj_cooja/mtype644.a(rtimer.o)
 .bss           0x000000000001a8e0        0x0 /usr/lib/gcc/i686-linux-gnu/4.6/crtendS.o
 .bss           0x000000000001a8e0        0x0 /usr/lib/gcc/i686-linux-gnu/4.6/../../../i386-linux-gnu/crtn.o
 *(COMMON)
 COMMON         0x000000000001a8e0        0x8 obj_cooja/mtype644.o
                0x000000000001a8e0                referenceVar
                0x000000000001a8e4                sensors_flags
 COMMON         0x000000000001a8e8        0x2 obj_cooja/mtype644.a(rimeaddr.o)
                0x000000000001a8e8                rimeaddr_node_addr
 *fill*         0x000000000001a8ea       0x16 00
 COMMON         0x000000000001a900       0x48 obj_cooja/mtype644.a(rimestats.o)
                0x000000000001a900                rimestats
 *fill*         0x000000000001a948       0x18 00
 COMMON         0x000000000001a960      0x140 obj_cooja/mtype644.a(birdmac.o)
                0x000000000001a960                pc_mode
                0x000000000001a980                init_ctimer
                0x000000000001a9a0                data_ctimer
                0x000000000001a9c0                pt
                0x000000000001a9c4                dc
                0x000000000001a9c8                topo_info
                0x000000000001a9dc                pt_sche
                0x000000000001a9e0                data_ack_ctimer
                0x000000000001aa00                pt_init
                0x000000000001aa02                pt_data
                0x000000000001aa04                pc_state
                0x000000000001aa20                sche_ctimer
                0x000000000001aa40                pc_ctimer
                0x000000000001aa60                next_wakeup_time
                0x000000000001aa80                sche_cycle_ctimer
 COMMON         0x000000000001aaa0        0x1 obj_cooja/mtype644.a(serial-line.o)
                0x000000000001aaa0                serial_line_event_message
 *fill*         0x000000000001aaa1       0x1f 00
 COMMON         0x000000000001aac0       0x38 obj_cooja/mtype644.a(packetbuf.o)
                0x000000000001aac0                packetbuf_attrs
                0x000000000001aaf0                packetbuf_addrs
 COMMON         0x000000000001aaf8        0xc obj_cooja/mtype644.a(simEnvChange.o)
                0x000000000001aaf8                simEtimerPending
                0x000000000001aafc                simProcessRunValue
                0x000000000001ab00                simNextExpirationTime
 COMMON         0x000000000001ab04        0x1 obj_cooja/mtype644.a(beep.o)
                0x000000000001ab04                simBeeped
 COMMON         0x000000000001ab05        0x3 obj_cooja/mtype644.a(button-sensor.o)
                0x000000000001ab05                simButtonIsActive
                0x000000000001ab06                simButtonIsDown
                0x000000000001ab07                simButtonChanged
 COMMON         0x000000000001ab08        0x1 obj_cooja/mtype644.a(leds-arch.o)
                0x000000000001ab08                simLedsValue
 *fill*         0x000000000001ab09        0x3 00
 COMMON         0x000000000001ab0c        0xc obj_cooja/mtype644.a(moteid.o)
                0x000000000001ab0c                simRandomSeed
                0x000000000001ab10                simMoteIDChanged
                0x000000000001ab14                simMoteID
 COMMON         0x000000000001ab18        0x2 obj_cooja/mtype644.a(pir-sensor.o)
                0x000000000001ab18                simPirIsActive
                0x000000000001ab19                simPirChanged
 *fill*         0x000000000001ab1a        0x6 00
 COMMON         0x000000000001ab20      0x420 obj_cooja/mtype644.a(rs232.o)
                0x000000000001ab20                simSerialReceivingFlag
                0x000000000001ab24                simSerialReceivingLength
                0x000000000001ab40                simSerialReceivingData
 COMMON         0x000000000001af40        0x2 obj_cooja/mtype644.a(vib-sensor.o)
                0x000000000001af40                simVibChanged
                0x000000000001af41                simVibIsActive
 *fill*         0x000000000001af42        0x2 00
 COMMON         0x000000000001af44        0x4 obj_cooja/mtype644.a(clock.o)
                0x000000000001af44                simCurrentTime
 *fill*         0x000000000001af48       0x18 00
 COMMON         0x000000000001af60      0x420 obj_cooja/mtype644.a(log.o)
                0x000000000001af60                simLoggedLength
                0x000000000001af64                simLoggedFlag
                0x000000000001af80                simLoggedData
 COMMON         0x000000000001b380      0x100 obj_cooja/mtype644.a(cooja-radio.o)
                0x000000000001b380                simOutDataBuffer
                0x000000000001b400                simInDataBuffer
 COMMON         0x000000000001b480        0x1 obj_cooja/mtype644.a(sensors.o)
                0x000000000001b480                sensors_event
                0x000000000001b484                . = ALIGN ((. != 0x0)?0x4:0x1)
 *fill*         0x000000000001b481        0x3 00
                0x000000000001b484                . = ALIGN (0x4)
                0x000000000001b484                . = ALIGN (0x4)
                0x000000000001b484                _end = .
                0x000000000001b484                PROVIDE (end, .)
                0x000000000001b484                . = DATA_SEGMENT_END (.)

.stab
 *(.stab)

.stabstr
 *(.stabstr)

.stab.excl
 *(.stab.excl)

.stab.exclstr
 *(.stab.exclstr)

.stab.index
 *(.stab.index)

.stab.indexstr
 *(.stab.indexstr)

.comment        0x0000000000000000       0x2a
 *(.comment)
 .comment       0x0000000000000000       0x2a /usr/lib/gcc/i686-linux-gnu/4.6/crtbeginS.o
                                         0x2b (size before relaxing)
 .comment       0x0000000000000000       0x2b app.co
 .comment       0x0000000000000000       0x2b obj_cooja/mtype644.o
 .comment       0x0000000000000000       0x2b obj_cooja/dclock.o
 .comment       0x0000000000000000       0x2b obj_cooja/birdlog.o
 .comment       0x0000000000000000       0x2b obj_cooja/birddata.o
 .comment       0x0000000000000000       0x2b obj_cooja/birdtrace.o
 .comment       0x0000000000000000       0x2b obj_cooja/mtype644.a(rimeaddr.o)
 .comment       0x0000000000000000       0x2b obj_cooja/mtype644.a(rime.o)
 .comment       0x0000000000000000       0x2b obj_cooja/mtype644.a(rimestats.o)
 .comment       0x0000000000000000       0x2b obj_cooja/mtype644.a(announcement.o)
 .comment       0x0000000000000000       0x2b obj_cooja/mtype644.a(broadcast-annou)
 .comment       0x0000000000000000       0x2b obj_cooja/mtype644.a(broadcast.o)
 .comment       0x0000000000000000       0x2b obj_cooja/mtype644.a(unicast.o)
 .comment       0x0000000000000000       0x2b obj_cooja/mtype644.a(abc.o)
 .comment       0x0000000000000000       0x2b obj_cooja/mtype644.a(chameleon.o)
 .comment       0x0000000000000000       0x2b obj_cooja/mtype644.a(channel.o)
 .comment       0x0000000000000000       0x2b obj_cooja/mtype644.a(chameleon-bitop)
 .comment       0x0000000000000000       0x2b obj_cooja/mtype644.a(nullmac.o)
 .comment       0x0000000000000000       0x2b obj_cooja/mtype644.a(birdmac.o)
 .comment       0x0000000000000000       0x2b obj_cooja/mtype644.a(process.o)
 .comment       0x0000000000000000       0x2b obj_cooja/mtype644.a(autostart.o)
 .comment       0x0000000000000000       0x2b obj_cooja/mtype644.a(serial-line.o)
 .comment       0x0000000000000000       0x2b obj_cooja/mtype644.a(list.o)
 .comment       0x0000000000000000       0x2b obj_cooja/mtype644.a(etimer.o)
 .comment       0x0000000000000000       0x2b obj_cooja/mtype644.a(ctimer.o)
 .comment       0x0000000000000000       0x2b obj_cooja/mtype644.a(energest.o)
 .comment       0x0000000000000000       0x2b obj_cooja/mtype644.a(random.o)
 .comment       0x0000000000000000       0x2b obj_cooja/mtype644.a(ringbuf.o)
 .comment       0x0000000000000000       0x2b obj_cooja/mtype644.a(netstack.o)
 .comment       0x0000000000000000       0x2b obj_cooja/mtype644.a(packetbuf.o)
 .comment       0x0000000000000000       0x2b obj_cooja/mtype644.a(queuebuf.o)
 .comment       0x0000000000000000       0x2b obj_cooja/mtype644.a(simEnvChange.o)
 .comment       0x0000000000000000       0x2b obj_cooja/mtype644.a(cooja_mt.o)
 .comment       0x0000000000000000       0x2b obj_cooja/mtype644.a(cooja_mtarch.o)
 .comment       0x0000000000000000       0x2b obj_cooja/mtype644.a(rtimer-arch.o)
 .comment       0x0000000000000000       0x2b obj_cooja/mtype644.a(beep.o)
 .comment       0x0000000000000000       0x2b obj_cooja/mtype644.a(button-sensor.o)
 .comment       0x0000000000000000       0x2b obj_cooja/mtype644.a(leds-arch.o)
 .comment       0x0000000000000000       0x2b obj_cooja/mtype644.a(moteid.o)
 .comment       0x0000000000000000       0x2b obj_cooja/mtype644.a(pir-sensor.o)
 .comment       0x0000000000000000       0x2b obj_cooja/mtype644.a(rs232.o)
 .comment       0x0000000000000000       0x2b obj_cooja/mtype644.a(vib-sensor.o)
 .comment       0x0000000000000000       0x2b obj_cooja/mtype644.a(clock.o)
 .comment       0x0000000000000000       0x2b obj_cooja/mtype644.a(log.o)
 .comment       0x0000000000000000       0x2b obj_cooja/mtype644.a(cfs-cooja.o)
 .comment       0x0000000000000000       0x2b obj_cooja/mtype644.a(cooja-radio.o)
 .comment       0x0000000000000000       0x2b obj_cooja/mtype644.a(sensors.o)
 .comment       0x0000000000000000       0x2b obj_cooja/mtype644.a(leds.o)
 .comment       0x0000000000000000       0x2b obj_cooja/mtype644.a(framer-nullmac.)
 .comment       0x0000000000000000       0x2b obj_cooja/mtype644.a(memb.o)
 .comment       0x0000000000000000       0x2b obj_cooja/mtype644.a(timer.o)
 .comment       0x0000000000000000       0x2b obj_cooja/mtype644.a(rtimer.o)
 .comment       0x0000000000000000       0x2b /usr/lib/gcc/i686-linux-gnu/4.6/crtendS.o

.debug
 *(.debug)

.line
 *(.line)

.debug_srcinfo
 *(.debug_srcinfo)

.debug_sfnames
 *(.debug_sfnames)

.debug_aranges  0x0000000000000000      0x660
 *(.debug_aranges)
 .debug_aranges
                0x0000000000000000       0x20 app.co
 .debug_aranges
                0x0000000000000020       0x20 obj_cooja/mtype644.o
 .debug_aranges
                0x0000000000000040       0x20 obj_cooja/dclock.o
 .debug_aranges
                0x0000000000000060       0x20 obj_cooja/birdlog.o
 .debug_aranges
                0x0000000000000080       0x20 obj_cooja/birddata.o
 .debug_aranges
                0x00000000000000a0       0x20 obj_cooja/birdtrace.o
 .debug_aranges
                0x00000000000000c0       0x20 obj_cooja/mtype644.a(rimeaddr.o)
 .debug_aranges
                0x00000000000000e0       0x20 obj_cooja/mtype644.a(rime.o)
 .debug_aranges
                0x0000000000000100       0x20 obj_cooja/mtype644.a(announcement.o)
 .debug_aranges
                0x0000000000000120       0x20 obj_cooja/mtype644.a(broadcast-annou)
 .debug_aranges
                0x0000000000000140       0x20 obj_cooja/mtype644.a(broadcast.o)
 .debug_aranges
                0x0000000000000160       0x20 obj_cooja/mtype644.a(unicast.o)
 .debug_aranges
                0x0000000000000180       0x20 obj_cooja/mtype644.a(abc.o)
 .debug_aranges
                0x00000000000001a0       0x20 obj_cooja/mtype644.a(chameleon.o)
 .debug_aranges
                0x00000000000001c0       0x20 obj_cooja/mtype644.a(channel.o)
 .debug_aranges
                0x00000000000001e0       0x20 obj_cooja/mtype644.a(chameleon-bitop)
 .debug_aranges
                0x0000000000000200       0x20 obj_cooja/mtype644.a(nullmac.o)
 .debug_aranges
                0x0000000000000220       0x20 obj_cooja/mtype644.a(birdmac.o)
 .debug_aranges
                0x0000000000000240       0x20 obj_cooja/mtype644.a(process.o)
 .debug_aranges
                0x0000000000000260       0x20 obj_cooja/mtype644.a(autostart.o)
 .debug_aranges
                0x0000000000000280       0x20 obj_cooja/mtype644.a(serial-line.o)
 .debug_aranges
                0x00000000000002a0       0x20 obj_cooja/mtype644.a(list.o)
 .debug_aranges
                0x00000000000002c0       0x20 obj_cooja/mtype644.a(etimer.o)
 .debug_aranges
                0x00000000000002e0       0x20 obj_cooja/mtype644.a(ctimer.o)
 .debug_aranges
                0x0000000000000300       0x20 obj_cooja/mtype644.a(energest.o)
 .debug_aranges
                0x0000000000000320       0x20 obj_cooja/mtype644.a(random.o)
 .debug_aranges
                0x0000000000000340       0x20 obj_cooja/mtype644.a(ringbuf.o)
 .debug_aranges
                0x0000000000000360       0x20 obj_cooja/mtype644.a(netstack.o)
 .debug_aranges
                0x0000000000000380       0x20 obj_cooja/mtype644.a(packetbuf.o)
 .debug_aranges
                0x00000000000003a0       0x20 obj_cooja/mtype644.a(queuebuf.o)
 .debug_aranges
                0x00000000000003c0       0x20 obj_cooja/mtype644.a(simEnvChange.o)
 .debug_aranges
                0x00000000000003e0       0x20 obj_cooja/mtype644.a(cooja_mt.o)
 .debug_aranges
                0x0000000000000400       0x20 obj_cooja/mtype644.a(cooja_mtarch.o)
 .debug_aranges
                0x0000000000000420       0x20 obj_cooja/mtype644.a(rtimer-arch.o)
 .debug_aranges
                0x0000000000000440       0x20 obj_cooja/mtype644.a(beep.o)
 .debug_aranges
                0x0000000000000460       0x20 obj_cooja/mtype644.a(button-sensor.o)
 .debug_aranges
                0x0000000000000480       0x20 obj_cooja/mtype644.a(leds-arch.o)
 .debug_aranges
                0x00000000000004a0       0x20 obj_cooja/mtype644.a(moteid.o)
 .debug_aranges
                0x00000000000004c0       0x20 obj_cooja/mtype644.a(pir-sensor.o)
 .debug_aranges
                0x00000000000004e0       0x20 obj_cooja/mtype644.a(rs232.o)
 .debug_aranges
                0x0000000000000500       0x20 obj_cooja/mtype644.a(vib-sensor.o)
 .debug_aranges
                0x0000000000000520       0x20 obj_cooja/mtype644.a(clock.o)
 .debug_aranges
                0x0000000000000540       0x20 obj_cooja/mtype644.a(log.o)
 .debug_aranges
                0x0000000000000560       0x20 obj_cooja/mtype644.a(cfs-cooja.o)
 .debug_aranges
                0x0000000000000580       0x20 obj_cooja/mtype644.a(cooja-radio.o)
 .debug_aranges
                0x00000000000005a0       0x20 obj_cooja/mtype644.a(sensors.o)
 .debug_aranges
                0x00000000000005c0       0x20 obj_cooja/mtype644.a(leds.o)
 .debug_aranges
                0x00000000000005e0       0x20 obj_cooja/mtype644.a(framer-nullmac.)
 .debug_aranges
                0x0000000000000600       0x20 obj_cooja/mtype644.a(memb.o)
 .debug_aranges
                0x0000000000000620       0x20 obj_cooja/mtype644.a(timer.o)
 .debug_aranges
                0x0000000000000640       0x20 obj_cooja/mtype644.a(rtimer.o)

.debug_pubnames
 *(.debug_pubnames)

.debug_info     0x0000000000000000     0xf6cb
 *(.debug_info .gnu.linkonce.wi.*)
 .debug_info    0x0000000000000000      0x5cb app.co
 .debug_info    0x00000000000005cb     0x390a obj_cooja/mtype644.o
 .debug_info    0x0000000000003ed5      0x230 obj_cooja/dclock.o
 .debug_info    0x0000000000004105      0x203 obj_cooja/birdlog.o
 .debug_info    0x0000000000004308      0x556 obj_cooja/birddata.o
 .debug_info    0x000000000000485e      0x312 obj_cooja/birdtrace.o
 .debug_info    0x0000000000004b70      0x165 obj_cooja/mtype644.a(rimeaddr.o)
 .debug_info    0x0000000000004cd5      0x5cd obj_cooja/mtype644.a(rime.o)
 .debug_info    0x00000000000052a2      0x146 obj_cooja/mtype644.a(rimestats.o)
 .debug_info    0x00000000000053e8      0x3d1 obj_cooja/mtype644.a(announcement.o)
 .debug_info    0x00000000000057b9      0x83b obj_cooja/mtype644.a(broadcast-annou)
 .debug_info    0x0000000000005ff4      0x559 obj_cooja/mtype644.a(broadcast.o)
 .debug_info    0x000000000000654d      0x5fa obj_cooja/mtype644.a(unicast.o)
 .debug_info    0x0000000000006b47      0x42d obj_cooja/mtype644.a(abc.o)
 .debug_info    0x0000000000006f74      0x3ce obj_cooja/mtype644.a(chameleon.o)
 .debug_info    0x0000000000007342      0x2c8 obj_cooja/mtype644.a(channel.o)
 .debug_info    0x000000000000760a      0x764 obj_cooja/mtype644.a(chameleon-bitop)
 .debug_info    0x0000000000007d6e      0x411 obj_cooja/mtype644.a(nullmac.o)
 .debug_info    0x000000000000817f     0x174c obj_cooja/mtype644.a(birdmac.o)
 .debug_info    0x00000000000098cb      0x4fe obj_cooja/mtype644.a(process.o)
 .debug_info    0x0000000000009dc9      0x1b5 obj_cooja/mtype644.a(autostart.o)
 .debug_info    0x0000000000009f7e      0x2f2 obj_cooja/mtype644.a(serial-line.o)
 .debug_info    0x000000000000a270      0x31f obj_cooja/mtype644.a(list.o)
 .debug_info    0x000000000000a58f      0x4b1 obj_cooja/mtype644.a(etimer.o)
 .debug_info    0x000000000000aa40      0x453 obj_cooja/mtype644.a(ctimer.o)
 .debug_info    0x000000000000ae93       0xf1 obj_cooja/mtype644.a(energest.o)
 .debug_info    0x000000000000af84       0xb4 obj_cooja/mtype644.a(random.o)
 .debug_info    0x000000000000b038      0x1bf obj_cooja/mtype644.a(ringbuf.o)
 .debug_info    0x000000000000b1f7      0x3b6 obj_cooja/mtype644.a(netstack.o)
 .debug_info    0x000000000000b5ad      0x5b6 obj_cooja/mtype644.a(packetbuf.o)
 .debug_info    0x000000000000bb63      0x69a obj_cooja/mtype644.a(queuebuf.o)
 .debug_info    0x000000000000c1fd      0x164 obj_cooja/mtype644.a(simEnvChange.o)
 .debug_info    0x000000000000c361      0x1f9 obj_cooja/mtype644.a(cooja_mt.o)
 .debug_info    0x000000000000c55a      0x327 obj_cooja/mtype644.a(cooja_mtarch.o)
 .debug_info    0x000000000000c881      0x182 obj_cooja/mtype644.a(rtimer-arch.o)
 .debug_info    0x000000000000ca03      0x21d obj_cooja/mtype644.a(beep.o)
 .debug_info    0x000000000000cc20      0x277 obj_cooja/mtype644.a(button-sensor.o)
 .debug_info    0x000000000000ce97      0x144 obj_cooja/mtype644.a(leds-arch.o)
 .debug_info    0x000000000000cfdb      0x112 obj_cooja/mtype644.a(moteid.o)
 .debug_info    0x000000000000d0ed      0x232 obj_cooja/mtype644.a(pir-sensor.o)
 .debug_info    0x000000000000d31f      0x24e obj_cooja/mtype644.a(rs232.o)
 .debug_info    0x000000000000d56d      0x232 obj_cooja/mtype644.a(vib-sensor.o)
 .debug_info    0x000000000000d79f      0x168 obj_cooja/mtype644.a(clock.o)
 .debug_info    0x000000000000d907      0x2df obj_cooja/mtype644.a(log.o)
 .debug_info    0x000000000000dbe6      0x412 obj_cooja/mtype644.a(cfs-cooja.o)
 .debug_info    0x000000000000dff8      0x97f obj_cooja/mtype644.a(cooja-radio.o)
 .debug_info    0x000000000000e977      0x394 obj_cooja/mtype644.a(sensors.o)
 .debug_info    0x000000000000ed0b      0x1c0 obj_cooja/mtype644.a(leds.o)
 .debug_info    0x000000000000eecb      0x32b obj_cooja/mtype644.a(framer-nullmac.)
 .debug_info    0x000000000000f1f6      0x1a1 obj_cooja/mtype644.a(memb.o)
 .debug_info    0x000000000000f397      0x17d obj_cooja/mtype644.a(timer.o)
 .debug_info    0x000000000000f514      0x1b7 obj_cooja/mtype644.a(rtimer.o)

.debug_abbrev   0x0000000000000000     0x4274
 *(.debug_abbrev)
 .debug_abbrev  0x0000000000000000      0x1a3 app.co
 .debug_abbrev  0x00000000000001a3      0x280 obj_cooja/mtype644.o
 .debug_abbrev  0x0000000000000423       0xca obj_cooja/dclock.o
 .debug_abbrev  0x00000000000004ed       0xd1 obj_cooja/birdlog.o
 .debug_abbrev  0x00000000000005be      0x139 obj_cooja/birddata.o
 .debug_abbrev  0x00000000000006f7      0x140 obj_cooja/birdtrace.o
 .debug_abbrev  0x0000000000000837       0xd2 obj_cooja/mtype644.a(rimeaddr.o)
 .debug_abbrev  0x0000000000000909      0x1ee obj_cooja/mtype644.a(rime.o)
 .debug_abbrev  0x0000000000000af7       0x5d obj_cooja/mtype644.a(rimestats.o)
 .debug_abbrev  0x0000000000000b54      0x14c obj_cooja/mtype644.a(announcement.o)
 .debug_abbrev  0x0000000000000ca0      0x1e5 obj_cooja/mtype644.a(broadcast-annou)
 .debug_abbrev  0x0000000000000e85      0x1ce obj_cooja/mtype644.a(broadcast.o)
 .debug_abbrev  0x0000000000001053      0x1ce obj_cooja/mtype644.a(unicast.o)
 .debug_abbrev  0x0000000000001221      0x182 obj_cooja/mtype644.a(abc.o)
 .debug_abbrev  0x00000000000013a3      0x1b3 obj_cooja/mtype644.a(chameleon.o)
 .debug_abbrev  0x0000000000001556      0x169 obj_cooja/mtype644.a(channel.o)
 .debug_abbrev  0x00000000000016bf      0x20d obj_cooja/mtype644.a(chameleon-bitop)
 .debug_abbrev  0x00000000000018cc      0x1d4 obj_cooja/mtype644.a(nullmac.o)
 .debug_abbrev  0x0000000000001aa0      0x36d obj_cooja/mtype644.a(birdmac.o)
 .debug_abbrev  0x0000000000001e0d      0x1fb obj_cooja/mtype644.a(process.o)
 .debug_abbrev  0x0000000000002008       0xf5 obj_cooja/mtype644.a(autostart.o)
 .debug_abbrev  0x00000000000020fd      0x18e obj_cooja/mtype644.a(serial-line.o)
 .debug_abbrev  0x000000000000228b      0x11c obj_cooja/mtype644.a(list.o)
 .debug_abbrev  0x00000000000023a7      0x1cc obj_cooja/mtype644.a(etimer.o)
 .debug_abbrev  0x0000000000002573      0x195 obj_cooja/mtype644.a(ctimer.o)
 .debug_abbrev  0x0000000000002708       0x8d obj_cooja/mtype644.a(energest.o)
 .debug_abbrev  0x0000000000002795       0x67 obj_cooja/mtype644.a(random.o)
 .debug_abbrev  0x00000000000027fc       0xd2 obj_cooja/mtype644.a(ringbuf.o)
 .debug_abbrev  0x00000000000028ce       0xda obj_cooja/mtype644.a(netstack.o)
 .debug_abbrev  0x00000000000029a8      0x1be obj_cooja/mtype644.a(packetbuf.o)
 .debug_abbrev  0x0000000000002b66      0x1b6 obj_cooja/mtype644.a(queuebuf.o)
 .debug_abbrev  0x0000000000002d1c       0xc0 obj_cooja/mtype644.a(simEnvChange.o)
 .debug_abbrev  0x0000000000002ddc       0xe0 obj_cooja/mtype644.a(cooja_mt.o)
 .debug_abbrev  0x0000000000002ebc      0x126 obj_cooja/mtype644.a(cooja_mtarch.o)
 .debug_abbrev  0x0000000000002fe2       0xa9 obj_cooja/mtype644.a(rtimer-arch.o)
 .debug_abbrev  0x000000000000308b       0xda obj_cooja/mtype644.a(beep.o)
 .debug_abbrev  0x0000000000003165       0xe6 obj_cooja/mtype644.a(button-sensor.o)
 .debug_abbrev  0x000000000000324b       0xd5 obj_cooja/mtype644.a(leds-arch.o)
 .debug_abbrev  0x0000000000003320       0x83 obj_cooja/mtype644.a(moteid.o)
 .debug_abbrev  0x00000000000033a3       0xca obj_cooja/mtype644.a(pir-sensor.o)
 .debug_abbrev  0x000000000000346d      0x13a obj_cooja/mtype644.a(rs232.o)
 .debug_abbrev  0x00000000000035a7       0xca obj_cooja/mtype644.a(vib-sensor.o)
 .debug_abbrev  0x0000000000003671       0xe2 obj_cooja/mtype644.a(clock.o)
 .debug_abbrev  0x0000000000003753      0x11e obj_cooja/mtype644.a(log.o)
 .debug_abbrev  0x0000000000003871      0x133 obj_cooja/mtype644.a(cfs-cooja.o)
 .debug_abbrev  0x00000000000039a4      0x24f obj_cooja/mtype644.a(cooja-radio.o)
 .debug_abbrev  0x0000000000003bf3      0x19c obj_cooja/mtype644.a(sensors.o)
 .debug_abbrev  0x0000000000003d8f       0xaf obj_cooja/mtype644.a(leds.o)
 .debug_abbrev  0x0000000000003e3e      0x16e obj_cooja/mtype644.a(framer-nullmac.)
 .debug_abbrev  0x0000000000003fac       0xdb obj_cooja/mtype644.a(memb.o)
 .debug_abbrev  0x0000000000004087       0xd2 obj_cooja/mtype644.a(timer.o)
 .debug_abbrev  0x0000000000004159      0x11b obj_cooja/mtype644.a(rtimer.o)

.debug_line     0x0000000000000000     0x3de4
 *(.debug_line)
 .debug_line    0x0000000000000000      0x16c app.co
 .debug_line    0x000000000000016c      0x3b4 obj_cooja/mtype644.o
 .debug_line    0x0000000000000520       0x96 obj_cooja/dclock.o
 .debug_line    0x00000000000005b6       0xa4 obj_cooja/birdlog.o
 .debug_line    0x000000000000065a      0x143 obj_cooja/birddata.o
 .debug_line    0x000000000000079d      0x105 obj_cooja/birdtrace.o
 .debug_line    0x00000000000008a2       0x7d obj_cooja/mtype644.a(rimeaddr.o)
 .debug_line    0x000000000000091f      0x15d obj_cooja/mtype644.a(rime.o)
 .debug_line    0x0000000000000a7c       0x65 obj_cooja/mtype644.a(rimestats.o)
 .debug_line    0x0000000000000ae1      0x10a obj_cooja/mtype644.a(announcement.o)
 .debug_line    0x0000000000000beb      0x1eb obj_cooja/mtype644.a(broadcast-annou)
 .debug_line    0x0000000000000dd6       0xfb obj_cooja/mtype644.a(broadcast.o)
 .debug_line    0x0000000000000ed1      0x106 obj_cooja/mtype644.a(unicast.o)
 .debug_line    0x0000000000000fd7       0xd4 obj_cooja/mtype644.a(abc.o)
 .debug_line    0x00000000000010ab       0xeb obj_cooja/mtype644.a(chameleon.o)
 .debug_line    0x0000000000001196       0xf3 obj_cooja/mtype644.a(channel.o)
 .debug_line    0x0000000000001289      0x1ec obj_cooja/mtype644.a(chameleon-bitop)
 .debug_line    0x0000000000001475       0xef obj_cooja/mtype644.a(nullmac.o)
 .debug_line    0x0000000000001564      0xb08 obj_cooja/mtype644.a(birdmac.o)
 .debug_line    0x000000000000206c      0x175 obj_cooja/mtype644.a(process.o)
 .debug_line    0x00000000000021e1       0xa8 obj_cooja/mtype644.a(autostart.o)
 .debug_line    0x0000000000002289      0x113 obj_cooja/mtype644.a(serial-line.o)
 .debug_line    0x000000000000239c      0x105 obj_cooja/mtype644.a(list.o)
 .debug_line    0x00000000000024a1      0x186 obj_cooja/mtype644.a(etimer.o)
 .debug_line    0x0000000000002627      0x16e obj_cooja/mtype644.a(ctimer.o)
 .debug_line    0x0000000000002795       0x51 obj_cooja/mtype644.a(energest.o)
 .debug_line    0x00000000000027e6       0x4c obj_cooja/mtype644.a(random.o)
 .debug_line    0x0000000000002832       0xa6 obj_cooja/mtype644.a(ringbuf.o)
 .debug_line    0x00000000000028d8       0xb0 obj_cooja/mtype644.a(netstack.o)
 .debug_line    0x0000000000002988      0x163 obj_cooja/mtype644.a(packetbuf.o)
 .debug_line    0x0000000000002aeb      0x126 obj_cooja/mtype644.a(queuebuf.o)
 .debug_line    0x0000000000002c11       0xd4 obj_cooja/mtype644.a(simEnvChange.o)
 .debug_line    0x0000000000002ce5       0xc6 obj_cooja/mtype644.a(cooja_mt.o)
 .debug_line    0x0000000000002dab       0xf9 obj_cooja/mtype644.a(cooja_mtarch.o)
 .debug_line    0x0000000000002ea4       0xb0 obj_cooja/mtype644.a(rtimer-arch.o)
 .debug_line    0x0000000000002f54       0xc3 obj_cooja/mtype644.a(beep.o)
 .debug_line    0x0000000000003017      0x12a obj_cooja/mtype644.a(button-sensor.o)
 .debug_line    0x0000000000003141       0x8e obj_cooja/mtype644.a(leds-arch.o)
 .debug_line    0x00000000000031cf       0x84 obj_cooja/mtype644.a(moteid.o)
 .debug_line    0x0000000000003253       0xbf obj_cooja/mtype644.a(pir-sensor.o)
 .debug_line    0x0000000000003312       0xc6 obj_cooja/mtype644.a(rs232.o)
 .debug_line    0x00000000000033d8       0xbf obj_cooja/mtype644.a(vib-sensor.o)
 .debug_line    0x0000000000003497       0xb4 obj_cooja/mtype644.a(clock.o)
 .debug_line    0x000000000000354b      0x113 obj_cooja/mtype644.a(log.o)
 .debug_line    0x000000000000365e       0xfb obj_cooja/mtype644.a(cfs-cooja.o)
 .debug_line    0x0000000000003759      0x20f obj_cooja/mtype644.a(cooja-radio.o)
 .debug_line    0x0000000000003968      0x11f obj_cooja/mtype644.a(sensors.o)
 .debug_line    0x0000000000003a87       0x6d obj_cooja/mtype644.a(leds.o)
 .debug_line    0x0000000000003af4       0xf2 obj_cooja/mtype644.a(framer-nullmac.)
 .debug_line    0x0000000000003be6       0xae obj_cooja/mtype644.a(memb.o)
 .debug_line    0x0000000000003c94       0xa7 obj_cooja/mtype644.a(timer.o)
 .debug_line    0x0000000000003d3b       0xa9 obj_cooja/mtype644.a(rtimer.o)

.debug_frame
 *(.debug_frame)

.debug_str      0x0000000000000000     0x4614
 *(.debug_str)
 .debug_str     0x0000000000000000      0x20e app.co
                                        0x2cc (size before relaxing)
 .debug_str     0x000000000000020e     0x17ad obj_cooja/mtype644.o
                                       0x19f1 (size before relaxing)
 .debug_str     0x00000000000019bb       0xa8 obj_cooja/dclock.o
                                        0x18b (size before relaxing)
 .debug_str     0x0000000000001a63       0x8e obj_cooja/birdlog.o
                                        0x170 (size before relaxing)
 .debug_str     0x0000000000001af1      0x15c obj_cooja/birddata.o
                                        0x27e (size before relaxing)
 .debug_str     0x0000000000001c4d      0x1e8 obj_cooja/birdtrace.o
                                        0x321 (size before relaxing)
 .debug_str     0x0000000000001e35       0x6a obj_cooja/mtype644.a(rimeaddr.o)
                                        0x149 (size before relaxing)
 .debug_str     0x0000000000001e9f      0x178 obj_cooja/mtype644.a(rime.o)
                                        0x372 (size before relaxing)
 .debug_str     0x0000000000002017       0x20 obj_cooja/mtype644.a(rimestats.o)
                                        0x100 (size before relaxing)
 .debug_str     0x0000000000002037      0x19f obj_cooja/mtype644.a(announcement.o)
                                        0x2d7 (size before relaxing)
 .debug_str     0x00000000000021d6      0x187 obj_cooja/mtype644.a(broadcast-annou)
                                        0x42f (size before relaxing)
 .debug_str     0x000000000000235d      0x34e obj_cooja/mtype644.a(broadcast.o)
                                        0x533 (size before relaxing)
 .debug_str     0x00000000000026ab       0x75 obj_cooja/mtype644.a(unicast.o)
                                        0x55d (size before relaxing)
 .debug_str     0x0000000000002720       0x49 obj_cooja/mtype644.a(abc.o)
                                        0x4c4 (size before relaxing)
 .debug_str     0x0000000000002769       0x97 obj_cooja/mtype644.a(chameleon.o)
                                        0x4e4 (size before relaxing)
 .debug_str     0x0000000000002800       0x8b obj_cooja/mtype644.a(channel.o)
                                        0x1fd (size before relaxing)
 .debug_str     0x000000000000288b       0xc4 obj_cooja/mtype644.a(chameleon-bitop)
                                        0x572 (size before relaxing)
 .debug_str     0x000000000000294f       0x44 obj_cooja/mtype644.a(nullmac.o)
                                        0x21b (size before relaxing)
 .debug_str     0x0000000000002993      0x78a obj_cooja/mtype644.a(birdmac.o)
                                        0xe5f (size before relaxing)
 .debug_str     0x000000000000311d      0x15d obj_cooja/mtype644.a(process.o)
                                        0x28b (size before relaxing)
 .debug_str     0x000000000000327a       0x3a obj_cooja/mtype644.a(autostart.o)
                                        0x14c (size before relaxing)
 .debug_str     0x00000000000032b4       0xb4 obj_cooja/mtype644.a(serial-line.o)
                                        0x20b (size before relaxing)
 .debug_str     0x0000000000003368       0xa8 obj_cooja/mtype644.a(list.o)
                                         0xfe (size before relaxing)
 .debug_str     0x0000000000003410      0x133 obj_cooja/mtype644.a(etimer.o)
                                        0x2a1 (size before relaxing)
 .debug_str     0x0000000000003543       0xb9 obj_cooja/mtype644.a(ctimer.o)
                                        0x235 (size before relaxing)
 .debug_str     0x00000000000035fc       0x5c obj_cooja/mtype644.a(energest.o)
                                        0x117 (size before relaxing)
 .debug_str     0x0000000000003658       0x35 obj_cooja/mtype644.a(random.o)
                                         0xf9 (size before relaxing)
 .debug_str     0x000000000000368d       0x5c obj_cooja/mtype644.a(ringbuf.o)
                                        0x149 (size before relaxing)
 .debug_str     0x00000000000036e9       0x28 obj_cooja/mtype644.a(netstack.o)
                                        0x1f6 (size before relaxing)
 .debug_str     0x0000000000003711      0x1df obj_cooja/mtype644.a(packetbuf.o)
                                        0x612 (size before relaxing)
 .debug_str     0x00000000000038f0      0x18a obj_cooja/mtype644.a(queuebuf.o)
                                        0x5e0 (size before relaxing)
 .debug_str     0x0000000000003a7a       0x28 obj_cooja/mtype644.a(simEnvChange.o)
                                        0x187 (size before relaxing)
 .debug_str     0x0000000000003aa2       0x85 obj_cooja/mtype644.a(cooja_mt.o)
                                        0x1b1 (size before relaxing)
 .debug_str     0x0000000000003b27       0xf5 obj_cooja/mtype644.a(cooja_mtarch.o)
                                        0x237 (size before relaxing)
 .debug_str     0x0000000000003c1c       0xbd obj_cooja/mtype644.a(rtimer-arch.o)
                                        0x1d5 (size before relaxing)
 .debug_str     0x0000000000003cd9       0xbe obj_cooja/mtype644.a(beep.o)
                                        0x1ce (size before relaxing)
 .debug_str     0x0000000000003d97       0x6a obj_cooja/mtype644.a(button-sensor.o)
                                        0x1fe (size before relaxing)
 .debug_str     0x0000000000003e01       0x5d obj_cooja/mtype644.a(leds-arch.o)
                                        0x199 (size before relaxing)
 .debug_str     0x0000000000003e5e       0x41 obj_cooja/mtype644.a(moteid.o)
                                        0x184 (size before relaxing)
 .debug_str     0x0000000000003e9f       0x4f obj_cooja/mtype644.a(pir-sensor.o)
                                        0x1bb (size before relaxing)
 .debug_str     0x0000000000003eee       0xd5 obj_cooja/mtype644.a(rs232.o)
                                        0x224 (size before relaxing)
 .debug_str     0x0000000000003fc3       0x4f obj_cooja/mtype644.a(vib-sensor.o)
                                        0x1bb (size before relaxing)
 .debug_str     0x0000000000004012       0x51 obj_cooja/mtype644.a(clock.o)
                                        0x1b0 (size before relaxing)
 .debug_str     0x0000000000004063       0xb8 obj_cooja/mtype644.a(log.o)
                                        0x23e (size before relaxing)
 .debug_str     0x000000000000411b      0x107 obj_cooja/mtype644.a(cfs-cooja.o)
                                        0x25c (size before relaxing)
 .debug_str     0x0000000000004222      0x1a1 obj_cooja/mtype644.a(cooja-radio.o)
                                        0x59f (size before relaxing)
 .debug_str     0x00000000000043c3       0xa2 obj_cooja/mtype644.a(sensors.o)
                                        0x220 (size before relaxing)
 .debug_str     0x0000000000004465       0x6c obj_cooja/mtype644.a(leds.o)
                                        0x136 (size before relaxing)
 .debug_str     0x00000000000044d1       0x30 obj_cooja/mtype644.a(framer-nullmac.)
                                        0x480 (size before relaxing)
 .debug_str     0x0000000000004501       0x46 obj_cooja/mtype644.a(memb.o)
                                        0x111 (size before relaxing)
 .debug_str     0x0000000000004547       0x27 obj_cooja/mtype644.a(timer.o)
                                        0x136 (size before relaxing)
 .debug_str     0x000000000000456e       0xa6 obj_cooja/mtype644.a(rtimer.o)
                                        0x18e (size before relaxing)

.debug_loc      0x0000000000000000     0x52d0
 *(.debug_loc)
 .debug_loc     0x0000000000000000       0x70 app.co
 .debug_loc     0x0000000000000070      0x218 obj_cooja/mtype644.o
 .debug_loc     0x0000000000000288      0x188 obj_cooja/dclock.o
 .debug_loc     0x0000000000000410      0x118 obj_cooja/birdlog.o
 .debug_loc     0x0000000000000528      0x2d8 obj_cooja/birddata.o
 .debug_loc     0x0000000000000800      0x188 obj_cooja/birdtrace.o
 .debug_loc     0x0000000000000988       0xa8 obj_cooja/mtype644.a(rimeaddr.o)
 .debug_loc     0x0000000000000a30      0x150 obj_cooja/mtype644.a(rime.o)
 .debug_loc     0x0000000000000b80      0x268 obj_cooja/mtype644.a(announcement.o)
 .debug_loc     0x0000000000000de8      0x1f8 obj_cooja/mtype644.a(broadcast-annou)
 .debug_loc     0x0000000000000fe0      0x188 obj_cooja/mtype644.a(broadcast.o)
 .debug_loc     0x0000000000001168      0x188 obj_cooja/mtype644.a(unicast.o)
 .debug_loc     0x00000000000012f0      0x118 obj_cooja/mtype644.a(abc.o)
 .debug_loc     0x0000000000001408      0x118 obj_cooja/mtype644.a(chameleon.o)
 .debug_loc     0x0000000000001520      0x118 obj_cooja/mtype644.a(channel.o)
 .debug_loc     0x0000000000001638      0x268 obj_cooja/mtype644.a(chameleon-bitop)
 .debug_loc     0x00000000000018a0      0x150 obj_cooja/mtype644.a(nullmac.o)
 .debug_loc     0x00000000000019f0      0x5e8 obj_cooja/mtype644.a(birdmac.o)
 .debug_loc     0x0000000000001fd8      0x310 obj_cooja/mtype644.a(process.o)
 .debug_loc     0x00000000000022e8       0x70 obj_cooja/mtype644.a(autostart.o)
 .debug_loc     0x0000000000002358       0xa8 obj_cooja/mtype644.a(serial-line.o)
 .debug_loc     0x0000000000002400      0x2a0 obj_cooja/mtype644.a(list.o)
 .debug_loc     0x00000000000026a0      0x310 obj_cooja/mtype644.a(etimer.o)
 .debug_loc     0x00000000000029b0      0x188 obj_cooja/mtype644.a(ctimer.o)
 .debug_loc     0x0000000000002b38       0xe0 obj_cooja/mtype644.a(energest.o)
 .debug_loc     0x0000000000002c18       0x70 obj_cooja/mtype644.a(random.o)
 .debug_loc     0x0000000000002c88      0x118 obj_cooja/mtype644.a(ringbuf.o)
 .debug_loc     0x0000000000002da0       0x38 obj_cooja/mtype644.a(netstack.o)
 .debug_loc     0x0000000000002dd8      0x498 obj_cooja/mtype644.a(packetbuf.o)
 .debug_loc     0x0000000000003270      0x268 obj_cooja/mtype644.a(queuebuf.o)
 .debug_loc     0x00000000000034d8       0x70 obj_cooja/mtype644.a(simEnvChange.o)
 .debug_loc     0x0000000000003548      0x150 obj_cooja/mtype644.a(cooja_mt.o)
 .debug_loc     0x0000000000003698      0x1f8 obj_cooja/mtype644.a(cooja_mtarch.o)
 .debug_loc     0x0000000000003890      0x150 obj_cooja/mtype644.a(rtimer-arch.o)
 .debug_loc     0x00000000000039e0      0x268 obj_cooja/mtype644.a(beep.o)
 .debug_loc     0x0000000000003c48      0x118 obj_cooja/mtype644.a(button-sensor.o)
 .debug_loc     0x0000000000003d60      0x118 obj_cooja/mtype644.a(leds-arch.o)
 .debug_loc     0x0000000000003e78       0x70 obj_cooja/mtype644.a(moteid.o)
 .debug_loc     0x0000000000003ee8      0x118 obj_cooja/mtype644.a(pir-sensor.o)
 .debug_loc     0x0000000000004000      0x1c0 obj_cooja/mtype644.a(rs232.o)
 .debug_loc     0x00000000000041c0      0x118 obj_cooja/mtype644.a(vib-sensor.o)
 .debug_loc     0x00000000000042d8      0x150 obj_cooja/mtype644.a(clock.o)
 .debug_loc     0x0000000000004428      0x1f8 obj_cooja/mtype644.a(log.o)
 .debug_loc     0x0000000000004620      0x268 obj_cooja/mtype644.a(cfs-cooja.o)
 .debug_loc     0x0000000000004888      0x3b8 obj_cooja/mtype644.a(cooja-radio.o)
 .debug_loc     0x0000000000004c40      0x150 obj_cooja/mtype644.a(sensors.o)
 .debug_loc     0x0000000000004d90      0x1c0 obj_cooja/mtype644.a(leds.o)
 .debug_loc     0x0000000000004f50       0xe0 obj_cooja/mtype644.a(framer-nullmac.)
 .debug_loc     0x0000000000005030       0xe0 obj_cooja/mtype644.a(memb.o)
 .debug_loc     0x0000000000005110      0x118 obj_cooja/mtype644.a(timer.o)
 .debug_loc     0x0000000000005228       0xa8 obj_cooja/mtype644.a(rtimer.o)

.debug_macinfo
 *(.debug_macinfo)

.debug_weaknames
 *(.debug_weaknames)

.debug_funcnames
 *(.debug_funcnames)

.debug_typenames
 *(.debug_typenames)

.debug_varnames
 *(.debug_varnames)

.debug_pubtypes
 *(.debug_pubtypes)

.debug_ranges   0x0000000000000000       0x60
 *(.debug_ranges)