Archive member included to satisfy reference by file (symbol)

obj_cooja/mtype64.a(rimeaddr.o)
                              app.co (rimeaddr_node_addr)
obj_cooja/mtype64.a(rime.o)   obj_cooja/mtype64.o (rime_driver)
obj_cooja/mtype64.a(rimestats.o)
                              obj_cooja/mtype64.a(rime.o) (rimestats)
obj_cooja/mtype64.a(announcement.o)
                              obj_cooja/mtype64.a(rime.o) (announcement_init)
obj_cooja/mtype64.a(broadcast-annou)
                              obj_cooja/mtype64.a(rime.o) (broadcast_announcement_init)
obj_cooja/mtype64.a(broadcast.o)
                              obj_cooja/mtype64.a(broadcast-annou) (broadcast_open)
obj_cooja/mtype64.a(unicast.o)
                              app.co (unicast_open)
obj_cooja/mtype64.a(abc.o)    obj_cooja/mtype64.a(broadcast.o) (abc_open)
obj_cooja/mtype64.a(chameleon.o)
                              obj_cooja/mtype64.a(rime.o) (chameleon_init)
obj_cooja/mtype64.a(channel.o)
                              obj_cooja/mtype64.a(chameleon.o) (channel_init)
obj_cooja/mtype64.a(chameleon-bitop)
                              obj_cooja/mtype64.a(chameleon.o) (chameleon_bitopt)
obj_cooja/mtype64.a(nullmac.o)
                              obj_cooja/mtype64.o (nullmac_driver)
obj_cooja/mtype64.a(birdmac.o)
                              obj_cooja/mtype64.o (birdmac_driver)
obj_cooja/mtype64.a(process.o)
                              obj_cooja/mtype64.o (process_start)
obj_cooja/mtype64.a(autostart.o)
                              obj_cooja/mtype64.o (autostart_start)
obj_cooja/mtype64.a(serial-line.o)
                              obj_cooja/mtype64.o (serial_line_init)
obj_cooja/mtype64.a(list.o)   obj_cooja/mtype64.a(announcement.o) (list_init)
obj_cooja/mtype64.a(etimer.o)
                              obj_cooja/mtype64.o (etimer_process)
obj_cooja/mtype64.a(ctimer.o)
                              obj_cooja/mtype64.o (ctimer_init)
obj_cooja/mtype64.a(energest.o)
                              obj_cooja/birdtrace.o (energest_type_time)
obj_cooja/mtype64.a(random.o)
                              obj_cooja/mtype64.a(birdmac.o) (random_init)
obj_cooja/mtype64.a(ringbuf.o)
                              obj_cooja/mtype64.a(serial-line.o) (ringbuf_init)
obj_cooja/mtype64.a(netstack.o)
                              obj_cooja/mtype64.o (netstack_init)
obj_cooja/mtype64.a(packetbuf.o)
                              obj_cooja/mtype64.a(chameleon.o) (packetbuf_attrs)
obj_cooja/mtype64.a(queuebuf.o)
                              obj_cooja/mtype64.o (queuebuf_init)
obj_cooja/mtype64.a(simEnvChange.o)
                              obj_cooja/mtype64.o (simDontFallAsleep)
obj_cooja/mtype64.a(cooja_mt.o)
                              obj_cooja/mtype64.o (cooja_mt_start)
obj_cooja/mtype64.a(cooja_mtarch.o)
                              obj_cooja/mtype64.a(cooja_mt.o) (cooja_mtarch_init)
obj_cooja/mtype64.a(rtimer-arch.o)
                              obj_cooja/mtype64.o (rtimer_arch_next)
obj_cooja/mtype64.a(beep.o)   obj_cooja/mtype64.o (beep_interface)
obj_cooja/mtype64.a(button-sensor.o)
                              obj_cooja/mtype64.o (button_interface)
obj_cooja/mtype64.a(leds-arch.o)
                              obj_cooja/mtype64.o (leds_interface)
obj_cooja/mtype64.a(moteid.o)
                              obj_cooja/mtype64.o (moteid_interface)
obj_cooja/mtype64.a(pir-sensor.o)
                              obj_cooja/mtype64.o (pir_interface)
obj_cooja/mtype64.a(rs232.o)  obj_cooja/mtype64.o (rs232_interface)
obj_cooja/mtype64.a(vib-sensor.o)
                              obj_cooja/mtype64.o (vib_interface)
obj_cooja/mtype64.a(clock.o)  obj_cooja/mtype64.o (clock_interface)
obj_cooja/mtype64.a(log.o)    obj_cooja/mtype64.o (simlog_interface)
obj_cooja/mtype64.a(cfs-cooja.o)
                              obj_cooja/mtype64.o (cfs_interface)
obj_cooja/mtype64.a(cooja-radio.o)
                              obj_cooja/mtype64.o (radio_interface)
obj_cooja/mtype64.a(sensors.o)
                              obj_cooja/mtype64.o (sensors_process)
obj_cooja/mtype64.a(leds.o)   obj_cooja/mtype64.a(birdmac.o) (leds_on)
obj_cooja/mtype64.a(framer-nullmac.)
                              obj_cooja/mtype64.a(birdmac.o) (framer_nullmac)
obj_cooja/mtype64.a(memb.o)   obj_cooja/mtype64.a(queuebuf.o) (memb_init)
obj_cooja/mtype64.a(timer.o)  obj_cooja/mtype64.a(etimer.o) (timer_set)
obj_cooja/mtype64.a(rtimer.o)
                              obj_cooja/mtype64.a(rtimer-arch.o) (rtimer_run_next)

Allocating common symbols
Common symbol       size              file

simButtonIsActive   0x1               obj_cooja/mtype64.a(button-sensor.o)
simButtonIsDown     0x1               obj_cooja/mtype64.a(button-sensor.o)
simOutDataBuffer    0x80              obj_cooja/mtype64.a(cooja-radio.o)
simSerialReceivingFlag
                    0x1               obj_cooja/mtype64.a(rs232.o)
simLoggedLength     0x4               obj_cooja/mtype64.a(log.o)
simSerialReceivingLength
[...]
Memory Configuration

Name             Origin             Length             Attributes
*default*        0x0000000000000000 0xffffffffffffffff

Linker script and memory map

LOAD /usr/lib/gcc/i686-linux-gnu/4.8/../../../i386-linux-gnu/crti.o
LOAD /usr/lib/gcc/i686-linux-gnu/4.8/crtbeginS.o
LOAD app.co
LOAD obj_cooja/mtype64.o
LOAD obj_cooja/dclock.o
LOAD obj_cooja/birdlog.o
LOAD obj_cooja/birddata.o
LOAD obj_cooja/birdtrace.o
LOAD obj_cooja/mtype64.a
LOAD /usr/lib/gcc/i686-linux-gnu/4.8/libgcc.a
LOAD /usr/lib/gcc/i686-linux-gnu/4.8/libgcc_s.so
LOAD /usr/lib/gcc/i686-linux-gnu/4.8/../../../i386-linux-gnu/libc.so
START GROUP
LOAD /lib/i386-linux-gnu/libc.so.6
LOAD /usr/lib/i386-linux-gnu/libc_nonshared.a
LOAD /lib/i386-linux-gnu/ld-linux.so.2
END GROUP
LOAD /usr/lib/gcc/i686-linux-gnu/4.8/libgcc.a
LOAD /usr/lib/gcc/i686-linux-gnu/4.8/libgcc_s.so
LOAD /usr/lib/gcc/i686-linux-gnu/4.8/crtendS.o
LOAD /usr/lib/gcc/i686-linux-gnu/4.8/../../../i386-linux-gnu/crtn.o
                0x0000000000000114                . = (0x0 + SIZEOF_HEADERS)

.note.gnu.build-id
                0x0000000000000114       0x24
 *(.note.gnu.build-id)
 .note.gnu.build-id
                0x0000000000000114       0x24 /usr/lib/gcc/i686-linux-gnu/4.8/../../../i386-linux-gnu/crti.o

.hash
 *(.hash)

.gnu.hash       0x0000000000000138      0xad4
 *(.gnu.hash)
 .gnu.hash      0x0000000000000138      0xad4 /usr/lib/gcc/i686-linux-gnu/4.8/../../../i386-linux-gnu/crti.o

.dynsym         0x0000000000000c0c     0x17e0
 *(.dynsym)
 .dynsym        0x0000000000000c0c     0x17e0 /usr/lib/gcc/i686-linux-gnu/4.8/../../../i386-linux-gnu/crti.o

.dynstr         0x00000000000023ec     0x16bf
 *(.dynstr)
 .dynstr        0x00000000000023ec     0x16bf /usr/lib/gcc/i686-linux-gnu/4.8/../../../i386-linux-gnu/crti.o

.gnu.version    0x0000000000003aac      0x2fc
 *(.gnu.version)
 .gnu.version   0x0000000000003aac      0x2fc /usr/lib/gcc/i686-linux-gnu/4.8/../../../i386-linux-gnu/crti.o

.gnu.version_d  0x0000000000003da8        0x0
 *(.gnu.version_d)
 .gnu.version_d
                0x0000000000000000        0x0 /usr/lib/gcc/i686-linux-gnu/4.8/../../../i386-linux-gnu/crti.o

.gnu.version_r  0x0000000000003da8       0x40
 *(.gnu.version_r)
 .gnu.version_r
                0x0000000000003da8       0x40 /usr/lib/gcc/i686-linux-gnu/4.8/../../../i386-linux-gnu/crti.o

.rel.dyn        0x0000000000003de8     0x3fd0
 *(.rel.init)
 .rel.init      0x0000000000000000        0x0 /usr/lib/gcc/i686-linux-gnu/4.8/../../../i386-linux-gnu/crti.o
 *(.rel.text .rel.text.* .rel.gnu.linkonce.t.*)
 .rel.text      0x0000000000003de8     0x3c10 /usr/lib/gcc/i686-linux-gnu/4.8/../../../i386-linux-gnu/crti.o
 *(.rel.fini)
 .rel.fini      0x0000000000000000        0x0 /usr/lib/gcc/i686-linux-gnu/4.8/../../../i386-linux-gnu/crti.o
 *(.rel.rodata .rel.rodata.* .rel.gnu.linkonce.r.*)
 .rel.rodata    0x00000000000079f8      0x258 /usr/lib/gcc/i686-linux-gnu/4.8/../../../i386-linux-gnu/crti.o
 *(.rel.data.rel.ro .rel.data.rel.ro.* .rel.gnu.linkonce.d.rel.ro.*)
 *(.rel.data .rel.data.* .rel.gnu.linkonce.d.*)
 .rel.data.rel  0x0000000000007c50        0x8 /usr/lib/gcc/i686-linux-gnu/4.8/../../../i386-linux-gnu/crti.o
 .rel.data      0x0000000000007c58      0x128 /usr/lib/gcc/i686-linux-gnu/4.8/../../../i386-linux-gnu/crti.o
 *(.rel.tdata .rel.tdata.* .rel.gnu.linkonce.td.*)
 *(.rel.tbss .rel.tbss.* .rel.gnu.linkonce.tb.*)
 *(.rel.ctors)
 *(.rel.dtors)
 *(.rel.got)
 .rel.got       0x0000000000007d80       0x28 /usr/lib/gcc/i686-linux-gnu/4.8/../../../i386-linux-gnu/crti.o
 *(.rel.bss .rel.bss.* .rel.gnu.linkonce.b.*)
 *(.rel.ifunc)
 .rel.ifunc     0x0000000000000000        0x0 /usr/lib/gcc/i686-linux-gnu/4.8/../../../i386-linux-gnu/crti.o
 .rel.fini_array
                0x0000000000007da8        0x8 /usr/lib/gcc/i686-linux-gnu/4.8/../../../i386-linux-gnu/crti.o
 .rel.init_array
                0x0000000000007db0        0x8 /usr/lib/gcc/i686-linux-gnu/4.8/../../../i386-linux-gnu/crti.o

.rel.plt        0x0000000000007db8       0x10
 *(.rel.plt)
 .rel.plt       0x0000000000007db8       0x10 /usr/lib/gcc/i686-linux-gnu/4.8/../../../i386-linux-gnu/crti.o
 *(.rel.iplt)

.init           0x0000000000007dc8       0x23
 *(SORT(.init))
 .init          0x0000000000007dc8       0x1e /usr/lib/gcc/i686-linux-gnu/4.8/../../../i386-linux-gnu/crti.o
                0x0000000000007dc8                _init
 .init          0x0000000000007de6        0x5 /usr/lib/gcc/i686-linux-gnu/4.8/../../../i386-linux-gnu/crtn.o

.plt            0x0000000000007df0       0x30
 *(.plt)
 .plt           0x0000000000007df0       0x30 /usr/lib/gcc/i686-linux-gnu/4.8/../../../i386-linux-gnu/crti.o
 *(.iplt)

.text           0x0000000000007e20     0x8ef8
 *(.text.unlikely .text.*_unlikely .text.unlikely.*)
 *(.text.exit .text.exit.*)
 *(.text.startup .text.startup.*)
 *(.text.hot .text.hot.*)
 *(.text .stub .text.* .gnu.linkonce.t.*)
 .text          0x0000000000007e20        0x0 /usr/lib/gcc/i686-linux-gnu/4.8/../../../i386-linux-gnu/crti.o
 .gnu.linkonce.t.__x86.get_pc_thunk.bx
                0x0000000000007e20        0x4 /usr/lib/gcc/i686-linux-gnu/4.8/../../../i386-linux-gnu/crti.o
                0x0000000000007e20                __x86.get_pc_thunk.bx
 *fill*         0x0000000000007e24        0xc 
 .text          0x0000000000007e30      0x11b /usr/lib/gcc/i686-linux-gnu/4.8/crtbeginS.o
 .text          0x0000000000007f4b      0x1c4 app.co
 .text          0x000000000000810f      0x51b obj_cooja/mtype64.o
                0x0000000000008204                contiki_init
                0x0000000000008441                Java_se_sics_cooja_corecomm_Lib1_init
                0x0000000000008481                Java_se_sics_cooja_corecomm_Lib1_getMemory
                0x00000000000084c1                Java_se_sics_cooja_corecomm_Lib1_setMemory
                0x0000000000008538                Java_se_sics_cooja_corecomm_Lib1_tick
                0x0000000000008618                Java_se_sics_cooja_corecomm_Lib1_setReferenceAddress
 .text          0x000000000000862a       0xa0 obj_cooja/dclock.o
                0x000000000000862a                dclock_init
                0x0000000000008638                dclock_get_time
                0x0000000000008663                dclock_get_offset
                0x0000000000008672                dclock_print
                0x0000000000008677                dclock_print_time
                0x000000000000867c                dclock_print_time_stamp
                0x0000000000008681                dclock_synchronize
 .text          0x00000000000086ca      0x150 obj_cooja/birdlog.o
                0x00000000000086ca                birdLogEnergy
                0x0000000000008709                birdLogCom
                0x000000000000875d                birdLogGet
                0x0000000000008767                birdLogClear
                0x00000000000087aa                birdLogPrint
 .text          0x000000000000881a      0x378 obj_cooja/birddata.o
                0x000000000000881a                birddata_enqueue
                0x0000000000008898                birddata_dequeue
                0x00000000000088e7                birddata_from_data
                0x000000000000892d                birddata_make_packet
                0x00000000000089d3                birddata_get_packet
                0x0000000000008a41                birddata_queue_get_next
                0x0000000000008a4c                birddata_queue_clear
                0x0000000000008a6b                birddata_queue_size
                0x0000000000008a9b                birddata_queue_init
                0x0000000000008ad9                birddata_recv_packet
                0x0000000000008ae3                birddata_print_one_data
                0x0000000000008b0a                birddata_queue_print
                0x0000000000008b53                birddata_queue_free
 .text          0x0000000000008b92      0x2ba obj_cooja/birdtrace.o
                0x0000000000008b92                birdtrace_start
                0x0000000000008bb8                birdtrace_stop
                0x0000000000008bcd                birdtrace_log
                0x0000000000008cc0                birdtrace_log_datapacket
                0x0000000000008d1c                birdtrace_log_sink
                0x0000000000008d86                birdtrace_log_string
                0x0000000000008de2                birdtrace_log_string_int
 .text          0x0000000000008e4c       0x67 obj_cooja/mtype64.a(rimeaddr.o)
                0x0000000000008e4c                rimeaddr_copy
                0x0000000000008e6e                rimeaddr_cmp
                0x0000000000008e98                rimeaddr_set_node_addr
 .text          0x0000000000008eb3      0x1a2 obj_cooja/mtype64.a(rime.o)
                0x0000000000008eb3                rime_sniffer_add
                0x0000000000008ecf                rime_sniffer_remove
                0x000000000000900b                rime_output
 .text          0x0000000000009055        0x0 obj_cooja/mtype64.a(rimestats.o)
 .text          0x0000000000009055      0x2a6 obj_cooja/mtype64.a(announcement.o)
                0x0000000000009055                announcement_init
                0x000000000000906a                announcement_register
                0x00000000000090f6                announcement_remove
                0x0000000000009112                announcement_remove_value
                0x000000000000915e                announcement_set_value
                0x00000000000091d4                announcement_bump
                0x0000000000009232                announcement_listen
                0x0000000000009250                announcement_register_listen_callback
                0x000000000000925d                announcement_register_observer_callback
                0x000000000000926a                announcement_list
                0x000000000000927f                announcement_heard
 .text          0x00000000000092fb      0x299 obj_cooja/mtype64.a(broadcast-annou)
                0x000000000000950f                broadcast_announcement_init
                0x000000000000955e                broadcast_announcement_stop
                0x000000000000958a                broadcast_announcement_beacon_interval
 .text          0x0000000000009594      0x154 obj_cooja/mtype64.a(broadcast.o)
                0x0000000000009667                broadcast_open
                0x00000000000096ae                broadcast_close
                0x00000000000096c1                broadcast_send
 .text          0x00000000000096e8      0x158 obj_cooja/mtype64.a(unicast.o)
                0x00000000000097c0                unicast_open
                0x0000000000009807                unicast_close
                0x000000000000981a                unicast_send
 .text          0x0000000000009840       0xc9 obj_cooja/mtype64.a(abc.o)
                0x0000000000009840                abc_open
                0x000000000000987f                abc_close
                0x0000000000009892                abc_send
                0x00000000000098a5                abc_input
                0x00000000000098cf                abc_sent
 .text          0x0000000000009909       0xcc obj_cooja/mtype64.a(chameleon.o)
                0x0000000000009933                chameleon_init
                0x0000000000009940                chameleon_parse
                0x000000000000997c                chameleon_create
                0x00000000000099c0                chameleon_hdrsize
 .text          0x00000000000099d5       0xeb obj_cooja/mtype64.a(channel.o)
                0x00000000000099d5                channel_init
                0x00000000000099ea                channel_set_attributes
                0x0000000000009a2a                channel_open
                0x0000000000009a58                channel_close
                0x0000000000009a74                channel_lookup
 .text          0x0000000000009ac0      0x732 obj_cooja/mtype64.a(chameleon-bitop)
                0x0000000000009b51                get_bits_in_byte
                0x0000000000009ba9                get_bits
                0x0000000000009d13                set_bits_in_byte
                0x0000000000009d68                set_bits
 .text          0x000000000000a1f2       0x5e obj_cooja/mtype64.a(nullmac.o)
 .text          0x000000000000a250     0x387f obj_cooja/mtype64.a(birdmac.o)
                0x000000000000a29d                randn
                0x000000000000a3d7                randtn
 .text          0x000000000000dacf      0x560 obj_cooja/mtype64.a(process.o)
                0x000000000000dacf                process_alloc_event
                0x000000000000dae4                process_start
                0x000000000000dccd                process_exit
                0x000000000000dce9                process_init
                0x000000000000deba                process_run
                0x000000000000deed                process_nevents
                0x000000000000df08                process_post
                0x000000000000dfb4                process_post_synch
                0x000000000000dfec                process_poll
                0x000000000000e01b                process_is_running
 .text          0x000000000000e02f       0x8e obj_cooja/mtype64.a(autostart.o)
                0x000000000000e02f                autostart_start
                0x000000000000e07a                autostart_exit
 .text          0x000000000000e0bd      0x1fb obj_cooja/mtype64.a(serial-line.o)
                0x000000000000e0bd                serial_line_input_byte
                0x000000000000e280                serial_line_init
 .text          0x000000000000e2b8      0x244 obj_cooja/mtype64.a(list.o)
                0x000000000000e2b8                list_init
                0x000000000000e2c6                list_head
                0x000000000000e2d0                list_copy
                0x000000000000e2df                list_tail
                0x000000000000e315                list_add
                0x000000000000e35e                list_push
                0x000000000000e38a                list_chop
                0x000000000000e3f4                list_pop
                0x000000000000e41c                list_remove
                0x000000000000e483                list_length
                0x000000000000e4b1                list_insert
                0x000000000000e4e5                list_item_next
 .text          0x000000000000e4fc      0x3e4 obj_cooja/mtype64.a(etimer.o)
                0x000000000000e70f                etimer_request_poll
                0x000000000000e793                etimer_set
                0x000000000000e7b8                etimer_reset
                0x000000000000e7d6                etimer_restart
                0x000000000000e7f4                etimer_adjust
                0x000000000000e810                etimer_expired
                0x000000000000e823                etimer_expiration_time
                0x000000000000e835                etimer_start_time
                0x000000000000e83f                etimer_pending
                0x000000000000e851                etimer_next_expiration_time
                0x000000000000e86b                etimer_stop
 .text          0x000000000000e8e0      0x342 obj_cooja/mtype64.a(ctimer.o)
                0x000000000000e9f7                ctimer_init
                0x000000000000ea27                ctimer_set
                0x000000000000eaba                ctimer_reset
                0x000000000000eb1d                ctimer_restart
                0x000000000000eb80                ctimer_stop
                0x000000000000ebcb                ctimer_expired
 .text          0x000000000000ec22       0x19 obj_cooja/mtype64.a(energest.o)
                0x000000000000ec22                energest_type_set
                0x000000000000ec27                energest_init
                0x000000000000ec2c                energest_type_time
                0x000000000000ec36                energest_flush
 .text          0x000000000000ec3b       0x28 obj_cooja/mtype64.a(random.o)
                0x000000000000ec3b                random_init
                0x000000000000ec56                random_rand
 .text          0x000000000000ec63      0x155 obj_cooja/mtype64.a(ringbuf.o)
                0x000000000000ec63                ringbuf_init
                0x000000000000ec94                ringbuf_put
                0x000000000000ed12                ringbuf_get
                0x000000000000ed7f                ringbuf_size
                0x000000000000ed91                ringbuf_elements
 .text          0x000000000000edb8       0x24 obj_cooja/mtype64.a(netstack.o)
                0x000000000000edb8                netstack_init
 .text          0x000000000000eddc      0x48c obj_cooja/mtype64.a(packetbuf.o)
                0x000000000000eddc                packetbuf_clear
                0x000000000000ee13                packetbuf_clear_hdr
                0x000000000000ee1f                packetbuf_copyfrom
                0x000000000000ee71                packetbuf_compact
                0x000000000000ef0e                packetbuf_copyto_hdr
                0x000000000000ef61                packetbuf_copyto
                0x000000000000f033                packetbuf_hdralloc
                0x000000000000f07d                packetbuf_hdr_remove
                0x000000000000f095                packetbuf_hdrreduce
                0x000000000000f0dd                packetbuf_set_datalen
                0x000000000000f0f6                packetbuf_dataptr
                0x000000000000f10f                packetbuf_hdrptr
                0x000000000000f126                packetbuf_reference
                0x000000000000f14c                packetbuf_is_reference
                0x000000000000f166                packetbuf_reference_ptr
                0x000000000000f170                packetbuf_datalen
                0x000000000000f17c                packetbuf_hdrlen
                0x000000000000f191                packetbuf_totlen
                0x000000000000f1a7                packetbuf_attr_clear
                0x000000000000f1fc                packetbuf_attr_copyto
                0x000000000000f232                packetbuf_attr_copyfrom
 .text          0x000000000000f268      0x368 obj_cooja/mtype64.a(queuebuf.o)
                0x000000000000f272                queuebuf_init
                0x000000000000f29e                queuebuf_new_from_packetbuf
                0x000000000000f369                queuebuf_update_attr_from_packetbuf
                0x000000000000f39c                queuebuf_free
                0x000000000000f40f                queuebuf_to_packetbuf
                0x000000000000f4f1                queuebuf_dataptr
                0x000000000000f550                queuebuf_datalen
                0x000000000000f56f                queuebuf_addr
                0x000000000000f5a0                queuebuf_attr
                0x000000000000f5cb                queuebuf_debug_print
 .text          0x000000000000f5d0       0x63 obj_cooja/mtype64.a(simEnvChange.o)
                0x000000000000f5d0                doActionsBeforeTick
                0x000000000000f601                doActionsAfterTick
 .text          0x000000000000f633       0xbc obj_cooja/mtype64.a(cooja_mt.o)
                0x000000000000f633                cooja_mt_init
                0x000000000000f640                cooja_mt_remove
                0x000000000000f64d                cooja_mt_start
                0x000000000000f67a                cooja_mt_exec
                0x000000000000f6ab                cooja_mt_exit
                0x000000000000f6cd                cooja_mt_yield
 .text          0x000000000000f6ef      0x115 obj_cooja/mtype64.a(cooja_mtarch.o)
                0x000000000000f6ef                cooja_mtarch_init
                0x000000000000f6f4                cooja_mtarch_start
                0x000000000000f76f                cooja_sw
                0x000000000000f791                cooja_mtarch_exec
                0x000000000000f7ad                cooja_mtarch_remove
                0x000000000000f7b2                cooja_mtarch_yield
                0x000000000000f7bc                cooja_mtarch_pstop
                0x000000000000f7c1                cooja_mtarch_pstart
                0x000000000000f7c6                cooja_mtarch_stack_usage
 .text          0x000000000000f804       0xc2 obj_cooja/mtype64.a(rtimer-arch.o)
                0x000000000000f804                rtimer_arch_init
                0x000000000000f827                rtimer_arch_schedule
                0x000000000000f83e                rtimer_arch_next
                0x000000000000f848                rtimer_arch_pending
                0x000000000000f852                rtimer_arch_check
                0x000000000000f884                rtimer_arch_now
 .text          0x000000000000f8c6       0x76 obj_cooja/mtype64.a(beep.o)
                0x000000000000f8c6                beep_alarm
                0x000000000000f8d2                beep_beep
                0x000000000000f8de                beep
                0x000000000000f8ea                beep_down
                0x000000000000f8f6                beep_on
                0x000000000000f902                beep_off
                0x000000000000f90e                beep_spinup
                0x000000000000f91a                beep_quick
                0x000000000000f926                beep_long
 .text          0x000000000000f93c      0x103 obj_cooja/mtype64.a(button-sensor.o)
 .text          0x000000000000fa3f       0x45 obj_cooja/mtype64.a(leds-arch.o)
                0x000000000000fa3f                leds_arch_init
                0x000000000000fa4b                leds_arch_get
                0x000000000000fa57                leds_arch_set
 .text          0x000000000000fa84       0x2f obj_cooja/mtype64.a(moteid.o)
 .text          0x000000000000fab3       0xb1 obj_cooja/mtype64.a(pir-sensor.o)
 .text          0x000000000000fb64      0x12e obj_cooja/mtype64.a(rs232.o)
                0x000000000000fb64                rs232_init
                0x000000000000fb69                rs232_set_speed
                0x000000000000fb77                rs232_set_input
                0x000000000000fb84                rs232_send
                0x000000000000fba6                rs232_print
                0x000000000000fbc1                slip_arch_writeb
 .text          0x000000000000fc92       0xb1 obj_cooja/mtype64.a(vib-sensor.o)
 .text          0x000000000000fd43       0x34 obj_cooja/mtype64.a(clock.o)
                0x000000000000fd43                clock_init
                0x000000000000fd48                clock_time
                0x000000000000fd52                clock_seconds
                0x000000000000fd68                clock_delay
 .text          0x000000000000fd77      0x1ed obj_cooja/mtype64.a(log.o)
                0x000000000000fd77                simlog_char
                0x000000000000fdb9                simlog
                0x000000000000fe26                log_message
                0x000000000000fe4e                log_set_putchar_with_slip
                0x000000000000fe5b                log_putchar
                0x000000000000fedf                log_puts
                0x000000000000ff03                log_printf
 .text          0x000000000000ff64      0x28d obj_cooja/mtype64.a(cfs-cooja.o)
                0x000000000000ff64                cfs_open
                0x000000000000ffaf                cfs_close
                0x000000000000ffbb                cfs_read
                0x0000000000010059                cfs_write
                0x000000000001011d                cfs_seek
                0x00000000000101a5                cfs_remove
                0x00000000000101ce                cfs_opendir
                0x00000000000101d8                cfs_readdir
                0x00000000000101e2                cfs_closedir
 .text          0x00000000000101f1      0x350 obj_cooja/mtype64.a(cooja-radio.o)
                0x00000000000101f1                radio_set_channel
                0x00000000000101fe                radio_set_txpower
                0x0000000000010215                radio_signal_strength_last
                0x000000000001021f                radio_signal_strength_current
 .text          0x0000000000010541      0x2a1 obj_cooja/mtype64.a(sensors.o)
                0x000000000001057c                sensors_first
                0x0000000000010586                sensors_next
                0x00000000000105a3                sensors_changed
                0x00000000000105d2                sensors_find
 .text          0x00000000000107e2      0x16f obj_cooja/mtype64.a(leds.o)
                0x0000000000010826                leds_init
                0x0000000000010846                leds_blink
                0x0000000000010887                leds_get
                0x0000000000010894                leds_on
                0x00000000000108d1                leds_off
                0x000000000001090e                leds_toggle
                0x0000000000010928                leds_invert
 .text          0x0000000000010951       0xff obj_cooja/mtype64.a(framer-nullmac.)
 .text          0x0000000000010a50      0x17d obj_cooja/mtype64.a(memb.o)
                0x0000000000010a50                memb_init
                0x0000000000010aae                memb_alloc
                0x0000000000010b13                memb_free
                0x0000000000010b8e                memb_inmemb
 .text          0x0000000000010bcd       0x91 obj_cooja/mtype64.a(timer.o)
                0x0000000000010bcd                timer_set
                0x0000000000010be8                timer_reset
                0x0000000000010bff                timer_restart
                0x0000000000010c11                timer_expired
                0x0000000000010c3a                timer_remaining
 .text          0x0000000000010c5e       0xba obj_cooja/mtype64.a(rtimer.o)
                0x0000000000010c5e                rtimer_init
                0x0000000000010c6b                rtimer_set
                0x0000000000010cc2                rtimer_run_next
 .text          0x0000000000010d18        0x0 /usr/lib/gcc/i686-linux-gnu/4.8/crtendS.o
 .text          0x0000000000010d18        0x0 /usr/lib/gcc/i686-linux-gnu/4.8/../../../i386-linux-gnu/crtn.o
 *(.gnu.warning)

.fini           0x0000000000010d18       0x14
 *(SORT(.fini))
 .fini          0x0000000000010d18        0xf /usr/lib/gcc/i686-linux-gnu/4.8/../../../i386-linux-gnu/crti.o
                0x0000000000010d18                _fini
 .fini          0x0000000000010d27        0x5 /usr/lib/gcc/i686-linux-gnu/4.8/../../../i386-linux-gnu/crtn.o
                0x0000000000010d2c                PROVIDE (__etext, .)
                0x0000000000010d2c                PROVIDE (_etext, .)
                0x0000000000010d2c                PROVIDE (etext, .)

.rodata         0x0000000000010d40      0x558
 *(.rodata .rodata.* .gnu.linkonce.r.*)
 .rodata        0x0000000000010d40       0x74 app.co
                0x0000000000010d50                autostart_processes
 .rodata        0x0000000000010db4       0xc9 obj_cooja/mtype64.o
 .rodata        0x0000000000010e7d       0x22 obj_cooja/birdlog.o
 *fill*         0x0000000000010e9f        0x1 
 .rodata        0x0000000000010ea0       0x6c obj_cooja/birddata.o
 .rodata        0x0000000000010f0c       0x40 obj_cooja/birdtrace.o
 .rodata        0x0000000000010f4c        0x2 obj_cooja/mtype64.a(rimeaddr.o)
                0x0000000000010f4c                rimeaddr_null
 *fill*         0x0000000000010f4e        0x2 
 .rodata        0x0000000000010f50       0x14 obj_cooja/mtype64.a(rime.o)
                0x0000000000010f58                rime_driver
 .rodata        0x0000000000010f64        0x8 obj_cooja/mtype64.a(broadcast-annou)
 .rodata        0x0000000000010f6c        0xc obj_cooja/mtype64.a(broadcast.o)
 .rodata        0x0000000000010f78       0x10 obj_cooja/mtype64.a(unicast.o)
 .rodata        0x0000000000010f88        0x2 obj_cooja/mtype64.a(abc.o)
 *fill*         0x0000000000010f8a        0x2 
 .rodata        0x0000000000010f8c       0x18 obj_cooja/mtype64.a(chameleon-bitop)
                0x0000000000010f98                chameleon_bitopt
 .rodata        0x0000000000010fa4       0x24 obj_cooja/mtype64.a(nullmac.o)
                0x0000000000010fac                nullmac_driver
 *fill*         0x0000000000010fc8       0x18 
 .rodata        0x0000000000010fe0      0x158 obj_cooja/mtype64.a(birdmac.o)
                0x0000000000010fe0                topology
                0x00000000000110c0                birdmac_driver
 .rodata        0x0000000000011138        0xe obj_cooja/mtype64.a(serial-line.o)
 .rodata        0x0000000000011146        0xc obj_cooja/mtype64.a(etimer.o)
 .rodata        0x0000000000011152        0xf obj_cooja/mtype64.a(ctimer.o)
 *fill*         0x0000000000011161        0x3 
 .rodata        0x0000000000011164        0x8 obj_cooja/mtype64.a(beep.o)
                0x0000000000011164                beep_interface
 .rodata        0x000000000001116c       0x20 obj_cooja/mtype64.a(button-sensor.o)
                0x000000000001116c                button_interface
                0x000000000001117c                button_sensor
 .rodata        0x000000000001118c        0x8 obj_cooja/mtype64.a(leds-arch.o)
                0x000000000001118c                leds_interface
 .rodata        0x0000000000011194        0x8 obj_cooja/mtype64.a(moteid.o)
                0x0000000000011194                moteid_interface
 .rodata        0x000000000001119c       0x1c obj_cooja/mtype64.a(pir-sensor.o)
                0x000000000001119c                pir_interface
                0x00000000000111a8                pir_sensor
 .rodata        0x00000000000111b8        0xe obj_cooja/mtype64.a(rs232.o)
                0x00000000000111b8                rs232_interface
 *fill*         0x00000000000111c6        0x2 
 .rodata        0x00000000000111c8       0x24 obj_cooja/mtype64.a(vib-sensor.o)
                0x00000000000111c8                vib_interface
                0x00000000000111dc                vib_sensor
 .rodata        0x00000000000111ec        0x8 obj_cooja/mtype64.a(clock.o)
                0x00000000000111ec                clock_interface
 .rodata        0x00000000000111f4        0x8 obj_cooja/mtype64.a(log.o)
                0x00000000000111f4                simlog_interface
 .rodata        0x00000000000111fc       0x2f obj_cooja/mtype64.a(cfs-cooja.o)
                0x00000000000111fc                cfs_interface
 *fill*         0x000000000001122b       0x15 
 .rodata        0x0000000000011240       0x48 obj_cooja/mtype64.a(cooja-radio.o)
                0x0000000000011240                radio_interface
                0x0000000000011260                cooja_radio_driver
 .rodata        0x0000000000011288        0x8 obj_cooja/mtype64.a(sensors.o)
 .rodata        0x0000000000011290        0x8 obj_cooja/mtype64.a(framer-nullmac.)
                0x0000000000011290                framer_nullmac

.rodata1
 *(.rodata1)

.eh_frame_hdr   0x0000000000011298      0xbf4
 *(.eh_frame_hdr)
 .eh_frame_hdr  0x0000000000011298      0xbf4 app.co

.eh_frame       0x0000000000011e8c     0x3070
 *(.eh_frame)
 .eh_frame      0x0000000000011e8c       0x3c /usr/lib/gcc/i686-linux-gnu/4.8/../../../i386-linux-gnu/crti.o
                                         0x40 (size before relaxing)
 .eh_frame      0x0000000000011ec8       0x40 app.co
                                         0x58 (size before relaxing)
 .eh_frame      0x0000000000011f08      0x148 obj_cooja/mtype64.o
                                        0x160 (size before relaxing)
 .eh_frame      0x0000000000012050       0xe0 obj_cooja/dclock.o
                                         0xf8 (size before relaxing)
 .eh_frame      0x0000000000012130       0xa0 obj_cooja/birdlog.o
                                         0xb8 (size before relaxing)
 .eh_frame      0x00000000000121d0      0x1a4 obj_cooja/birddata.o
                                        0x1bc (size before relaxing)
 .eh_frame      0x0000000000012374       0xe4 obj_cooja/birdtrace.o
                                         0xfc (size before relaxing)
 .eh_frame      0x0000000000012458       0x60 obj_cooja/mtype64.a(rimeaddr.o)
                                         0x78 (size before relaxing)
 .eh_frame      0x00000000000124b8       0xc0 obj_cooja/mtype64.a(rime.o)
                                         0xd8 (size before relaxing)
 .eh_frame      0x0000000000012578      0x174 obj_cooja/mtype64.a(announcement.o)
                                        0x18c (size before relaxing)
 .eh_frame      0x00000000000126ec      0x12c obj_cooja/mtype64.a(broadcast-annou)
                                        0x144 (size before relaxing)
 .eh_frame      0x0000000000012818       0xe0 obj_cooja/mtype64.a(broadcast.o)
                                         0xf8 (size before relaxing)
 .eh_frame      0x00000000000128f8       0xe0 obj_cooja/mtype64.a(unicast.o)
                                         0xf8 (size before relaxing)
 .eh_frame      0x00000000000129d8       0xa0 obj_cooja/mtype64.a(abc.o)
                                         0xb8 (size before relaxing)
 .eh_frame      0x0000000000012a78       0xa0 obj_cooja/mtype64.a(chameleon.o)
                                         0xb8 (size before relaxing)
 .eh_frame      0x0000000000012b18       0xa0 obj_cooja/mtype64.a(channel.o)
                                         0xb8 (size before relaxing)
 .eh_frame      0x0000000000012bb8      0x170 obj_cooja/mtype64.a(chameleon-bitop)
                                        0x188 (size before relaxing)
 .eh_frame      0x0000000000012d28       0xc0 obj_cooja/mtype64.a(nullmac.o)
                                         0xd8 (size before relaxing)
 .eh_frame      0x0000000000012de8      0x3d0 obj_cooja/mtype64.a(birdmac.o)
                                        0x3e8 (size before relaxing)
 .eh_frame      0x00000000000131b8      0x1c8 obj_cooja/mtype64.a(process.o)
                                        0x1e0 (size before relaxing)
 .eh_frame      0x0000000000013380       0x40 obj_cooja/mtype64.a(autostart.o)
                                         0x58 (size before relaxing)
 .eh_frame      0x00000000000133c0       0x60 obj_cooja/mtype64.a(serial-line.o)
                                         0x78 (size before relaxing)
 .eh_frame      0x0000000000013420      0x180 obj_cooja/mtype64.a(list.o)
                                        0x198 (size before relaxing)
 .eh_frame      0x00000000000135a0      0x1c0 obj_cooja/mtype64.a(etimer.o)
                                        0x1d8 (size before relaxing)
 .eh_frame      0x0000000000013760       0xe0 obj_cooja/mtype64.a(ctimer.o)
                                         0xf8 (size before relaxing)
 .eh_frame      0x0000000000013840       0x80 obj_cooja/mtype64.a(energest.o)
                                         0x98 (size before relaxing)
 .eh_frame      0x00000000000138c0       0x40 obj_cooja/mtype64.a(random.o)
                                         0x58 (size before relaxing)
 .eh_frame      0x0000000000013900       0xa0 obj_cooja/mtype64.a(ringbuf.o)
                                         0xb8 (size before relaxing)
 .eh_frame      0x00000000000139a0       0x20 obj_cooja/mtype64.a(netstack.o)
                                         0x38 (size before relaxing)
 .eh_frame      0x00000000000139c0      0x2ac obj_cooja/mtype64.a(packetbuf.o)
                                        0x2c4 (size before relaxing)
 .eh_frame      0x0000000000013c6c      0x168 obj_cooja/mtype64.a(queuebuf.o)
                                        0x180 (size before relaxing)
 .eh_frame      0x0000000000013dd4       0x40 obj_cooja/mtype64.a(simEnvChange.o)
                                         0x58 (size before relaxing)
 .eh_frame      0x0000000000013e14       0xc0 obj_cooja/mtype64.a(cooja_mt.o)
                                         0xd8 (size before relaxing)
 .eh_frame      0x0000000000013ed4      0x120 obj_cooja/mtype64.a(cooja_mtarch.o)
                                        0x138 (size before relaxing)
 .eh_frame      0x0000000000013ff4       0xc0 obj_cooja/mtype64.a(rtimer-arch.o)
                                         0xd8 (size before relaxing)
 .eh_frame      0x00000000000140b4      0x160 obj_cooja/mtype64.a(beep.o)
                                        0x178 (size before relaxing)
 .eh_frame      0x0000000000014214       0xa0 obj_cooja/mtype64.a(button-sensor.o)
                                         0xb8 (size before relaxing)
 .eh_frame      0x00000000000142b4       0xa0 obj_cooja/mtype64.a(leds-arch.o)
                                         0xb8 (size before relaxing)
 .eh_frame      0x0000000000014354       0x40 obj_cooja/mtype64.a(moteid.o)
                                         0x58 (size before relaxing)
 .eh_frame      0x0000000000014394       0xa0 obj_cooja/mtype64.a(pir-sensor.o)
                                         0xb8 (size before relaxing)
 .eh_frame      0x0000000000014434      0x100 obj_cooja/mtype64.a(rs232.o)
                                        0x118 (size before relaxing)
 .eh_frame      0x0000000000014534       0xa0 obj_cooja/mtype64.a(vib-sensor.o)
                                         0xb8 (size before relaxing)
 .eh_frame      0x00000000000145d4       0xc0 obj_cooja/mtype64.a(clock.o)
                                         0xd8 (size before relaxing)
 .eh_frame      0x0000000000014694      0x120 obj_cooja/mtype64.a(log.o)
                                        0x138 (size before relaxing)
 .eh_frame      0x00000000000147b4      0x160 obj_cooja/mtype64.a(cfs-cooja.o)
                                        0x178 (size before relaxing)
 .eh_frame      0x0000000000014914      0x220 obj_cooja/mtype64.a(cooja-radio.o)
                                        0x238 (size before relaxing)
 .eh_frame      0x0000000000014b34       0xc0 obj_cooja/mtype64.a(sensors.o)
                                         0xd8 (size before relaxing)
 .eh_frame      0x0000000000014bf4      0x100 obj_cooja/mtype64.a(leds.o)
                                        0x118 (size before relaxing)
 .eh_frame      0x0000000000014cf4       0x80 obj_cooja/mtype64.a(framer-nullmac.)
                                         0x98 (size before relaxing)
 .eh_frame      0x0000000000014d74       0x80 obj_cooja/mtype64.a(memb.o)
                                         0x98 (size before relaxing)
 .eh_frame      0x0000000000014df4       0xa4 obj_cooja/mtype64.a(timer.o)
                                         0xbc (size before relaxing)
 .eh_frame      0x0000000000014e98       0x60 obj_cooja/mtype64.a(rtimer.o)
                                         0x78 (size before relaxing)
 .eh_frame      0x0000000000014ef8        0x4 /usr/lib/gcc/i686-linux-gnu/4.8/crtendS.o

.gcc_except_table
 *(.gcc_except_table .gcc_except_table.*)

.exception_ranges
 *(.exception_ranges .exception_ranges*)
                0x0000000000014efc                . = (ALIGN (0x1000) - ((0x1000 - .) & 0xfff))
                0x0000000000015ef8                . = DATA_SEGMENT_ALIGN (0x1000, 0x1000)

.eh_frame
 *(.eh_frame)

.gcc_except_table
 *(.gcc_except_table .gcc_except_table.*)

.exception_ranges
 *(.exception_ranges .exception_ranges*)

.tdata
 *(.tdata .tdata.* .gnu.linkonce.td.*)

.tbss
 *(.tbss .tbss.* .gnu.linkonce.tb.*)
 *(.tcommon)

.preinit_array
 *(.preinit_array)

.init_array     0x0000000000015ef8        0x4
 *(SORT(.init_array.*) SORT(.ctors.*))
 *(.init_array EXCLUDE_FILE(*crtend?.o *crtend.o *crtbegin?.o *crtbegin.o) .ctors)
 .init_array    0x0000000000015ef8        0x4 /usr/lib/gcc/i686-linux-gnu/4.8/crtbeginS.o

.fini_array     0x0000000000015efc        0x4
 *(SORT(.fini_array.*) SORT(.dtors.*))
 *(.fini_array EXCLUDE_FILE(*crtend?.o *crtend.o *crtbegin?.o *crtbegin.o) .dtors)
 .fini_array    0x0000000000015efc        0x4 /usr/lib/gcc/i686-linux-gnu/4.8/crtbeginS.o

.ctors
 *crtbegin.o(.ctors)
 *crtbegin?.o(.ctors)
 *(EXCLUDE_FILE(*crtend?.o *crtend.o) .ctors)
 *(SORT(.ctors.*))
 *(.ctors)

.dtors
 *crtbegin.o(.dtors)
 *crtbegin?.o(.dtors)
 *(EXCLUDE_FILE(*crtend?.o *crtend.o) .dtors)
 *(SORT(.dtors.*))
 *(.dtors)

.jcr            0x0000000000015f00        0x4
 *(.jcr)
 .jcr           0x0000000000015f00        0x0 /usr/lib/gcc/i686-linux-gnu/4.8/crtbeginS.o
 .jcr           0x0000000000015f00        0x4 /usr/lib/gcc/i686-linux-gnu/4.8/crtendS.o

.data.rel.ro
 *(.data.rel.ro.local* .gnu.linkonce.d.rel.ro.local.*)
 *(.data.rel.ro .data.rel.ro.* .gnu.linkonce.d.rel.ro.*)

.dynamic        0x0000000000015f04       0xe8
 *(.dynamic)
 .dynamic       0x0000000000015f04       0xe8 /usr/lib/gcc/i686-linux-gnu/4.8/../../../i386-linux-gnu/crti.o
                0x0000000000015f04                _DYNAMIC

.got            0x0000000000015fec       0x14
 *(.got)
 .got           0x0000000000015fec       0x14 /usr/lib/gcc/i686-linux-gnu/4.8/../../../i386-linux-gnu/crti.o
 *(.igot)
                0x0000000000016ff4                . = DATA_SEGMENT_RELRO_END (., (SIZEOF (.got.plt) >= 0xc)?0xc:0x0)

.got.plt        0x0000000000016000       0x14
 *(.got.plt)
 .got.plt       0x0000000000016000       0x14 /usr/lib/gcc/i686-linux-gnu/4.8/../../../i386-linux-gnu/crti.o
                0x0000000000016000                _GLOBAL_OFFSET_TABLE_
 *(.igot.plt)

.data           0x0000000000016020      0x10c
 *(.data .data.* .gnu.linkonce.d.*)
 .data          0x0000000000016020        0x0 /usr/lib/gcc/i686-linux-gnu/4.8/../../../i386-linux-gnu/crti.o
 .data          0x0000000000016020        0x0 /usr/lib/gcc/i686-linux-gnu/4.8/crtbeginS.o
 .data.rel      0x0000000000016020        0x4 /usr/lib/gcc/i686-linux-gnu/4.8/crtbeginS.o
                0x0000000000016020                __dso_handle
 .data          0x0000000000016024       0x10 app.co
                0x0000000000016024                example_unicast_process
 *fill*         0x0000000000016034        0xc 
 .data          0x0000000000016040       0x40 obj_cooja/mtype64.o
                0x0000000000016040                simInterfaces
                0x0000000000016070                sensors
 .data          0x0000000000016080        0x0 obj_cooja/dclock.o
 .data          0x0000000000016080        0x0 obj_cooja/birdlog.o
 .data          0x0000000000016080        0x0 obj_cooja/birddata.o
 .data          0x0000000000016080        0x0 obj_cooja/birdtrace.o
 .data          0x0000000000016080        0x0 obj_cooja/mtype64.a(rimeaddr.o)
 .data          0x0000000000016080        0x4 obj_cooja/mtype64.a(rime.o)
 .data          0x0000000000016084        0x0 obj_cooja/mtype64.a(rimestats.o)
 .data          0x0000000000016084        0x4 obj_cooja/mtype64.a(announcement.o)
 .data          0x0000000000016088        0x0 obj_cooja/mtype64.a(broadcast-annou)
 .data          0x0000000000016088        0x0 obj_cooja/mtype64.a(broadcast.o)
 .data          0x0000000000016088        0x0 obj_cooja/mtype64.a(unicast.o)
 .data          0x0000000000016088        0x0 obj_cooja/mtype64.a(abc.o)
 .data          0x0000000000016088        0x0 obj_cooja/mtype64.a(chameleon.o)
 .data          0x0000000000016088        0x4 obj_cooja/mtype64.a(channel.o)
 .data          0x000000000001608c        0x0 obj_cooja/mtype64.a(chameleon-bitop)
 .data          0x000000000001608c        0x0 obj_cooja/mtype64.a(nullmac.o)
 .data          0x000000000001608c       0x10 obj_cooja/mtype64.a(birdmac.o)
                0x000000000001608c                bird_config
 .data          0x000000000001609c        0x0 obj_cooja/mtype64.a(process.o)
 .data          0x000000000001609c        0x0 obj_cooja/mtype64.a(autostart.o)
 .data          0x000000000001609c       0x10 obj_cooja/mtype64.a(serial-line.o)
                0x000000000001609c                serial_line_process
 .data          0x00000000000160ac        0x0 obj_cooja/mtype64.a(list.o)
 .data          0x00000000000160ac       0x10 obj_cooja/mtype64.a(etimer.o)
                0x00000000000160ac                etimer_process
 .data          0x00000000000160bc       0x14 obj_cooja/mtype64.a(ctimer.o)
                0x00000000000160c0                ctimer_process
 .data          0x00000000000160d0        0x0 obj_cooja/mtype64.a(energest.o)
 .data          0x00000000000160d0        0x0 obj_cooja/mtype64.a(random.o)
 .data          0x00000000000160d0        0x0 obj_cooja/mtype64.a(ringbuf.o)
 .data          0x00000000000160d0        0x0 obj_cooja/mtype64.a(netstack.o)
 .data          0x00000000000160d0        0x4 obj_cooja/mtype64.a(packetbuf.o)
 .data          0x00000000000160d4       0x24 obj_cooja/mtype64.a(queuebuf.o)
 .data          0x00000000000160f8        0x0 obj_cooja/mtype64.a(simEnvChange.o)
 .data          0x00000000000160f8        0x0 obj_cooja/mtype64.a(cooja_mt.o)
 .data          0x00000000000160f8        0x0 obj_cooja/mtype64.a(cooja_mtarch.o)
 .data          0x00000000000160f8        0x0 obj_cooja/mtype64.a(rtimer-arch.o)
 .data          0x00000000000160f8        0x0 obj_cooja/mtype64.a(beep.o)
 .data          0x00000000000160f8        0x0 obj_cooja/mtype64.a(button-sensor.o)
 .data          0x00000000000160f8        0x0 obj_cooja/mtype64.a(leds-arch.o)
 .data          0x00000000000160f8        0x0 obj_cooja/mtype64.a(moteid.o)
 .data          0x00000000000160f8        0x0 obj_cooja/mtype64.a(pir-sensor.o)
 .data          0x00000000000160f8        0x0 obj_cooja/mtype64.a(rs232.o)
 .data          0x00000000000160f8        0x0 obj_cooja/mtype64.a(vib-sensor.o)
 .data          0x00000000000160f8        0x0 obj_cooja/mtype64.a(clock.o)
 .data          0x00000000000160f8        0x0 obj_cooja/mtype64.a(log.o)
 .data          0x00000000000160f8        0x0 obj_cooja/mtype64.a(cfs-cooja.o)
 .data          0x00000000000160f8       0x24 obj_cooja/mtype64.a(cooja-radio.o)
                0x00000000000160f8                simRadioHWOn
                0x00000000000160fc                simSignalStrength
                0x0000000000016100                simLastSignalStrength
                0x0000000000016104                simPower
                0x0000000000016108                simRadioChannel
                0x000000000001610c                cooja_radio_process
 .data          0x000000000001611c       0x10 obj_cooja/mtype64.a(sensors.o)
                0x000000000001611c                sensors_process
 .data          0x000000000001612c        0x0 obj_cooja/mtype64.a(leds.o)
 .data          0x000000000001612c        0x0 obj_cooja/mtype64.a(framer-nullmac.)
 .data          0x000000000001612c        0x0 obj_cooja/mtype64.a(memb.o)
 .data          0x000000000001612c        0x0 obj_cooja/mtype64.a(timer.o)
 .data          0x000000000001612c        0x0 obj_cooja/mtype64.a(rtimer.o)
 .data          0x000000000001612c        0x0 /usr/lib/gcc/i686-linux-gnu/4.8/crtendS.o
 .data          0x000000000001612c        0x0 /usr/lib/gcc/i686-linux-gnu/4.8/../../../i386-linux-gnu/crtn.o

.tm_clone_table
                0x000000000001612c        0x0
 .tm_clone_table
                0x000000000001612c        0x0 /usr/lib/gcc/i686-linux-gnu/4.8/crtbeginS.o
 .tm_clone_table
                0x000000000001612c        0x0 /usr/lib/gcc/i686-linux-gnu/4.8/crtendS.o

.data1
 *(.data1)
                0x000000000001612c                _edata = .
                0x000000000001612c                PROVIDE (edata, .)
                0x000000000001612c                . = .
                0x000000000001612c                __bss_start = .

.bss            0x0000000000016140     0x7284
 *(.dynbss)
 .dynbss        0x0000000000000000        0x0 /usr/lib/gcc/i686-linux-gnu/4.8/../../../i386-linux-gnu/crti.o
 *(.bss .bss.* .gnu.linkonce.b.*)
 .bss           0x0000000000016140        0x0 /usr/lib/gcc/i686-linux-gnu/4.8/../../../i386-linux-gnu/crti.o
 .bss           0x0000000000016140        0x1 /usr/lib/gcc/i686-linux-gnu/4.8/crtbeginS.o
 *fill*         0x0000000000016141        0x3 
 .bss           0x0000000000016144       0x34 app.co
 *fill*         0x0000000000016178        0x8 
 .bss           0x0000000000016180     0x2030 obj_cooja/mtype64.o
 .bss           0x00000000000181b0        0x4 obj_cooja/dclock.o
 .bss           0x00000000000181b4        0x0 obj_cooja/birdlog.o
 .bss           0x00000000000181b4        0x0 obj_cooja/birddata.o
 *fill*         0x00000000000181b4        0xc 
 .bss           0x00000000000181c0       0xe8 obj_cooja/birdtrace.o
 .bss           0x00000000000182a8        0x0 obj_cooja/mtype64.a(rimeaddr.o)
 .bss           0x00000000000182a8        0x4 obj_cooja/mtype64.a(rime.o)
 .bss           0x00000000000182ac        0x0 obj_cooja/mtype64.a(rimestats.o)
 .bss           0x00000000000182ac        0xc obj_cooja/mtype64.a(announcement.o)
 *fill*         0x00000000000182b8        0x8 
 .bss           0x00000000000182c0       0x6c obj_cooja/mtype64.a(broadcast-annou)
 .bss           0x000000000001832c        0x0 obj_cooja/mtype64.a(broadcast.o)
 .bss           0x000000000001832c        0x0 obj_cooja/mtype64.a(unicast.o)
 .bss           0x000000000001832c        0x0 obj_cooja/mtype64.a(abc.o)
 .bss           0x000000000001832c        0x0 obj_cooja/mtype64.a(chameleon.o)
 .bss           0x000000000001832c        0x4 obj_cooja/mtype64.a(channel.o)
 .bss           0x0000000000018330        0x0 obj_cooja/mtype64.a(chameleon-bitop)
 .bss           0x0000000000018330        0x0 obj_cooja/mtype64.a(nullmac.o)
 .bss           0x0000000000018330       0x90 obj_cooja/mtype64.a(birdmac.o)
                0x0000000000018330                birdLog
 .bss           0x00000000000183c0      0x1b1 obj_cooja/mtype64.a(process.o)
                0x00000000000183c0                process_list
                0x00000000000183c4                process_current
 .bss           0x0000000000018571        0x0 obj_cooja/mtype64.a(autostart.o)
 *fill*         0x0000000000018571        0xf 
 .bss           0x0000000000018580      0x140 obj_cooja/mtype64.a(serial-line.o)
 .bss           0x00000000000186c0        0x0 obj_cooja/mtype64.a(list.o)
 .bss           0x00000000000186c0        0x8 obj_cooja/mtype64.a(etimer.o)
 .bss           0x00000000000186c8        0x5 obj_cooja/mtype64.a(ctimer.o)
 .bss           0x00000000000186cd        0x0 obj_cooja/mtype64.a(energest.o)
 .bss           0x00000000000186cd        0x0 obj_cooja/mtype64.a(random.o)
 .bss           0x00000000000186cd        0x0 obj_cooja/mtype64.a(ringbuf.o)
 .bss           0x00000000000186cd        0x0 obj_cooja/mtype64.a(netstack.o)
 *fill*         0x00000000000186cd       0x13 
 .bss           0x00000000000186e0       0xd8 obj_cooja/mtype64.a(packetbuf.o)
 *fill*         0x00000000000187b8        0x8 
 .bss           0x00000000000187c0      0xcc0 obj_cooja/mtype64.a(queuebuf.o)
 .bss           0x0000000000019480        0x1 obj_cooja/mtype64.a(simEnvChange.o)
                0x0000000000019480                simDontFallAsleep
 *fill*         0x0000000000019481        0x3 
 .bss           0x0000000000019484        0x4 obj_cooja/mtype64.a(cooja_mt.o)
 .bss           0x0000000000019488        0x4 obj_cooja/mtype64.a(cooja_mtarch.o)
 .bss           0x000000000001948c        0xc obj_cooja/mtype64.a(rtimer-arch.o)
 .bss           0x0000000000019498        0x0 obj_cooja/mtype64.a(beep.o)
 .bss           0x0000000000019498        0x8 obj_cooja/mtype64.a(button-sensor.o)
 .bss           0x00000000000194a0        0x0 obj_cooja/mtype64.a(leds-arch.o)
 .bss           0x00000000000194a0        0x0 obj_cooja/mtype64.a(moteid.o)
 .bss           0x00000000000194a0        0x1 obj_cooja/mtype64.a(pir-sensor.o)
                0x00000000000194a0                simPirValue
 *fill*         0x00000000000194a1        0x3 
 .bss           0x00000000000194a4        0x4 obj_cooja/mtype64.a(rs232.o)
 .bss           0x00000000000194a8        0x1 obj_cooja/mtype64.a(vib-sensor.o)
                0x00000000000194a8                simVibValue
 .bss           0x00000000000194a9        0x0 obj_cooja/mtype64.a(clock.o)
 *fill*         0x00000000000194a9       0x17 
 .bss           0x00000000000194c0      0x420 obj_cooja/mtype64.a(log.o)
 .bss           0x00000000000198e0      0xfbc obj_cooja/mtype64.a(cfs-cooja.o)
                0x00000000000198e0                simCFSData
                0x000000000001a880                simCFSChanged
                0x000000000001a884                simCFSRead
                0x000000000001a888                simCFSWritten
 .bss           0x000000000001a89c       0x10 obj_cooja/mtype64.a(cooja-radio.o)
                0x000000000001a89c                simReceiving
                0x000000000001a8a0                simInSize
                0x000000000001a8a4                simOutSize
 .bss           0x000000000001a8ac        0xc obj_cooja/mtype64.a(sensors.o)
 .bss           0x000000000001a8b8        0x2 obj_cooja/mtype64.a(leds.o)
 .bss           0x000000000001a8ba        0x0 obj_cooja/mtype64.a(framer-nullmac.)
 .bss           0x000000000001a8ba        0x0 obj_cooja/mtype64.a(memb.o)
 .bss           0x000000000001a8ba        0x0 obj_cooja/mtype64.a(timer.o)
 *fill*         0x000000000001a8ba        0x2 
 .bss           0x000000000001a8bc        0x4 obj_cooja/mtype64.a(rtimer.o)
 .bss           0x000000000001a8c0        0x0 /usr/lib/gcc/i686-linux-gnu/4.8/crtendS.o
 .bss           0x000000000001a8c0        0x0 /usr/lib/gcc/i686-linux-gnu/4.8/../../../i386-linux-gnu/crtn.o
 *(COMMON)
 COMMON         0x000000000001a8c0        0x8 obj_cooja/mtype64.o
                0x000000000001a8c0                referenceVar
                0x000000000001a8c4                sensors_flags
 COMMON         0x000000000001a8c8        0x2 obj_cooja/mtype64.a(rimeaddr.o)
                0x000000000001a8c8                rimeaddr_node_addr
 *fill*         0x000000000001a8ca       0x16 
 COMMON         0x000000000001a8e0       0x48 obj_cooja/mtype64.a(rimestats.o)
                0x000000000001a8e0                rimestats
 *fill*         0x000000000001a928       0x18 
 COMMON         0x000000000001a940     0x20a0 obj_cooja/mtype64.a(birdmac.o)
                0x000000000001a940                pc_mode
                0x000000000001a960                init_ctimer
                0x000000000001a980                data_ctimer
                0x000000000001a9a0                pt
                0x000000000001a9a4                dc
                0x000000000001a9a8                topo_info
                0x000000000001a9c0                birdData
                0x000000000001c900                birdQueue
                0x000000000001c910                pt_sche
                0x000000000001c920                data_ack_ctimer
                0x000000000001c940                pt_init
                0x000000000001c942                pt_data
                0x000000000001c944                pc_state
                0x000000000001c960                sche_ctimer
                0x000000000001c980                pc_ctimer
                0x000000000001c9a0                next_wakeup_time
                0x000000000001c9c0                sche_cycle_ctimer
 COMMON         0x000000000001c9e0        0x1 obj_cooja/mtype64.a(serial-line.o)
                0x000000000001c9e0                serial_line_event_message
 *fill*         0x000000000001c9e1       0x1f 
 COMMON         0x000000000001ca00       0x38 obj_cooja/mtype64.a(packetbuf.o)
                0x000000000001ca00                packetbuf_attrs
                0x000000000001ca30                packetbuf_addrs
 COMMON         0x000000000001ca38        0xc obj_cooja/mtype64.a(simEnvChange.o)
                0x000000000001ca38                simEtimerPending
                0x000000000001ca3c                simProcessRunValue
                0x000000000001ca40                simNextExpirationTime
 COMMON         0x000000000001ca44        0x1 obj_cooja/mtype64.a(beep.o)
                0x000000000001ca44                simBeeped
 COMMON         0x000000000001ca45        0x3 obj_cooja/mtype64.a(button-sensor.o)
                0x000000000001ca45                simButtonIsActive
                0x000000000001ca46                simButtonIsDown
                0x000000000001ca47                simButtonChanged
 COMMON         0x000000000001ca48        0x1 obj_cooja/mtype64.a(leds-arch.o)
                0x000000000001ca48                simLedsValue
 *fill*         0x000000000001ca49        0x3 
 COMMON         0x000000000001ca4c        0xc obj_cooja/mtype64.a(moteid.o)
                0x000000000001ca4c                simRandomSeed
                0x000000000001ca50                simMoteIDChanged
                0x000000000001ca54                simMoteID
 COMMON         0x000000000001ca58        0x2 obj_cooja/mtype64.a(pir-sensor.o)
                0x000000000001ca58                simPirIsActive
                0x000000000001ca59                simPirChanged
 *fill*         0x000000000001ca5a        0x6 
 COMMON         0x000000000001ca60      0x420 obj_cooja/mtype64.a(rs232.o)
                0x000000000001ca60                simSerialReceivingFlag
                0x000000000001ca64                simSerialReceivingLength
                0x000000000001ca80                simSerialReceivingData
 COMMON         0x000000000001ce80        0x2 obj_cooja/mtype64.a(vib-sensor.o)
                0x000000000001ce80                simVibChanged
                0x000000000001ce81                simVibIsActive
 *fill*         0x000000000001ce82        0x2 
 COMMON         0x000000000001ce84        0x4 obj_cooja/mtype64.a(clock.o)
                0x000000000001ce84                simCurrentTime
 *fill*         0x000000000001ce88       0x18 
 COMMON         0x000000000001cea0      0x420 obj_cooja/mtype64.a(log.o)
                0x000000000001cea0                simLoggedLength
                0x000000000001cea4                simLoggedFlag
                0x000000000001cec0                simLoggedData
 COMMON         0x000000000001d2c0      0x100 obj_cooja/mtype64.a(cooja-radio.o)
                0x000000000001d2c0                simOutDataBuffer
                0x000000000001d340                simInDataBuffer
 COMMON         0x000000000001d3c0        0x1 obj_cooja/mtype64.a(sensors.o)
                0x000000000001d3c0                sensors_event
                0x000000000001d3c4                . = ALIGN ((. != 0x0)?0x4:0x1)
 *fill*         0x000000000001d3c1        0x3 
                0x000000000001d3c4                . = ALIGN (0x4)
                0x000000000001d3c4                . = SEGMENT_START ("ldata-segment", .)
                0x000000000001d3c4                . = ALIGN (0x4)
                0x000000000001d3c4                _end = .
                0x000000000001d3c4                PROVIDE (end, .)
                0x000000000001d3c4                . = DATA_SEGMENT_END (.)

.stab
 *(.stab)

.stabstr
 *(.stabstr)

.stab.excl
 *(.stab.excl)

.stab.exclstr
 *(.stab.exclstr)

.stab.index
 *(.stab.index)

.stab.indexstr
 *(.stab.indexstr)

.comment        0x0000000000000000       0x29
 *(.comment)
 .comment       0x0000000000000000       0x29 /usr/lib/gcc/i686-linux-gnu/4.8/crtbeginS.o
                                         0x2a (size before relaxing)
 .comment       0x0000000000000000       0x2a app.co
 .comment       0x0000000000000000       0x2a obj_cooja/mtype64.o
 .comment       0x0000000000000000       0x2a obj_cooja/dclock.o
 .comment       0x0000000000000000       0x2a obj_cooja/birdlog.o
 .comment       0x0000000000000000       0x2a obj_cooja/birddata.o
 .comment       0x0000000000000000       0x2a obj_cooja/birdtrace.o
 .comment       0x0000000000000000       0x2a obj_cooja/mtype64.a(rimeaddr.o)
 .comment       0x0000000000000000       0x2a obj_cooja/mtype64.a(rime.o)
 .comment       0x0000000000000000       0x2a obj_cooja/mtype64.a(rimestats.o)
 .comment       0x0000000000000000       0x2a obj_cooja/mtype64.a(announcement.o)
 .comment       0x0000000000000000       0x2a obj_cooja/mtype64.a(broadcast-annou)
 .comment       0x0000000000000000       0x2a obj_cooja/mtype64.a(broadcast.o)
 .comment       0x0000000000000000       0x2a obj_cooja/mtype64.a(unicast.o)
 .comment       0x0000000000000000       0x2a obj_cooja/mtype64.a(abc.o)
 .comment       0x0000000000000000       0x2a obj_cooja/mtype64.a(chameleon.o)
 .comment       0x0000000000000000       0x2a obj_cooja/mtype64.a(channel.o)
 .comment       0x0000000000000000       0x2a obj_cooja/mtype64.a(chameleon-bitop)
 .comment       0x0000000000000000       0x2a obj_cooja/mtype64.a(nullmac.o)
 .comment       0x0000000000000000       0x2a obj_cooja/mtype64.a(birdmac.o)
 .comment       0x0000000000000000       0x2a obj_cooja/mtype64.a(process.o)
 .comment       0x0000000000000000       0x2a obj_cooja/mtype64.a(autostart.o)
 .comment       0x0000000000000000       0x2a obj_cooja/mtype64.a(serial-line.o)
 .comment       0x0000000000000000       0x2a obj_cooja/mtype64.a(list.o)
 .comment       0x0000000000000000       0x2a obj_cooja/mtype64.a(etimer.o)
 .comment       0x0000000000000000       0x2a obj_cooja/mtype64.a(ctimer.o)
 .comment       0x0000000000000000       0x2a obj_cooja/mtype64.a(energest.o)
 .comment       0x0000000000000000       0x2a obj_cooja/mtype64.a(random.o)
 .comment       0x0000000000000000       0x2a obj_cooja/mtype64.a(ringbuf.o)
 .comment       0x0000000000000000       0x2a obj_cooja/mtype64.a(netstack.o)
 .comment       0x0000000000000000       0x2a obj_cooja/mtype64.a(packetbuf.o)
 .comment       0x0000000000000000       0x2a obj_cooja/mtype64.a(queuebuf.o)
 .comment       0x0000000000000000       0x2a obj_cooja/mtype64.a(simEnvChange.o)
 .comment       0x0000000000000000       0x2a obj_cooja/mtype64.a(cooja_mt.o)
 .comment       0x0000000000000000       0x2a obj_cooja/mtype64.a(cooja_mtarch.o)
 .comment       0x0000000000000000       0x2a obj_cooja/mtype64.a(rtimer-arch.o)
 .comment       0x0000000000000000       0x2a obj_cooja/mtype64.a(beep.o)
 .comment       0x0000000000000000       0x2a obj_cooja/mtype64.a(button-sensor.o)
 .comment       0x0000000000000000       0x2a obj_cooja/mtype64.a(leds-arch.o)
 .comment       0x0000000000000000       0x2a obj_cooja/mtype64.a(moteid.o)
 .comment       0x0000000000000000       0x2a obj_cooja/mtype64.a(pir-sensor.o)
 .comment       0x0000000000000000       0x2a obj_cooja/mtype64.a(rs232.o)
 .comment       0x0000000000000000       0x2a obj_cooja/mtype64.a(vib-sensor.o)
 .comment       0x0000000000000000       0x2a obj_cooja/mtype64.a(clock.o)
 .comment       0x0000000000000000       0x2a obj_cooja/mtype64.a(log.o)
 .comment       0x0000000000000000       0x2a obj_cooja/mtype64.a(cfs-cooja.o)
 .comment       0x0000000000000000       0x2a obj_cooja/mtype64.a(cooja-radio.o)
 .comment       0x0000000000000000       0x2a obj_cooja/mtype64.a(sensors.o)
 .comment       0x0000000000000000       0x2a obj_cooja/mtype64.a(leds.o)
 .comment       0x0000000000000000       0x2a obj_cooja/mtype64.a(framer-nullmac.)
 .comment       0x0000000000000000       0x2a obj_cooja/mtype64.a(memb.o)
 .comment       0x0000000000000000       0x2a obj_cooja/mtype64.a(timer.o)
 .comment       0x0000000000000000       0x2a obj_cooja/mtype64.a(rtimer.o)
 .comment       0x0000000000000000       0x2a /usr/lib/gcc/i686-linux-gnu/4.8/crtendS.o

.debug
 *(.debug)

.line
 *(.line)

.debug_srcinfo
 *(.debug_srcinfo)

.debug_sfnames
 *(.debug_sfnames)

.debug_aranges  0x0000000000000000      0x678
 *(.debug_aranges)
 .debug_aranges
                0x0000000000000000       0x20 app.co
 .debug_aranges
                0x0000000000000020       0x20 obj_cooja/mtype64.o
 .debug_aranges
                0x0000000000000040       0x20 obj_cooja/dclock.o
 .debug_aranges
                0x0000000000000060       0x20 obj_cooja/birdlog.o
 .debug_aranges
                0x0000000000000080       0x20 obj_cooja/birddata.o
 .debug_aranges
                0x00000000000000a0       0x20 obj_cooja/birdtrace.o
 .debug_aranges
                0x00000000000000c0       0x20 obj_cooja/mtype64.a(rimeaddr.o)
 .debug_aranges
                0x00000000000000e0       0x20 obj_cooja/mtype64.a(rime.o)
 .debug_aranges
                0x0000000000000100       0x18 obj_cooja/mtype64.a(rimestats.o)
 .debug_aranges
                0x0000000000000118       0x20 obj_cooja/mtype64.a(announcement.o)
 .debug_aranges
                0x0000000000000138       0x20 obj_cooja/mtype64.a(broadcast-annou)
 .debug_aranges
                0x0000000000000158       0x20 obj_cooja/mtype64.a(broadcast.o)
 .debug_aranges
                0x0000000000000178       0x20 obj_cooja/mtype64.a(unicast.o)
 .debug_aranges
                0x0000000000000198       0x20 obj_cooja/mtype64.a(abc.o)
 .debug_aranges
                0x00000000000001b8       0x20 obj_cooja/mtype64.a(chameleon.o)
 .debug_aranges
                0x00000000000001d8       0x20 obj_cooja/mtype64.a(channel.o)
 .debug_aranges
                0x00000000000001f8       0x20 obj_cooja/mtype64.a(chameleon-bitop)
 .debug_aranges
                0x0000000000000218       0x20 obj_cooja/mtype64.a(nullmac.o)
 .debug_aranges
                0x0000000000000238       0x20 obj_cooja/mtype64.a(birdmac.o)
 .debug_aranges
                0x0000000000000258       0x20 obj_cooja/mtype64.a(process.o)
 .debug_aranges
                0x0000000000000278       0x20 obj_cooja/mtype64.a(autostart.o)
 .debug_aranges
                0x0000000000000298       0x20 obj_cooja/mtype64.a(serial-line.o)
 .debug_aranges
                0x00000000000002b8       0x20 obj_cooja/mtype64.a(list.o)
 .debug_aranges
                0x00000000000002d8       0x20 obj_cooja/mtype64.a(etimer.o)
 .debug_aranges
                0x00000000000002f8       0x20 obj_cooja/mtype64.a(ctimer.o)
 .debug_aranges
                0x0000000000000318       0x20 obj_cooja/mtype64.a(energest.o)
 .debug_aranges
                0x0000000000000338       0x20 obj_cooja/mtype64.a(random.o)
 .debug_aranges
                0x0000000000000358       0x20 obj_cooja/mtype64.a(ringbuf.o)
 .debug_aranges
                0x0000000000000378       0x20 obj_cooja/mtype64.a(netstack.o)
 .debug_aranges
                0x0000000000000398       0x20 obj_cooja/mtype64.a(packetbuf.o)
 .debug_aranges
                0x00000000000003b8       0x20 obj_cooja/mtype64.a(queuebuf.o)
 .debug_aranges
                0x00000000000003d8       0x20 obj_cooja/mtype64.a(simEnvChange.o)
 .debug_aranges
                0x00000000000003f8       0x20 obj_cooja/mtype64.a(cooja_mt.o)
 .debug_aranges
                0x0000000000000418       0x20 obj_cooja/mtype64.a(cooja_mtarch.o)
 .debug_aranges
                0x0000000000000438       0x20 obj_cooja/mtype64.a(rtimer-arch.o)
 .debug_aranges
                0x0000000000000458       0x20 obj_cooja/mtype64.a(beep.o)
 .debug_aranges
                0x0000000000000478       0x20 obj_cooja/mtype64.a(button-sensor.o)
 .debug_aranges
                0x0000000000000498       0x20 obj_cooja/mtype64.a(leds-arch.o)
 .debug_aranges
                0x00000000000004b8       0x20 obj_cooja/mtype64.a(moteid.o)
 .debug_aranges
                0x00000000000004d8       0x20 obj_cooja/mtype64.a(pir-sensor.o)
 .debug_aranges
                0x00000000000004f8       0x20 obj_cooja/mtype64.a(rs232.o)
 .debug_aranges
                0x0000000000000518       0x20 obj_cooja/mtype64.a(vib-sensor.o)
 .debug_aranges
                0x0000000000000538       0x20 obj_cooja/mtype64.a(clock.o)
 .debug_aranges
                0x0000000000000558       0x20 obj_cooja/mtype64.a(log.o)
 .debug_aranges
                0x0000000000000578       0x20 obj_cooja/mtype64.a(cfs-cooja.o)
 .debug_aranges
                0x0000000000000598       0x20 obj_cooja/mtype64.a(cooja-radio.o)
 .debug_aranges
                0x00000000000005b8       0x20 obj_cooja/mtype64.a(sensors.o)
 .debug_aranges
                0x00000000000005d8       0x20 obj_cooja/mtype64.a(leds.o)
 .debug_aranges
                0x00000000000005f8       0x20 obj_cooja/mtype64.a(framer-nullmac.)
 .debug_aranges
                0x0000000000000618       0x20 obj_cooja/mtype64.a(memb.o)
 .debug_aranges
                0x0000000000000638       0x20 obj_cooja/mtype64.a(timer.o)
 .debug_aranges
                0x0000000000000658       0x20 obj_cooja/mtype64.a(rtimer.o)

.debug_pubnames
 *(.debug_pubnames)

.debug_info     0x0000000000000000     0xea58
 *(.debug_info .gnu.linkonce.wi.*)
 .debug_info    0x0000000000000000      0x5dc app.co
 .debug_info    0x00000000000005dc     0x356d obj_cooja/mtype64.o
 .debug_info    0x0000000000003b49      0x20a obj_cooja/dclock.o
 .debug_info    0x0000000000003d53      0x1df obj_cooja/birdlog.o
 .debug_info    0x0000000000003f32      0x425 obj_cooja/birddata.o
 .debug_info    0x0000000000004357      0x2f6 obj_cooja/birdtrace.o
 .debug_info    0x000000000000464d      0x165 obj_cooja/mtype64.a(rimeaddr.o)
 .debug_info    0x00000000000047b2      0x568 obj_cooja/mtype64.a(rime.o)
 .debug_info    0x0000000000004d1a      0x119 obj_cooja/mtype64.a(rimestats.o)
 .debug_info    0x0000000000004e33      0x3a6 obj_cooja/mtype64.a(announcement.o)
 .debug_info    0x00000000000051d9      0x7bc obj_cooja/mtype64.a(broadcast-annou)
 .debug_info    0x0000000000005995      0x525 obj_cooja/mtype64.a(broadcast.o)
 .debug_info    0x0000000000005eba      0x5bc obj_cooja/mtype64.a(unicast.o)
 .debug_info    0x0000000000006476      0x409 obj_cooja/mtype64.a(abc.o)
 .debug_info    0x000000000000687f      0x3a3 obj_cooja/mtype64.a(chameleon.o)
 .debug_info    0x0000000000006c22      0x2ae obj_cooja/mtype64.a(channel.o)
 .debug_info    0x0000000000006ed0      0x72d obj_cooja/mtype64.a(chameleon-bitop)
 .debug_info    0x00000000000075fd      0x3ce obj_cooja/mtype64.a(nullmac.o)
 .debug_info    0x00000000000079cb     0x1781 obj_cooja/mtype64.a(birdmac.o)
 .debug_info    0x000000000000914c      0x4ba obj_cooja/mtype64.a(process.o)
 .debug_info    0x0000000000009606      0x1a5 obj_cooja/mtype64.a(autostart.o)
 .debug_info    0x00000000000097ab      0x2de obj_cooja/mtype64.a(serial-line.o)
 .debug_info    0x0000000000009a89      0x2ed obj_cooja/mtype64.a(list.o)
 .debug_info    0x0000000000009d76      0x46b obj_cooja/mtype64.a(etimer.o)
 .debug_info    0x000000000000a1e1      0x418 obj_cooja/mtype64.a(ctimer.o)
 .debug_info    0x000000000000a5f9       0xe8 obj_cooja/mtype64.a(energest.o)
 .debug_info    0x000000000000a6e1       0xb3 obj_cooja/mtype64.a(random.o)
 .debug_info    0x000000000000a794      0x1aa obj_cooja/mtype64.a(ringbuf.o)
 .debug_info    0x000000000000a93e      0x368 obj_cooja/mtype64.a(netstack.o)
 .debug_info    0x000000000000aca6      0x568 obj_cooja/mtype64.a(packetbuf.o)
 .debug_info    0x000000000000b20e      0x659 obj_cooja/mtype64.a(queuebuf.o)
 .debug_info    0x000000000000b867      0x15a obj_cooja/mtype64.a(simEnvChange.o)
 .debug_info    0x000000000000b9c1      0x1e2 obj_cooja/mtype64.a(cooja_mt.o)
 .debug_info    0x000000000000bba3      0x2e7 obj_cooja/mtype64.a(cooja_mtarch.o)
 .debug_info    0x000000000000be8a      0x16b obj_cooja/mtype64.a(rtimer-arch.o)
 .debug_info    0x000000000000bff5      0x1f3 obj_cooja/mtype64.a(beep.o)
 .debug_info    0x000000000000c1e8      0x257 obj_cooja/mtype64.a(button-sensor.o)
 .debug_info    0x000000000000c43f      0x132 obj_cooja/mtype64.a(leds-arch.o)
 .debug_info    0x000000000000c571      0x10a obj_cooja/mtype64.a(moteid.o)
 .debug_info    0x000000000000c67b      0x216 obj_cooja/mtype64.a(pir-sensor.o)
 .debug_info    0x000000000000c891      0x22b obj_cooja/mtype64.a(rs232.o)
 .debug_info    0x000000000000cabc      0x216 obj_cooja/mtype64.a(vib-sensor.o)
 .debug_info    0x000000000000ccd2      0x152 obj_cooja/mtype64.a(clock.o)
 .debug_info    0x000000000000ce24      0x2bb obj_cooja/mtype64.a(log.o)
 .debug_info    0x000000000000d0df      0x3d5 obj_cooja/mtype64.a(cfs-cooja.o)
 .debug_info    0x000000000000d4b4      0x8c8 obj_cooja/mtype64.a(cooja-radio.o)
 .debug_info    0x000000000000dd7c      0x36d obj_cooja/mtype64.a(sensors.o)
 .debug_info    0x000000000000e0e9      0x1a8 obj_cooja/mtype64.a(leds.o)
 .debug_info    0x000000000000e291      0x319 obj_cooja/mtype64.a(framer-nullmac.)
 .debug_info    0x000000000000e5aa      0x197 obj_cooja/mtype64.a(memb.o)
 .debug_info    0x000000000000e741      0x16c obj_cooja/mtype64.a(timer.o)
 .debug_info    0x000000000000e8ad      0x1ab obj_cooja/mtype64.a(rtimer.o)

.debug_abbrev   0x0000000000000000     0x4829
 *(.debug_abbrev)
 .debug_abbrev  0x0000000000000000      0x1cd app.co
 .debug_abbrev  0x00000000000001cd      0x2b5 obj_cooja/mtype64.o
 .debug_abbrev  0x0000000000000482       0xec obj_cooja/dclock.o
 .debug_abbrev  0x000000000000056e       0xd7 obj_cooja/birdlog.o
 .debug_abbrev  0x0000000000000645      0x14f obj_cooja/birddata.o
 .debug_abbrev  0x0000000000000794      0x149 obj_cooja/birdtrace.o
 .debug_abbrev  0x00000000000008dd       0xd8 obj_cooja/mtype64.a(rimeaddr.o)
 .debug_abbrev  0x00000000000009b5      0x1fa obj_cooja/mtype64.a(rime.o)
 .debug_abbrev  0x0000000000000baf       0x59 obj_cooja/mtype64.a(rimestats.o)
 .debug_abbrev  0x0000000000000c08      0x16f obj_cooja/mtype64.a(announcement.o)
 .debug_abbrev  0x0000000000000d77      0x20c obj_cooja/mtype64.a(broadcast-annou)
 .debug_abbrev  0x0000000000000f83      0x1f4 obj_cooja/mtype64.a(broadcast.o)
 .debug_abbrev  0x0000000000001177      0x1f4 obj_cooja/mtype64.a(unicast.o)
 .debug_abbrev  0x000000000000136b      0x188 obj_cooja/mtype64.a(abc.o)
 .debug_abbrev  0x00000000000014f3      0x1bc obj_cooja/mtype64.a(chameleon.o)
 .debug_abbrev  0x00000000000016af      0x172 obj_cooja/mtype64.a(channel.o)
 .debug_abbrev  0x0000000000001821      0x267 obj_cooja/mtype64.a(chameleon-bitop)
 .debug_abbrev  0x0000000000001a88      0x1f9 obj_cooja/mtype64.a(nullmac.o)
 .debug_abbrev  0x0000000000001c81      0x3b4 obj_cooja/mtype64.a(birdmac.o)
 .debug_abbrev  0x0000000000002035      0x244 obj_cooja/mtype64.a(process.o)
 .debug_abbrev  0x0000000000002279       0xfb obj_cooja/mtype64.a(autostart.o)
 .debug_abbrev  0x0000000000002374      0x190 obj_cooja/mtype64.a(serial-line.o)
 .debug_abbrev  0x0000000000002504      0x145 obj_cooja/mtype64.a(list.o)
 .debug_abbrev  0x0000000000002649      0x1f1 obj_cooja/mtype64.a(etimer.o)
 .debug_abbrev  0x000000000000283a      0x1a1 obj_cooja/mtype64.a(ctimer.o)
 .debug_abbrev  0x00000000000029db       0x96 obj_cooja/mtype64.a(energest.o)
 .debug_abbrev  0x0000000000002a71       0x6d obj_cooja/mtype64.a(random.o)
 .debug_abbrev  0x0000000000002ade       0xdb obj_cooja/mtype64.a(ringbuf.o)
 .debug_abbrev  0x0000000000002bb9       0xdd obj_cooja/mtype64.a(netstack.o)
 .debug_abbrev  0x0000000000002c96      0x235 obj_cooja/mtype64.a(packetbuf.o)
 .debug_abbrev  0x0000000000002ecb      0x1da obj_cooja/mtype64.a(queuebuf.o)
 .debug_abbrev  0x00000000000030a5       0xc3 obj_cooja/mtype64.a(simEnvChange.o)
 .debug_abbrev  0x0000000000003168       0xe6 obj_cooja/mtype64.a(cooja_mt.o)
 .debug_abbrev  0x000000000000324e      0x147 obj_cooja/mtype64.a(cooja_mtarch.o)
 .debug_abbrev  0x0000000000003395       0xcc obj_cooja/mtype64.a(rtimer-arch.o)
 .debug_abbrev  0x0000000000003461       0xe3 obj_cooja/mtype64.a(beep.o)
 .debug_abbrev  0x0000000000003544      0x11c obj_cooja/mtype64.a(button-sensor.o)
 .debug_abbrev  0x0000000000003660       0xe1 obj_cooja/mtype64.a(leds-arch.o)
 .debug_abbrev  0x0000000000003741       0x9c obj_cooja/mtype64.a(moteid.o)
 .debug_abbrev  0x00000000000037dd       0xe6 obj_cooja/mtype64.a(pir-sensor.o)
 .debug_abbrev  0x00000000000038c3      0x160 obj_cooja/mtype64.a(rs232.o)
 .debug_abbrev  0x0000000000003a23       0xe6 obj_cooja/mtype64.a(vib-sensor.o)
 .debug_abbrev  0x0000000000003b09       0xee obj_cooja/mtype64.a(clock.o)
 .debug_abbrev  0x0000000000003bf7      0x141 obj_cooja/mtype64.a(log.o)
 .debug_abbrev  0x0000000000003d38      0x158 obj_cooja/mtype64.a(cfs-cooja.o)
 .debug_abbrev  0x0000000000003e90      0x291 obj_cooja/mtype64.a(cooja-radio.o)
 .debug_abbrev  0x0000000000004121      0x1c2 obj_cooja/mtype64.a(sensors.o)
 .debug_abbrev  0x00000000000042e3       0xbb obj_cooja/mtype64.a(leds.o)
 .debug_abbrev  0x000000000000439e      0x18e obj_cooja/mtype64.a(framer-nullmac.)
 .debug_abbrev  0x000000000000452c       0xe4 obj_cooja/mtype64.a(memb.o)
 .debug_abbrev  0x0000000000004610       0xf5 obj_cooja/mtype64.a(timer.o)
 .debug_abbrev  0x0000000000004705      0x124 obj_cooja/mtype64.a(rtimer.o)

.debug_line     0x0000000000000000     0x3d0c
 *(.debug_line .debug_line.* .debug_line_end)
 .debug_line    0x0000000000000000      0x18d app.co
 .debug_line    0x000000000000018d      0x3b8 obj_cooja/mtype64.o
 .debug_line    0x0000000000000545       0x96 obj_cooja/dclock.o
 .debug_line    0x00000000000005db       0xa4 obj_cooja/birdlog.o
 .debug_line    0x000000000000067f       0xed obj_cooja/birddata.o
 .debug_line    0x000000000000076c      0x105 obj_cooja/birdtrace.o
 .debug_line    0x0000000000000871       0x7e obj_cooja/mtype64.a(rimeaddr.o)
 .debug_line    0x00000000000008ef      0x15d obj_cooja/mtype64.a(rime.o)
 .debug_line    0x0000000000000a4c       0x65 obj_cooja/mtype64.a(rimestats.o)
 .debug_line    0x0000000000000ab1      0x109 obj_cooja/mtype64.a(announcement.o)
 .debug_line    0x0000000000000bba      0x1e8 obj_cooja/mtype64.a(broadcast-annou)
 .debug_line    0x0000000000000da2       0xfb obj_cooja/mtype64.a(broadcast.o)
 .debug_line    0x0000000000000e9d      0x106 obj_cooja/mtype64.a(unicast.o)
 .debug_line    0x0000000000000fa3       0xd4 obj_cooja/mtype64.a(abc.o)
 .debug_line    0x0000000000001077       0xea obj_cooja/mtype64.a(chameleon.o)
 .debug_line    0x0000000000001161       0xf3 obj_cooja/mtype64.a(channel.o)
 .debug_line    0x0000000000001254      0x1ed obj_cooja/mtype64.a(chameleon-bitop)
 .debug_line    0x0000000000001441       0xef obj_cooja/mtype64.a(nullmac.o)
 .debug_line    0x0000000000001530      0xa67 obj_cooja/mtype64.a(birdmac.o)
 .debug_line    0x0000000000001f97      0x16b obj_cooja/mtype64.a(process.o)
 .debug_line    0x0000000000002102       0xaa obj_cooja/mtype64.a(autostart.o)
 .debug_line    0x00000000000021ac      0x10c obj_cooja/mtype64.a(serial-line.o)
 .debug_line    0x00000000000022b8      0x105 obj_cooja/mtype64.a(list.o)
 .debug_line    0x00000000000023bd      0x183 obj_cooja/mtype64.a(etimer.o)
 .debug_line    0x0000000000002540      0x175 obj_cooja/mtype64.a(ctimer.o)
 .debug_line    0x00000000000026b5       0x51 obj_cooja/mtype64.a(energest.o)
 .debug_line    0x0000000000002706       0x4c obj_cooja/mtype64.a(random.o)
 .debug_line    0x0000000000002752       0xa6 obj_cooja/mtype64.a(ringbuf.o)
 .debug_line    0x00000000000027f8       0xb0 obj_cooja/mtype64.a(netstack.o)
 .debug_line    0x00000000000028a8      0x160 obj_cooja/mtype64.a(packetbuf.o)
 .debug_line    0x0000000000002a08      0x126 obj_cooja/mtype64.a(queuebuf.o)
 .debug_line    0x0000000000002b2e       0xd4 obj_cooja/mtype64.a(simEnvChange.o)
 .debug_line    0x0000000000002c02       0xc6 obj_cooja/mtype64.a(cooja_mt.o)
 .debug_line    0x0000000000002cc8       0xf8 obj_cooja/mtype64.a(cooja_mtarch.o)
 .debug_line    0x0000000000002dc0       0xb0 obj_cooja/mtype64.a(rtimer-arch.o)
 .debug_line    0x0000000000002e70       0xc3 obj_cooja/mtype64.a(beep.o)
 .debug_line    0x0000000000002f33      0x12f obj_cooja/mtype64.a(button-sensor.o)
 .debug_line    0x0000000000003062       0x8e obj_cooja/mtype64.a(leds-arch.o)
 .debug_line    0x00000000000030f0       0x84 obj_cooja/mtype64.a(moteid.o)
 .debug_line    0x0000000000003174       0xbf obj_cooja/mtype64.a(pir-sensor.o)
 .debug_line    0x0000000000003233       0xc1 obj_cooja/mtype64.a(rs232.o)
 .debug_line    0x00000000000032f4       0xbf obj_cooja/mtype64.a(vib-sensor.o)
 .debug_line    0x00000000000033b3       0xb4 obj_cooja/mtype64.a(clock.o)
 .debug_line    0x0000000000003467      0x111 obj_cooja/mtype64.a(log.o)
 .debug_line    0x0000000000003578       0xff obj_cooja/mtype64.a(cfs-cooja.o)
 .debug_line    0x0000000000003677      0x217 obj_cooja/mtype64.a(cooja-radio.o)
 .debug_line    0x000000000000388e      0x11f obj_cooja/mtype64.a(sensors.o)
 .debug_line    0x00000000000039ad       0x6d obj_cooja/mtype64.a(leds.o)
 .debug_line    0x0000000000003a1a       0xf2 obj_cooja/mtype64.a(framer-nullmac.)
 .debug_line    0x0000000000003b0c       0xb3 obj_cooja/mtype64.a(memb.o)
 .debug_line    0x0000000000003bbf       0xa7 obj_cooja/mtype64.a(timer.o)
 .debug_line    0x0000000000003c66       0xa6 obj_cooja/mtype64.a(rtimer.o)

.debug_frame
 *(.debug_frame)

.debug_str      0x0000000000000000     0x46a1
 *(.debug_str)
 .debug_str     0x0000000000000000      0x283 app.co
                                        0x347 (size before relaxing)
 .debug_str     0x0000000000000283     0x179a obj_cooja/mtype64.o
                                       0x1a39 (size before relaxing)
 .debug_str     0x0000000000001a1d       0xa8 obj_cooja/dclock.o
                                        0x1ca (size before relaxing)
 .debug_str     0x0000000000001ac5       0x8e obj_cooja/birdlog.o
                                        0x1af (size before relaxing)
 .debug_str     0x0000000000001b53      0x14c obj_cooja/birddata.o
                                        0x274 (size before relaxing)
 .debug_str     0x0000000000001c9f      0x1e8 obj_cooja/birdtrace.o
                                        0x369 (size before relaxing)
 .debug_str     0x0000000000001e87       0x6a obj_cooja/mtype64.a(rimeaddr.o)
                                        0x19a (size before relaxing)
 .debug_str     0x0000000000001ef1      0x178 obj_cooja/mtype64.a(rime.o)
                                        0x3c3 (size before relaxing)
 .debug_str     0x0000000000002069       0x20 obj_cooja/mtype64.a(rimestats.o)
                                        0x13f (size before relaxing)
 .debug_str     0x0000000000002089      0x19f obj_cooja/mtype64.a(announcement.o)
                                        0x328 (size before relaxing)
 .debug_str     0x0000000000002228      0x187 obj_cooja/mtype64.a(broadcast-annou)
                                        0x480 (size before relaxing)
 .debug_str     0x00000000000023af      0x34e obj_cooja/mtype64.a(broadcast.o)
                                        0x584 (size before relaxing)
 .debug_str     0x00000000000026fd       0x75 obj_cooja/mtype64.a(unicast.o)
                                        0x5ae (size before relaxing)
 .debug_str     0x0000000000002772       0x49 obj_cooja/mtype64.a(abc.o)
                                        0x515 (size before relaxing)
 .debug_str     0x00000000000027bb       0x97 obj_cooja/mtype64.a(chameleon.o)
                                        0x52c (size before relaxing)
 .debug_str     0x0000000000002852       0x8b obj_cooja/mtype64.a(channel.o)
                                        0x24e (size before relaxing)
 .debug_str     0x00000000000028dd       0xc4 obj_cooja/mtype64.a(chameleon-bitop)
                                        0x5c3 (size before relaxing)
 .debug_str     0x00000000000029a1       0x44 obj_cooja/mtype64.a(nullmac.o)
                                        0x26c (size before relaxing)
 .debug_str     0x00000000000029e5      0x7c5 obj_cooja/mtype64.a(birdmac.o)
                                        0xefd (size before relaxing)
 .debug_str     0x00000000000031aa      0x15d obj_cooja/mtype64.a(process.o)
                                        0x2d3 (size before relaxing)
 .debug_str     0x0000000000003307       0x3a obj_cooja/mtype64.a(autostart.o)
                                        0x194 (size before relaxing)
 .debug_str     0x0000000000003341       0xb4 obj_cooja/mtype64.a(serial-line.o)
                                        0x25c (size before relaxing)
 .debug_str     0x00000000000033f5       0xa8 obj_cooja/mtype64.a(list.o)
                                        0x13d (size before relaxing)
 .debug_str     0x000000000000349d      0x133 obj_cooja/mtype64.a(etimer.o)
                                        0x2e9 (size before relaxing)
 .debug_str     0x00000000000035d0       0xb9 obj_cooja/mtype64.a(ctimer.o)
                                        0x27d (size before relaxing)
 .debug_str     0x0000000000003689       0x5c obj_cooja/mtype64.a(energest.o)
                                        0x15f (size before relaxing)
 .debug_str     0x00000000000036e5       0x35 obj_cooja/mtype64.a(random.o)
                                        0x141 (size before relaxing)
 .debug_str     0x000000000000371a       0x5c obj_cooja/mtype64.a(ringbuf.o)
                                        0x191 (size before relaxing)
 .debug_str     0x0000000000003776       0x28 obj_cooja/mtype64.a(netstack.o)
                                        0x23e (size before relaxing)
 .debug_str     0x000000000000379e      0x1df obj_cooja/mtype64.a(packetbuf.o)
                                        0x663 (size before relaxing)
 .debug_str     0x000000000000397d      0x18a obj_cooja/mtype64.a(queuebuf.o)
                                        0x631 (size before relaxing)
 .debug_str     0x0000000000003b07       0x28 obj_cooja/mtype64.a(simEnvChange.o)
                                        0x1cf (size before relaxing)
 .debug_str     0x0000000000003b2f       0x85 obj_cooja/mtype64.a(cooja_mt.o)
                                        0x202 (size before relaxing)
 .debug_str     0x0000000000003bb4       0xf5 obj_cooja/mtype64.a(cooja_mtarch.o)
                                        0x27f (size before relaxing)
 .debug_str     0x0000000000003ca9       0xbd obj_cooja/mtype64.a(rtimer-arch.o)
                                        0x21d (size before relaxing)
 .debug_str     0x0000000000003d66       0xbe obj_cooja/mtype64.a(beep.o)
                                        0x216 (size before relaxing)
 .debug_str     0x0000000000003e24       0x6a obj_cooja/mtype64.a(button-sensor.o)
                                        0x246 (size before relaxing)
 .debug_str     0x0000000000003e8e       0x5d obj_cooja/mtype64.a(leds-arch.o)
                                        0x1e1 (size before relaxing)
 .debug_str     0x0000000000003eeb       0x41 obj_cooja/mtype64.a(moteid.o)
                                        0x1cc (size before relaxing)
 .debug_str     0x0000000000003f2c       0x4f obj_cooja/mtype64.a(pir-sensor.o)
                                        0x203 (size before relaxing)
 .debug_str     0x0000000000003f7b       0xd5 obj_cooja/mtype64.a(rs232.o)
                                        0x26c (size before relaxing)
 .debug_str     0x0000000000004050       0x4f obj_cooja/mtype64.a(vib-sensor.o)
                                        0x203 (size before relaxing)
 .debug_str     0x000000000000409f       0x51 obj_cooja/mtype64.a(clock.o)
                                        0x1f8 (size before relaxing)
 .debug_str     0x00000000000040f0       0xb8 obj_cooja/mtype64.a(log.o)
                                        0x286 (size before relaxing)
 .debug_str     0x00000000000041a8      0x107 obj_cooja/mtype64.a(cfs-cooja.o)
                                        0x2a4 (size before relaxing)
 .debug_str     0x00000000000042af      0x1a1 obj_cooja/mtype64.a(cooja-radio.o)
                                        0x5e7 (size before relaxing)
 .debug_str     0x0000000000004450       0xa2 obj_cooja/mtype64.a(sensors.o)
                                        0x271 (size before relaxing)
 .debug_str     0x00000000000044f2       0x6c obj_cooja/mtype64.a(leds.o)
                                        0x17e (size before relaxing)
 .debug_str     0x000000000000455e       0x30 obj_cooja/mtype64.a(framer-nullmac.)
                                        0x4d1 (size before relaxing)
 .debug_str     0x000000000000458e       0x46 obj_cooja/mtype64.a(memb.o)
                                        0x162 (size before relaxing)
 .debug_str     0x00000000000045d4       0x27 obj_cooja/mtype64.a(timer.o)
                                        0x17e (size before relaxing)
 .debug_str     0x00000000000045fb       0xa6 obj_cooja/mtype64.a(rtimer.o)
                                        0x1d6 (size before relaxing)

.debug_loc
 *(.debug_loc)

.debug_macinfo
 *(.debug_macinfo)

.debug_weaknames
 *(.debug_weaknames)

.debug_funcnames
 *(.debug_funcnames)

.debug_typenames
 *(.debug_typenames)

.debug_varnames
 *(.debug_varnames)

.debug_pubtypes
 *(.debug_pubtypes)

.debug_ranges
 *(.debug_ranges)

.debug_macro
 *(.debug_macro)

.gnu.attributes
 *(.gnu.attributes)

/DISCARD/
 *(.note.GNU-stack)
 *(.gnu_debuglink)
 *(.gnu.lto_*)
OUTPUT(obj_cooja/mtype64.cooja elf32-i386)
